[0/2] Re-checking globbed directories...
[1/2] Building CXX object src/CMakeFiles/horiba_cpp_sdk.dir/communication/websocket_communicator.cpp.o
Checking /Users/saga/Documents/cpp_projects/horiba-cpp-sdk/src/communication/websocket_communicator.cpp ...
In file included from /Users/saga/Documents/cpp_projects/horiba-cpp-sdk/src/communication/websocket_communicator.cpp:1:
In file included from /Users/saga/Documents/cpp_projects/horiba-cpp-sdk/include/horiba_cpp_sdk/communication/websocket_communicator.h:4:
In file included from /Users/saga/Documents/cpp_projects/horiba-cpp-sdk/build/_deps/boost-src/libs/asio/include/boost/asio/connect.hpp:20:
In file included from /Users/saga/Documents/cpp_projects/horiba-cpp-sdk/build/_deps/boost-src/libs/asio/include/boost/asio/basic_socket.hpp:23:
In file included from /Users/saga/Documents/cpp_projects/horiba-cpp-sdk/build/_deps/boost-src/libs/asio/include/boost/asio/detail/io_object_impl.hpp:23:
In file included from /Users/saga/Documents/cpp_projects/horiba-cpp-sdk/build/_deps/boost-src/libs/asio/include/boost/asio/io_context.hpp:41:
In file included from /Users/saga/Documents/cpp_projects/horiba-cpp-sdk/build/_deps/boost-src/libs/asio/include/boost/asio/detail/scheduler.hpp:28:
In file included from /Users/saga/Documents/cpp_projects/horiba-cpp-sdk/build/_deps/boost-src/libs/asio/include/boost/asio/detail/thread.hpp:23:
In file included from /Users/saga/Documents/cpp_projects/horiba-cpp-sdk/build/_deps/boost-src/libs/asio/include/boost/asio/detail/posix_thread.hpp:106:
/Users/saga/Documents/cpp_projects/horiba-cpp-sdk/build/_deps/boost-src/libs/asio/include/boost/asio/detail/impl/posix_thread.ipp:52:12: warning: implicit conversion changes signedness: 'long' to 'std::size_t' (aka 'unsigned long') [-Wsign-conversion]
    return result;
    ~~~~~~ ^~~~~~
In file included from /Users/saga/Documents/cpp_projects/horiba-cpp-sdk/src/communication/websocket_communicator.cpp:1:
In file included from /Users/saga/Documents/cpp_projects/horiba-cpp-sdk/include/horiba_cpp_sdk/communication/websocket_communicator.h:4:
In file included from /Users/saga/Documents/cpp_projects/horiba-cpp-sdk/build/_deps/boost-src/libs/asio/include/boost/asio/connect.hpp:20:
In file included from /Users/saga/Documents/cpp_projects/horiba-cpp-sdk/build/_deps/boost-src/libs/asio/include/boost/asio/basic_socket.hpp:23:
In file included from /Users/saga/Documents/cpp_projects/horiba-cpp-sdk/build/_deps/boost-src/libs/asio/include/boost/asio/detail/io_object_impl.hpp:23:
In file included from /Users/saga/Documents/cpp_projects/horiba-cpp-sdk/build/_deps/boost-src/libs/asio/include/boost/asio/io_context.hpp:41:
In file included from /Users/saga/Documents/cpp_projects/horiba-cpp-sdk/build/_deps/boost-src/libs/asio/include/boost/asio/detail/scheduler.hpp:240:
In file included from /Users/saga/Documents/cpp_projects/horiba-cpp-sdk/build/_deps/boost-src/libs/asio/include/boost/asio/detail/impl/scheduler.ipp:30:
In file included from /Users/saga/Documents/cpp_projects/horiba-cpp-sdk/build/_deps/boost-src/libs/asio/include/boost/asio/detail/reactor.hpp:27:
In file included from /Users/saga/Documents/cpp_projects/horiba-cpp-sdk/build/_deps/boost-src/libs/asio/include/boost/asio/detail/kqueue_reactor.hpp:33:
In file included from /Users/saga/Documents/cpp_projects/horiba-cpp-sdk/build/_deps/boost-src/libs/asio/include/boost/asio/detail/select_interrupter.hpp:27:
In file included from /Users/saga/Documents/cpp_projects/horiba-cpp-sdk/build/_deps/boost-src/libs/asio/include/boost/asio/detail/pipe_select_interrupter.hpp:82:
In file included from /Users/saga/Documents/cpp_projects/horiba-cpp-sdk/build/_deps/boost-src/libs/asio/include/boost/asio/detail/impl/pipe_select_interrupter.ipp:31:
/Users/saga/Documents/cpp_projects/horiba-cpp-sdk/build/_deps/boost-src/libs/asio/include/boost/asio/detail/socket_types.hpp:419:40: warning: implicit conversion changes signedness: 'unsigned int' to 'const int' [-Wsign-conversion]
const int custom_socket_option_level = 0xA5100000;
          ~~~~~~~~~~~~~~~~~~~~~~~~~~   ^~~~~~~~~~
In file included from /Users/saga/Documents/cpp_projects/horiba-cpp-sdk/src/communication/websocket_communicator.cpp:1:
In file included from /Users/saga/Documents/cpp_projects/horiba-cpp-sdk/include/horiba_cpp_sdk/communication/websocket_communicator.h:4:
In file included from /Users/saga/Documents/cpp_projects/horiba-cpp-sdk/build/_deps/boost-src/libs/asio/include/boost/asio/connect.hpp:20:
In file included from /Users/saga/Documents/cpp_projects/horiba-cpp-sdk/build/_deps/boost-src/libs/asio/include/boost/asio/basic_socket.hpp:39:
In file included from /Users/saga/Documents/cpp_projects/horiba-cpp-sdk/build/_deps/boost-src/libs/asio/include/boost/asio/detail/reactive_socket_service.hpp:31:
In file included from /Users/saga/Documents/cpp_projects/horiba-cpp-sdk/build/_deps/boost-src/libs/asio/include/boost/asio/detail/reactive_socket_accept_op.hpp:25:
In file included from /Users/saga/Documents/cpp_projects/horiba-cpp-sdk/build/_deps/boost-src/libs/asio/include/boost/asio/detail/socket_holder.hpp:20:
In file included from /Users/saga/Documents/cpp_projects/horiba-cpp-sdk/build/_deps/boost-src/libs/asio/include/boost/asio/detail/socket_ops.hpp:374:
/Users/saga/Documents/cpp_projects/horiba-cpp-sdk/build/_deps/boost-src/libs/asio/include/boost/asio/detail/impl/socket_ops.ipp:100:39: warning: use of old-style cast [-Wold-style-cast]
  SockLenType tmp_addrlen = addrlen ? (SockLenType)*addrlen : 0;
                                      ^            ~~~~~~~~
/Users/saga/Documents/cpp_projects/horiba-cpp-sdk/build/_deps/boost-src/libs/asio/include/boost/asio/detail/impl/socket_ops.ipp:105:16: warning: use of old-style cast [-Wold-style-cast]
    *addrlen = (std::size_t)tmp_addrlen;
               ^            ~~~~~~~~~~~
/Users/saga/Documents/cpp_projects/horiba-cpp-sdk/build/_deps/boost-src/libs/asio/include/boost/asio/detail/impl/socket_ops.ipp:280:7: warning: use of old-style cast [-Wold-style-cast]
      (SockLenType)addrlen);
      ^            ~~~~~~~
/Users/saga/Documents/cpp_projects/horiba-cpp-sdk/build/_deps/boost-src/libs/asio/include/boost/asio/detail/impl/socket_ops.ipp:472:7: warning: use of old-style cast [-Wold-style-cast]
      (SockLenType)addrlen);
      ^            ~~~~~~~
/Users/saga/Documents/cpp_projects/horiba-cpp-sdk/build/_deps/boost-src/libs/asio/include/boost/asio/detail/impl/socket_ops.ipp:848:14: warning: implicit conversion changes signedness: 'signed_size_type' (aka 'long') to 'size_t' (aka 'unsigned long') [-Wsign-conversion]
      return bytes;
      ~~~~~~ ^~~~~
/Users/saga/Documents/cpp_projects/horiba-cpp-sdk/build/_deps/boost-src/libs/asio/include/boost/asio/detail/impl/socket_ops.ipp:893:14: warning: implicit conversion changes signedness: 'signed_size_type' (aka 'long') to 'size_t' (aka 'unsigned long') [-Wsign-conversion]
      return bytes;
      ~~~~~~ ^~~~~
/Users/saga/Documents/cpp_projects/horiba-cpp-sdk/build/_deps/boost-src/libs/asio/include/boost/asio/detail/impl/socket_ops.ipp:960:27: warning: implicit conversion changes signedness: 'signed_size_type' (aka 'long') to 'size_t' (aka 'unsigned long') [-Wsign-conversion]
      bytes_transferred = bytes;
                        ~ ^~~~~
/Users/saga/Documents/cpp_projects/horiba-cpp-sdk/build/_deps/boost-src/libs/asio/include/boost/asio/detail/impl/socket_ops.ipp:998:27: warning: implicit conversion changes signedness: 'signed_size_type' (aka 'long') to 'size_t' (aka 'unsigned long') [-Wsign-conversion]
      bytes_transferred = bytes;
                        ~ ^~~~~
/Users/saga/Documents/cpp_projects/horiba-cpp-sdk/build/_deps/boost-src/libs/asio/include/boost/asio/detail/impl/socket_ops.ipp:1045:21: warning: implicit conversion changes signedness: 'int' to 'socklen_t' (aka 'unsigned int') [-Wsign-conversion]
  msg.msg_namelen = static_cast<int>(*addrlen);
                  ~ ^~~~~~~~~~~~~~~~~~~~~~~~~~
/Users/saga/Documents/cpp_projects/horiba-cpp-sdk/build/_deps/boost-src/libs/asio/include/boost/asio/detail/impl/socket_ops.ipp:1059:39: warning: use of old-style cast [-Wold-style-cast]
  SockLenType tmp_addrlen = addrlen ? (SockLenType)*addrlen : 0;
                                      ^            ~~~~~~~~
/Users/saga/Documents/cpp_projects/horiba-cpp-sdk/build/_deps/boost-src/libs/asio/include/boost/asio/detail/impl/socket_ops.ipp:1063:16: warning: use of old-style cast [-Wold-style-cast]
    *addrlen = (std::size_t)tmp_addrlen;
               ^            ~~~~~~~~~~~
/Users/saga/Documents/cpp_projects/horiba-cpp-sdk/build/_deps/boost-src/libs/asio/include/boost/asio/detail/impl/socket_ops.ipp:1118:14: warning: implicit conversion changes signedness: 'signed_size_type' (aka 'long') to 'size_t' (aka 'unsigned long') [-Wsign-conversion]
      return bytes;
      ~~~~~~ ^~~~~
/Users/saga/Documents/cpp_projects/horiba-cpp-sdk/build/_deps/boost-src/libs/asio/include/boost/asio/detail/impl/socket_ops.ipp:1150:14: warning: implicit conversion changes signedness: 'signed_size_type' (aka 'long') to 'size_t' (aka 'unsigned long') [-Wsign-conversion]
      return bytes;
      ~~~~~~ ^~~~~
/Users/saga/Documents/cpp_projects/horiba-cpp-sdk/build/_deps/boost-src/libs/asio/include/boost/asio/detail/impl/socket_ops.ipp:1203:27: warning: implicit conversion changes signedness: 'signed_size_type' (aka 'long') to 'size_t' (aka 'unsigned long') [-Wsign-conversion]
      bytes_transferred = bytes;
                        ~ ^~~~~
/Users/saga/Documents/cpp_projects/horiba-cpp-sdk/build/_deps/boost-src/libs/asio/include/boost/asio/detail/impl/socket_ops.ipp:1235:27: warning: implicit conversion changes signedness: 'signed_size_type' (aka 'long') to 'size_t' (aka 'unsigned long') [-Wsign-conversion]
      bytes_transferred = bytes;
                        ~ ^~~~~
/Users/saga/Documents/cpp_projects/horiba-cpp-sdk/build/_deps/boost-src/libs/asio/include/boost/asio/detail/impl/socket_ops.ipp:1295:14: warning: implicit conversion changes signedness: 'signed_size_type' (aka 'long') to 'size_t' (aka 'unsigned long') [-Wsign-conversion]
      return bytes;
      ~~~~~~ ^~~~~
/Users/saga/Documents/cpp_projects/horiba-cpp-sdk/build/_deps/boost-src/libs/asio/include/boost/asio/detail/impl/socket_ops.ipp:1348:27: warning: implicit conversion changes signedness: 'signed_size_type' (aka 'long') to 'size_t' (aka 'unsigned long') [-Wsign-conversion]
      bytes_transferred = bytes;
                        ~ ^~~~~
/Users/saga/Documents/cpp_projects/horiba-cpp-sdk/build/_deps/boost-src/libs/asio/include/boost/asio/detail/impl/socket_ops.ipp:1457:14: warning: implicit conversion changes signedness: 'signed_size_type' (aka 'long') to 'size_t' (aka 'unsigned long') [-Wsign-conversion]
      return bytes;
      ~~~~~~ ^~~~~
/Users/saga/Documents/cpp_projects/horiba-cpp-sdk/build/_deps/boost-src/libs/asio/include/boost/asio/detail/impl/socket_ops.ipp:1495:14: warning: implicit conversion changes signedness: 'signed_size_type' (aka 'long') to 'size_t' (aka 'unsigned long') [-Wsign-conversion]
      return bytes;
      ~~~~~~ ^~~~~
/Users/saga/Documents/cpp_projects/horiba-cpp-sdk/build/_deps/boost-src/libs/asio/include/boost/asio/detail/impl/socket_ops.ipp:1543:27: warning: implicit conversion changes signedness: 'signed_size_type' (aka 'long') to 'size_t' (aka 'unsigned long') [-Wsign-conversion]
      bytes_transferred = bytes;
                        ~ ^~~~~
/Users/saga/Documents/cpp_projects/horiba-cpp-sdk/build/_deps/boost-src/libs/asio/include/boost/asio/detail/impl/socket_ops.ipp:1574:27: warning: implicit conversion changes signedness: 'signed_size_type' (aka 'long') to 'size_t' (aka 'unsigned long') [-Wsign-conversion]
      bytes_transferred = bytes;
                        ~ ^~~~~
/Users/saga/Documents/cpp_projects/horiba-cpp-sdk/build/_deps/boost-src/libs/asio/include/boost/asio/detail/impl/socket_ops.ipp:1619:21: warning: implicit conversion changes signedness: 'int' to 'socklen_t' (aka 'unsigned int') [-Wsign-conversion]
  msg.msg_namelen = static_cast<int>(addrlen);
                  ~ ^~~~~~~~~~~~~~~~~~~~~~~~~
/Users/saga/Documents/cpp_projects/horiba-cpp-sdk/build/_deps/boost-src/libs/asio/include/boost/asio/detail/impl/socket_ops.ipp:1637:51: warning: use of old-style cast [-Wold-style-cast]
      static_cast<const socket_addr_type*>(addr), (SockLenType)addrlen);
                                                  ^            ~~~~~~~
/Users/saga/Documents/cpp_projects/horiba-cpp-sdk/build/_deps/boost-src/libs/asio/include/boost/asio/detail/impl/socket_ops.ipp:1692:14: warning: implicit conversion changes signedness: 'signed_size_type' (aka 'long') to 'size_t' (aka 'unsigned long') [-Wsign-conversion]
      return bytes;
      ~~~~~~ ^~~~~
/Users/saga/Documents/cpp_projects/horiba-cpp-sdk/build/_deps/boost-src/libs/asio/include/boost/asio/detail/impl/socket_ops.ipp:1725:14: warning: implicit conversion changes signedness: 'signed_size_type' (aka 'long') to 'size_t' (aka 'unsigned long') [-Wsign-conversion]
      return bytes;
      ~~~~~~ ^~~~~
/Users/saga/Documents/cpp_projects/horiba-cpp-sdk/build/_deps/boost-src/libs/asio/include/boost/asio/detail/impl/socket_ops.ipp:1755:27: warning: implicit conversion changes signedness: 'signed_size_type' (aka 'long') to 'size_t' (aka 'unsigned long') [-Wsign-conversion]
      bytes_transferred = bytes;
                        ~ ^~~~~
/Users/saga/Documents/cpp_projects/horiba-cpp-sdk/build/_deps/boost-src/libs/asio/include/boost/asio/detail/impl/socket_ops.ipp:1788:27: warning: implicit conversion changes signedness: 'signed_size_type' (aka 'long') to 'size_t' (aka 'unsigned long') [-Wsign-conversion]
      bytes_transferred = bytes;
                        ~ ^~~~~
/Users/saga/Documents/cpp_projects/horiba-cpp-sdk/build/_deps/boost-src/libs/asio/include/boost/asio/detail/impl/socket_ops.ipp:1859:7: warning: use of old-style cast [-Wold-style-cast]
      (const char*)optval, (SockLenType)optlen);
      ^            ~~~~~~
/Users/saga/Documents/cpp_projects/horiba-cpp-sdk/build/_deps/boost-src/libs/asio/include/boost/asio/detail/impl/socket_ops.ipp:1859:28: warning: use of old-style cast [-Wold-style-cast]
      (const char*)optval, (SockLenType)optlen);
                           ^            ~~~~~~
/Users/saga/Documents/cpp_projects/horiba-cpp-sdk/build/_deps/boost-src/libs/asio/include/boost/asio/detail/impl/socket_ops.ipp:1944:28: warning: use of old-style cast [-Wold-style-cast]
  SockLenType tmp_optlen = (SockLenType)*optlen;
                           ^            ~~~~~~~
/Users/saga/Documents/cpp_projects/horiba-cpp-sdk/build/_deps/boost-src/libs/asio/include/boost/asio/detail/impl/socket_ops.ipp:1945:48: warning: use of old-style cast [-Wold-style-cast]
  int result = ::getsockopt(s, level, optname, (char*)optval, &tmp_optlen);
                                               ^      ~~~~~~
/Users/saga/Documents/cpp_projects/horiba-cpp-sdk/build/_deps/boost-src/libs/asio/include/boost/asio/detail/impl/socket_ops.ipp:1946:13: warning: use of old-style cast [-Wold-style-cast]
  *optlen = (std::size_t)tmp_optlen;
            ^            ~~~~~~~~~~
/Users/saga/Documents/cpp_projects/horiba-cpp-sdk/build/_deps/boost-src/libs/asio/include/boost/asio/detail/impl/socket_ops.ipp:2049:29: warning: use of old-style cast [-Wold-style-cast]
  SockLenType tmp_addrlen = (SockLenType)*addrlen;
                            ^            ~~~~~~~~
/Users/saga/Documents/cpp_projects/horiba-cpp-sdk/build/_deps/boost-src/libs/asio/include/boost/asio/detail/impl/socket_ops.ipp:2052:14: warning: use of old-style cast [-Wold-style-cast]
  *addrlen = (std::size_t)tmp_addrlen;
             ^            ~~~~~~~~~~~
/Users/saga/Documents/cpp_projects/horiba-cpp-sdk/build/_deps/boost-src/libs/asio/include/boost/asio/detail/impl/socket_ops.ipp:2102:29: warning: use of old-style cast [-Wold-style-cast]
  SockLenType tmp_addrlen = (SockLenType)*addrlen;
                            ^            ~~~~~~~~
/Users/saga/Documents/cpp_projects/horiba-cpp-sdk/build/_deps/boost-src/libs/asio/include/boost/asio/detail/impl/socket_ops.ipp:2105:14: warning: use of old-style cast [-Wold-style-cast]
  *addrlen = (std::size_t)tmp_addrlen;
             ^            ~~~~~~~~~~~
/Users/saga/Documents/cpp_projects/horiba-cpp-sdk/build/_deps/boost-src/libs/asio/include/boost/asio/detail/impl/socket_ops.ipp:2508:51: warning: implicit conversion changes signedness: 'int' to 'socklen_t' (aka 'unsigned int') [-Wsign-conversion]
  const char* result = ::inet_ntop(af, src, dest, static_cast<int>(length));
                       ~~                         ^~~~~~~~~~~~~~~~~~~~~~~~
/Users/saga/Documents/cpp_projects/horiba-cpp-sdk/build/_deps/boost-src/libs/asio/include/boost/asio/detail/impl/socket_ops.ipp:2760:34: warning: implicit conversion changes signedness: 'long' to 'size_t' (aka 'unsigned long') [-Wsign-conversion]
    memcpy(src_buf, src, if_name - src);
    ~~~~~~               ~~~~~~~~^~~~~
/Users/saga/Documents/cpp_projects/horiba-cpp-sdk/build/_deps/boost-src/libs/asio/include/boost/asio/detail/impl/socket_ops.ipp:2783:21: warning: implicit conversion changes signedness: 'int' to 'unsigned long' [-Wsign-conversion]
        *scope_id = atoi(if_name + 1);
                  ~ ^~~~~~~~~~~~~~~~~
/Users/saga/Documents/cpp_projects/horiba-cpp-sdk/build/_deps/boost-src/libs/asio/include/boost/asio/detail/impl/socket_ops.ipp:2822:36: warning: implicit conversion changes signedness: 'int' to 'size_t' (aka 'unsigned long') [-Wsign-conversion]
  int result = ::gethostname(name, namelen);
               ~~                  ^~~~~~~
/Users/saga/Documents/cpp_projects/horiba-cpp-sdk/build/_deps/boost-src/libs/asio/include/boost/asio/detail/impl/socket_ops.ipp:3755:47: warning: implicit conversion loses integer precision: 'int' to 'u_short_type' (aka 'unsigned short') [-Wimplicit-int-conversion]
    u_short_type port = host_to_network_short(atoi(service));
                        ~~~~~~~~~~~~~~~~~~~~~ ^~~~~~~~~~~~~
/Users/saga/Documents/cpp_projects/horiba-cpp-sdk/build/_deps/boost-src/libs/asio/include/boost/asio/detail/impl/socket_ops.ipp:3866:37: warning: implicit conversion loses integer precision: 'std::size_t' (aka 'unsigned long') to 'socklen_t' (aka 'unsigned int') [-Wshorten-64-to-32]
      addrlen, host, hostlen, serv, servlen, flags);
                                    ^~~~~~~
/Users/saga/Documents/cpp_projects/horiba-cpp-sdk/build/_deps/boost-src/libs/asio/include/boost/asio/detail/impl/socket_ops.ipp:3866:22: warning: implicit conversion loses integer precision: 'std::size_t' (aka 'unsigned long') to 'socklen_t' (aka 'unsigned int') [-Wshorten-64-to-32]
      addrlen, host, hostlen, serv, servlen, flags);
                     ^~~~~~~
/Users/saga/Documents/cpp_projects/horiba-cpp-sdk/build/_deps/boost-src/libs/asio/include/boost/asio/detail/impl/socket_ops.ipp:3866:7: warning: implicit conversion loses integer precision: 'std::size_t' (aka 'unsigned long') to 'socklen_t' (aka 'unsigned int') [-Wshorten-64-to-32]
      addrlen, host, hostlen, serv, servlen, flags);
      ^~~~~~~
In file included from /Users/saga/Documents/cpp_projects/horiba-cpp-sdk/src/communication/websocket_communicator.cpp:1:
In file included from /Users/saga/Documents/cpp_projects/horiba-cpp-sdk/include/horiba_cpp_sdk/communication/websocket_communicator.h:4:
/Users/saga/Documents/cpp_projects/horiba-cpp-sdk/build/_deps/boost-src/libs/asio/include/boost/asio/connect.hpp:43:50: warning: use of old-style cast [-Wold-style-cast]
    enum { value = (sizeof((has_iterator_helper)((T*)(0))) == 1) };
                                                 ^   ~~~
In file included from /Users/saga/Documents/cpp_projects/horiba-cpp-sdk/src/communication/websocket_communicator.cpp:1:
In file included from /Users/saga/Documents/cpp_projects/horiba-cpp-sdk/include/horiba_cpp_sdk/communication/websocket_communicator.h:5:
In file included from /Users/saga/Documents/cpp_projects/horiba-cpp-sdk/build/_deps/boost-src/libs/asio/include/boost/asio/ip/tcp.hpp:20:
In file included from /Users/saga/Documents/cpp_projects/horiba-cpp-sdk/build/_deps/boost-src/libs/asio/include/boost/asio/basic_socket_iostream.hpp:24:
In file included from /Users/saga/Documents/cpp_projects/horiba-cpp-sdk/build/_deps/boost-src/libs/asio/include/boost/asio/basic_socket_streambuf.hpp:36:
In file included from /Users/saga/Documents/cpp_projects/horiba-cpp-sdk/build/_deps/boost-src/libs/asio/include/boost/asio/steady_timer.hpp:19:
In file included from /Users/saga/Documents/cpp_projects/horiba-cpp-sdk/build/_deps/boost-src/libs/asio/include/boost/asio/basic_waitable_timer.hpp:23:
In file included from /Users/saga/Documents/cpp_projects/horiba-cpp-sdk/build/_deps/boost-src/libs/asio/include/boost/asio/detail/deadline_timer_service.hpp:31:
In file included from /Users/saga/Documents/cpp_projects/horiba-cpp-sdk/build/_deps/boost-src/libs/asio/include/boost/asio/detail/timer_queue_ptime.hpp:22:
In file included from /Users/saga/Documents/cpp_projects/horiba-cpp-sdk/build/_deps/boost-src/libs/asio/include/boost/asio/time_traits.hpp:23:
In file included from /Users/saga/Documents/cpp_projects/horiba-cpp-sdk/build/_deps/boost-src/libs/date_time/include/boost/date_time/posix_time/posix_time_types.hpp:11:
/Users/saga/Documents/cpp_projects/horiba-cpp-sdk/build/_deps/boost-src/libs/date_time/include/boost/date_time/microsec_time_clock.hpp:88:36: warning: implicit conversion changes signedness: '__darwin_suseconds_t' (aka 'int') to 'boost::uint32_t' (aka 'unsigned int') [-Wsign-conversion]
      boost::uint32_t sub_sec = tv.tv_usec;
                      ~~~~~~~   ~~~^~~~~~~
In file included from /Users/saga/Documents/cpp_projects/horiba-cpp-sdk/src/communication/websocket_communicator.cpp:1:
In file included from /Users/saga/Documents/cpp_projects/horiba-cpp-sdk/include/horiba_cpp_sdk/communication/websocket_communicator.h:5:
In file included from /Users/saga/Documents/cpp_projects/horiba-cpp-sdk/build/_deps/boost-src/libs/asio/include/boost/asio/ip/tcp.hpp:24:
In file included from /Users/saga/Documents/cpp_projects/horiba-cpp-sdk/build/_deps/boost-src/libs/asio/include/boost/asio/ip/basic_endpoint.hpp:21:
In file included from /Users/saga/Documents/cpp_projects/horiba-cpp-sdk/build/_deps/boost-src/libs/asio/include/boost/asio/ip/address.hpp:26:
In file included from /Users/saga/Documents/cpp_projects/horiba-cpp-sdk/build/_deps/boost-src/libs/asio/include/boost/asio/ip/address_v6.hpp:406:
/Users/saga/Documents/cpp_projects/horiba-cpp-sdk/build/_deps/boost-src/libs/asio/include/boost/asio/ip/impl/address_v6.ipp:285:28: warning: implicit conversion loses integer precision: 'unsigned long' to 'scope_id_type' (aka 'unsigned int') [-Wshorten-64-to-32]
  return address_v6(bytes, scope_id);
         ~~~~~~~~~~        ^~~~~~~~
In file included from /Users/saga/Documents/cpp_projects/horiba-cpp-sdk/src/communication/websocket_communicator.cpp:1:
In file included from /Users/saga/Documents/cpp_projects/horiba-cpp-sdk/include/horiba_cpp_sdk/communication/websocket_communicator.h:5:
In file included from /Users/saga/Documents/cpp_projects/horiba-cpp-sdk/build/_deps/boost-src/libs/asio/include/boost/asio/ip/tcp.hpp:25:
In file included from /Users/saga/Documents/cpp_projects/horiba-cpp-sdk/build/_deps/boost-src/libs/asio/include/boost/asio/ip/basic_resolver.hpp:31:
In file included from /Users/saga/Documents/cpp_projects/horiba-cpp-sdk/build/_deps/boost-src/libs/asio/include/boost/asio/ip/basic_resolver_query.hpp:21:
In file included from /Users/saga/Documents/cpp_projects/horiba-cpp-sdk/build/_deps/boost-src/libs/asio/include/boost/asio/ip/resolver_query_base.hpp:19:
/Users/saga/Documents/cpp_projects/horiba-cpp-sdk/build/_deps/boost-src/libs/asio/include/boost/asio/ip/resolver_base.hpp:69:5: warning: declaration shadows a variable in namespace 'boost::asio::ip' [-Wshadow]
    v4_mapped = BOOST_ASIO_OS_DEF(AI_V4MAPPED),
    ^
/Users/saga/Documents/cpp_projects/horiba-cpp-sdk/build/_deps/boost-src/libs/asio/include/boost/asio/ip/address_v6.hpp:331:20: note: previous declaration is here
enum v4_mapped_t { v4_mapped };
                   ^
In file included from /Users/saga/Documents/cpp_projects/horiba-cpp-sdk/src/communication/websocket_communicator.cpp:1:
In file included from /Users/saga/Documents/cpp_projects/horiba-cpp-sdk/include/horiba_cpp_sdk/communication/websocket_communicator.h:6:
In file included from /Users/saga/Documents/cpp_projects/horiba-cpp-sdk/build/_deps/boostbeast-src/include/boost/beast/core.hpp:15:
In file included from /Users/saga/Documents/cpp_projects/horiba-cpp-sdk/build/_deps/boostbeast-src/include/boost/beast/core/async_base.hpp:14:
In file included from /Users/saga/Documents/cpp_projects/horiba-cpp-sdk/build/_deps/boostbeast-src/include/boost/beast/core/bind_handler.hpp:14:
In file included from /Users/saga/Documents/cpp_projects/horiba-cpp-sdk/build/_deps/boostbeast-src/include/boost/beast/core/detail/bind_handler.hpp:13:
In file included from /Users/saga/Documents/cpp_projects/horiba-cpp-sdk/build/_deps/boostbeast-src/include/boost/beast/core/error.hpp:85:
/Users/saga/Documents/cpp_projects/horiba-cpp-sdk/build/_deps/boostbeast-src/include/boost/beast/core/impl/error.ipp:20:7: warning: 'boost::beast::detail::error_codes' has virtual functions but non-virtual destructor [-Wnon-virtual-dtor]
class error_codes : public error_category
      ^
/Users/saga/Documents/cpp_projects/horiba-cpp-sdk/build/_deps/boostbeast-src/include/boost/beast/core/impl/error.ipp:58:7: warning: 'boost::beast::detail::error_conditions' has virtual functions but non-virtual destructor [-Wnon-virtual-dtor]
class error_conditions : public error_category
      ^
In file included from /Users/saga/Documents/cpp_projects/horiba-cpp-sdk/src/communication/websocket_communicator.cpp:1:
In file included from /Users/saga/Documents/cpp_projects/horiba-cpp-sdk/include/horiba_cpp_sdk/communication/websocket_communicator.h:6:
In file included from /Users/saga/Documents/cpp_projects/horiba-cpp-sdk/build/_deps/boostbeast-src/include/boost/beast/core.hpp:16:
In file included from /Users/saga/Documents/cpp_projects/horiba-cpp-sdk/build/_deps/boostbeast-src/include/boost/beast/core/basic_stream.hpp:1566:
In file included from /Users/saga/Documents/cpp_projects/horiba-cpp-sdk/build/_deps/boostbeast-src/include/boost/beast/core/impl/basic_stream.hpp:19:
In file included from /Users/saga/Documents/cpp_projects/horiba-cpp-sdk/build/_deps/boost-src/libs/smart_ptr/include/boost/make_shared.hpp:14:
In file included from /Users/saga/Documents/cpp_projects/horiba-cpp-sdk/build/_deps/boost-src/libs/smart_ptr/include/boost/smart_ptr/make_shared.hpp:18:
In file included from /Users/saga/Documents/cpp_projects/horiba-cpp-sdk/build/_deps/boost-src/libs/smart_ptr/include/boost/smart_ptr/make_shared_array.hpp:13:
In file included from /Users/saga/Documents/cpp_projects/horiba-cpp-sdk/build/_deps/boost-src/libs/smart_ptr/include/boost/smart_ptr/allocate_shared_array.hpp:12:
/Users/saga/Documents/cpp_projects/horiba-cpp-sdk/build/_deps/boost-src/libs/core/include/boost/core/allocator_access.hpp:529:11: warning: use of old-style cast [-Wold-style-cast]
    ::new((void*)p) T(std::forward<Args>(args)...);
          ^      ~
In file included from /Users/saga/Documents/cpp_projects/horiba-cpp-sdk/src/communication/websocket_communicator.cpp:1:
In file included from /Users/saga/Documents/cpp_projects/horiba-cpp-sdk/include/horiba_cpp_sdk/communication/websocket_communicator.h:6:
In file included from /Users/saga/Documents/cpp_projects/horiba-cpp-sdk/build/_deps/boostbeast-src/include/boost/beast/core.hpp:16:
In file included from /Users/saga/Documents/cpp_projects/horiba-cpp-sdk/build/_deps/boostbeast-src/include/boost/beast/core/basic_stream.hpp:1566:
In file included from /Users/saga/Documents/cpp_projects/horiba-cpp-sdk/build/_deps/boostbeast-src/include/boost/beast/core/impl/basic_stream.hpp:19:
In file included from /Users/saga/Documents/cpp_projects/horiba-cpp-sdk/build/_deps/boost-src/libs/smart_ptr/include/boost/make_shared.hpp:14:
In file included from /Users/saga/Documents/cpp_projects/horiba-cpp-sdk/build/_deps/boost-src/libs/smart_ptr/include/boost/smart_ptr/make_shared.hpp:18:
In file included from /Users/saga/Documents/cpp_projects/horiba-cpp-sdk/build/_deps/boost-src/libs/smart_ptr/include/boost/smart_ptr/make_shared_array.hpp:13:
In file included from /Users/saga/Documents/cpp_projects/horiba-cpp-sdk/build/_deps/boost-src/libs/smart_ptr/include/boost/smart_ptr/allocate_shared_array.hpp:13:
In file included from /Users/saga/Documents/cpp_projects/horiba-cpp-sdk/build/_deps/boost-src/libs/core/include/boost/core/alloc_construct.hpp:14:
/Users/saga/Documents/cpp_projects/horiba-cpp-sdk/build/_deps/boost-src/libs/core/include/boost/core/noinit_adaptor.hpp:48:15: warning: use of old-style cast [-Wold-style-cast]
        ::new((void*)p) U;
              ^      ~
In file included from /Users/saga/Documents/cpp_projects/horiba-cpp-sdk/src/communication/websocket_communicator.cpp:1:
In file included from /Users/saga/Documents/cpp_projects/horiba-cpp-sdk/include/horiba_cpp_sdk/communication/websocket_communicator.h:6:
In file included from /Users/saga/Documents/cpp_projects/horiba-cpp-sdk/build/_deps/boostbeast-src/include/boost/beast/core.hpp:19:
In file included from /Users/saga/Documents/cpp_projects/horiba-cpp-sdk/build/_deps/boostbeast-src/include/boost/beast/core/buffered_read_stream.hpp:15:
In file included from /Users/saga/Documents/cpp_projects/horiba-cpp-sdk/build/_deps/boostbeast-src/include/boost/beast/core/multi_buffer.hpp:17:
In file included from /Users/saga/Documents/cpp_projects/horiba-cpp-sdk/build/_deps/boost-src/libs/intrusive/include/boost/intrusive/list.hpp:18:
In file included from /Users/saga/Documents/cpp_projects/horiba-cpp-sdk/build/_deps/boost-src/libs/intrusive/include/boost/intrusive/intrusive_fwd.hpp:66:
/Users/saga/Documents/cpp_projects/horiba-cpp-sdk/build/_deps/boost-src/libs/intrusive/include/boost/intrusive/link_mode.hpp:54:7: warning: use of old-style cast [-Wold-style-cast]
      (int)link_mode == (int)auto_unlink   ||
      ^    ~~~~~~~~~
/Users/saga/Documents/cpp_projects/horiba-cpp-sdk/build/_deps/boost-src/libs/intrusive/include/boost/intrusive/link_mode.hpp:54:25: warning: use of old-style cast [-Wold-style-cast]
      (int)link_mode == (int)auto_unlink   ||
                        ^    ~~~~~~~~~~~
/Users/saga/Documents/cpp_projects/horiba-cpp-sdk/build/_deps/boost-src/libs/intrusive/include/boost/intrusive/link_mode.hpp:55:7: warning: use of old-style cast [-Wold-style-cast]
      (int)link_mode == (int)safe_link;
      ^    ~~~~~~~~~
/Users/saga/Documents/cpp_projects/horiba-cpp-sdk/build/_deps/boost-src/libs/intrusive/include/boost/intrusive/link_mode.hpp:55:25: warning: use of old-style cast [-Wold-style-cast]
      (int)link_mode == (int)safe_link;
                        ^    ~~~~~~~~~
In file included from /Users/saga/Documents/cpp_projects/horiba-cpp-sdk/src/communication/websocket_communicator.cpp:1:
In file included from /Users/saga/Documents/cpp_projects/horiba-cpp-sdk/include/horiba_cpp_sdk/communication/websocket_communicator.h:6:
In file included from /Users/saga/Documents/cpp_projects/horiba-cpp-sdk/build/_deps/boostbeast-src/include/boost/beast/core.hpp:19:
In file included from /Users/saga/Documents/cpp_projects/horiba-cpp-sdk/build/_deps/boostbeast-src/include/boost/beast/core/buffered_read_stream.hpp:15:
In file included from /Users/saga/Documents/cpp_projects/horiba-cpp-sdk/build/_deps/boostbeast-src/include/boost/beast/core/multi_buffer.hpp:17:
In file included from /Users/saga/Documents/cpp_projects/horiba-cpp-sdk/build/_deps/boost-src/libs/intrusive/include/boost/intrusive/list.hpp:20:
In file included from /Users/saga/Documents/cpp_projects/horiba-cpp-sdk/build/_deps/boost-src/libs/intrusive/include/boost/intrusive/list_hook.hpp:20:
In file included from /Users/saga/Documents/cpp_projects/horiba-cpp-sdk/build/_deps/boost-src/libs/intrusive/include/boost/intrusive/detail/list_node.hpp:26:
/Users/saga/Documents/cpp_projects/horiba-cpp-sdk/build/_deps/boost-src/libs/intrusive/include/boost/intrusive/pointer_rebind.hpp:65:45: warning: use of old-style cast [-Wold-style-cast]
   static const unsigned int rebind =       (unsigned int)pointer_has_rebind<Ptr, U>::value;
                                            ^             ~~~~~~~~~~~~~~~~~~~~~~~~~~~~~~~~~
/Users/saga/Documents/cpp_projects/horiba-cpp-sdk/build/_deps/boost-src/libs/intrusive/include/boost/intrusive/pointer_rebind.hpp:66:45: warning: use of old-style cast [-Wold-style-cast]
   static const unsigned int rebind_other = (unsigned int)pointer_has_rebind_other<Ptr, U>::value;
                                            ^             ~~~~~~~~~~~~~~~~~~~~~~~~~~~~~~~~~~~~~~~
In file included from /Users/saga/Documents/cpp_projects/horiba-cpp-sdk/src/communication/websocket_communicator.cpp:1:
In file included from /Users/saga/Documents/cpp_projects/horiba-cpp-sdk/include/horiba_cpp_sdk/communication/websocket_communicator.h:6:
In file included from /Users/saga/Documents/cpp_projects/horiba-cpp-sdk/build/_deps/boostbeast-src/include/boost/beast/core.hpp:19:
In file included from /Users/saga/Documents/cpp_projects/horiba-cpp-sdk/build/_deps/boostbeast-src/include/boost/beast/core/buffered_read_stream.hpp:15:
In file included from /Users/saga/Documents/cpp_projects/horiba-cpp-sdk/build/_deps/boostbeast-src/include/boost/beast/core/multi_buffer.hpp:17:
In file included from /Users/saga/Documents/cpp_projects/horiba-cpp-sdk/build/_deps/boost-src/libs/intrusive/include/boost/intrusive/list.hpp:20:
In file included from /Users/saga/Documents/cpp_projects/horiba-cpp-sdk/build/_deps/boost-src/libs/intrusive/include/boost/intrusive/list_hook.hpp:23:
/Users/saga/Documents/cpp_projects/horiba-cpp-sdk/build/_deps/boost-src/libs/intrusive/include/boost/intrusive/detail/generic_hook.hpp:211:29: warning: use of old-style cast [-Wold-style-cast]
      BOOST_STATIC_ASSERT(( (int)hooktags::link_mode == (int)auto_unlink ));
                            ^    ~~~~~~~~~~~~~~~~~~~
/Users/saga/Documents/cpp_projects/horiba-cpp-sdk/build/_deps/boost-src/libs/static_assert/include/boost/static_assert.hpp:71:55: note: expanded from macro 'BOOST_STATIC_ASSERT'
#     define BOOST_STATIC_ASSERT( ... ) static_assert(__VA_ARGS__, #__VA_ARGS__)
                                                      ^~~~~~~~~~~
In file included from /Users/saga/Documents/cpp_projects/horiba-cpp-sdk/src/communication/websocket_communicator.cpp:1:
In file included from /Users/saga/Documents/cpp_projects/horiba-cpp-sdk/include/horiba_cpp_sdk/communication/websocket_communicator.h:6:
In file included from /Users/saga/Documents/cpp_projects/horiba-cpp-sdk/build/_deps/boostbeast-src/include/boost/beast/core.hpp:19:
In file included from /Users/saga/Documents/cpp_projects/horiba-cpp-sdk/build/_deps/boostbeast-src/include/boost/beast/core/buffered_read_stream.hpp:15:
In file included from /Users/saga/Documents/cpp_projects/horiba-cpp-sdk/build/_deps/boostbeast-src/include/boost/beast/core/multi_buffer.hpp:17:
In file included from /Users/saga/Documents/cpp_projects/horiba-cpp-sdk/build/_deps/boost-src/libs/intrusive/include/boost/intrusive/list.hpp:20:
In file included from /Users/saga/Documents/cpp_projects/horiba-cpp-sdk/build/_deps/boost-src/libs/intrusive/include/boost/intrusive/list_hook.hpp:23:
/Users/saga/Documents/cpp_projects/horiba-cpp-sdk/build/_deps/boost-src/libs/intrusive/include/boost/intrusive/detail/generic_hook.hpp:211:57: warning: use of old-style cast [-Wold-style-cast]
      BOOST_STATIC_ASSERT(( (int)hooktags::link_mode == (int)auto_unlink ));
                                                        ^    ~~~~~~~~~~~
/Users/saga/Documents/cpp_projects/horiba-cpp-sdk/build/_deps/boost-src/libs/static_assert/include/boost/static_assert.hpp:71:55: note: expanded from macro 'BOOST_STATIC_ASSERT'
#     define BOOST_STATIC_ASSERT( ... ) static_assert(__VA_ARGS__, #__VA_ARGS__)
                                                      ^~~~~~~~~~~
In file included from /Users/saga/Documents/cpp_projects/horiba-cpp-sdk/src/communication/websocket_communicator.cpp:1:
In file included from /Users/saga/Documents/cpp_projects/horiba-cpp-sdk/include/horiba_cpp_sdk/communication/websocket_communicator.h:6:
In file included from /Users/saga/Documents/cpp_projects/horiba-cpp-sdk/build/_deps/boostbeast-src/include/boost/beast/core.hpp:19:
In file included from /Users/saga/Documents/cpp_projects/horiba-cpp-sdk/build/_deps/boostbeast-src/include/boost/beast/core/buffered_read_stream.hpp:15:
In file included from /Users/saga/Documents/cpp_projects/horiba-cpp-sdk/build/_deps/boostbeast-src/include/boost/beast/core/multi_buffer.hpp:17:
In file included from /Users/saga/Documents/cpp_projects/horiba-cpp-sdk/build/_deps/boost-src/libs/intrusive/include/boost/intrusive/list.hpp:25:
/Users/saga/Documents/cpp_projects/horiba-cpp-sdk/build/_deps/boost-src/libs/intrusive/include/boost/intrusive/detail/get_value_traits.hpp:104:1: warning: use of old-style cast [-Wold-style-cast]
BOOST_INTRUSIVE_INTERNAL_STATIC_BOOL_IS_TRUE(internal_any_hook, is_any_hook)
^~~~~~~~~~~~~~~~~~~~~~~~~~~~~~~~~~~~~~~~~~~~~~~~~~~~~~~~~~~~~~~~~~~~~~~~~~~~
/Users/saga/Documents/cpp_projects/horiba-cpp-sdk/build/_deps/boost-src/libs/intrusive/include/boost/intrusive/detail/mpl.hpp:158:41: note: expanded from macro 'BOOST_INTRUSIVE_INTERNAL_STATIC_BOOL_IS_TRUE'
   struct two_or_three {yes_type _[2u + (unsigned)Add];};\
                                        ^         ~~~
In file included from /Users/saga/Documents/cpp_projects/horiba-cpp-sdk/src/communication/websocket_communicator.cpp:1:
In file included from /Users/saga/Documents/cpp_projects/horiba-cpp-sdk/include/horiba_cpp_sdk/communication/websocket_communicator.h:6:
In file included from /Users/saga/Documents/cpp_projects/horiba-cpp-sdk/build/_deps/boostbeast-src/include/boost/beast/core.hpp:19:
In file included from /Users/saga/Documents/cpp_projects/horiba-cpp-sdk/build/_deps/boostbeast-src/include/boost/beast/core/buffered_read_stream.hpp:15:
In file included from /Users/saga/Documents/cpp_projects/horiba-cpp-sdk/build/_deps/boostbeast-src/include/boost/beast/core/multi_buffer.hpp:17:
In file included from /Users/saga/Documents/cpp_projects/horiba-cpp-sdk/build/_deps/boost-src/libs/intrusive/include/boost/intrusive/list.hpp:25:
/Users/saga/Documents/cpp_projects/horiba-cpp-sdk/build/_deps/boost-src/libs/intrusive/include/boost/intrusive/detail/get_value_traits.hpp:105:1: warning: use of old-style cast [-Wold-style-cast]
BOOST_INTRUSIVE_INTERNAL_STATIC_BOOL_IS_TRUE(internal_base_hook, hooktags::is_base_hook)
^~~~~~~~~~~~~~~~~~~~~~~~~~~~~~~~~~~~~~~~~~~~~~~~~~~~~~~~~~~~~~~~~~~~~~~~~~~~~~~~~~~~~~~~
/Users/saga/Documents/cpp_projects/horiba-cpp-sdk/build/_deps/boost-src/libs/intrusive/include/boost/intrusive/detail/mpl.hpp:158:41: note: expanded from macro 'BOOST_INTRUSIVE_INTERNAL_STATIC_BOOL_IS_TRUE'
   struct two_or_three {yes_type _[2u + (unsigned)Add];};\
                                        ^         ~~~
In file included from /Users/saga/Documents/cpp_projects/horiba-cpp-sdk/src/communication/websocket_communicator.cpp:1:
In file included from /Users/saga/Documents/cpp_projects/horiba-cpp-sdk/include/horiba_cpp_sdk/communication/websocket_communicator.h:6:
In file included from /Users/saga/Documents/cpp_projects/horiba-cpp-sdk/build/_deps/boostbeast-src/include/boost/beast/core.hpp:19:
In file included from /Users/saga/Documents/cpp_projects/horiba-cpp-sdk/build/_deps/boostbeast-src/include/boost/beast/core/buffered_read_stream.hpp:15:
In file included from /Users/saga/Documents/cpp_projects/horiba-cpp-sdk/build/_deps/boostbeast-src/include/boost/beast/core/multi_buffer.hpp:17:
In file included from /Users/saga/Documents/cpp_projects/horiba-cpp-sdk/build/_deps/boost-src/libs/intrusive/include/boost/intrusive/list.hpp:30:
In file included from /Users/saga/Documents/cpp_projects/horiba-cpp-sdk/build/_deps/boost-src/libs/intrusive/include/boost/intrusive/detail/list_iterator.hpp:27:
In file included from /Users/saga/Documents/cpp_projects/horiba-cpp-sdk/build/_deps/boost-src/libs/intrusive/include/boost/intrusive/detail/iiterator.hpp:25:
/Users/saga/Documents/cpp_projects/horiba-cpp-sdk/build/_deps/boost-src/libs/intrusive/include/boost/intrusive/detail/iterator.hpp:228:27: warning: use of old-style cast [-Wold-style-cast]
   (iterator_advance)(it, (typename iterator_traits<It>::difference_type)n);
                          ^                                              ~
/Users/saga/Documents/cpp_projects/horiba-cpp-sdk/build/_deps/boost-src/libs/intrusive/include/boost/intrusive/detail/iterator.hpp:272:11: warning: use of old-style cast [-Wold-style-cast]
   return (typename iter_size<It>::type)(iterator_distance)(first, last);
          ^                             ~~~~~~~~~~~~~~~~~~~~~~~~~~~~~~~~
In file included from /Users/saga/Documents/cpp_projects/horiba-cpp-sdk/src/communication/websocket_communicator.cpp:1:
In file included from /Users/saga/Documents/cpp_projects/horiba-cpp-sdk/include/horiba_cpp_sdk/communication/websocket_communicator.h:6:
In file included from /Users/saga/Documents/cpp_projects/horiba-cpp-sdk/build/_deps/boostbeast-src/include/boost/beast/core.hpp:19:
In file included from /Users/saga/Documents/cpp_projects/horiba-cpp-sdk/build/_deps/boostbeast-src/include/boost/beast/core/buffered_read_stream.hpp:15:
In file included from /Users/saga/Documents/cpp_projects/horiba-cpp-sdk/build/_deps/boostbeast-src/include/boost/beast/core/multi_buffer.hpp:17:
In file included from /Users/saga/Documents/cpp_projects/horiba-cpp-sdk/build/_deps/boost-src/libs/intrusive/include/boost/intrusive/list.hpp:31:
/Users/saga/Documents/cpp_projects/horiba-cpp-sdk/build/_deps/boost-src/libs/intrusive/include/boost/intrusive/detail/array_initializer.hpp:56:24: warning: use of old-style cast [-Wold-style-cast]
      char *init_buf = (char*)rawbuf;
                       ^      ~~~~~~
/Users/saga/Documents/cpp_projects/horiba-cpp-sdk/build/_deps/boost-src/libs/intrusive/include/boost/intrusive/detail/array_initializer.hpp:75:14: warning: use of old-style cast [-Wold-style-cast]
   {  return (T*)(rawbuf);  }
             ^   ~~~~~~~~
/Users/saga/Documents/cpp_projects/horiba-cpp-sdk/build/_deps/boost-src/libs/intrusive/include/boost/intrusive/detail/array_initializer.hpp:78:14: warning: use of old-style cast [-Wold-style-cast]
   {  return (const T*)(rawbuf);  }
             ^         ~~~~~~~~
/Users/saga/Documents/cpp_projects/horiba-cpp-sdk/build/_deps/boost-src/libs/intrusive/include/boost/intrusive/detail/array_initializer.hpp:82:24: warning: use of old-style cast [-Wold-style-cast]
      char *init_buf = (char*)rawbuf + N*sizeof(T);
                       ^      ~~~~~~
In file included from /Users/saga/Documents/cpp_projects/horiba-cpp-sdk/src/communication/websocket_communicator.cpp:1:
In file included from /Users/saga/Documents/cpp_projects/horiba-cpp-sdk/include/horiba_cpp_sdk/communication/websocket_communicator.h:6:
In file included from /Users/saga/Documents/cpp_projects/horiba-cpp-sdk/build/_deps/boostbeast-src/include/boost/beast/core.hpp:19:
In file included from /Users/saga/Documents/cpp_projects/horiba-cpp-sdk/build/_deps/boostbeast-src/include/boost/beast/core/buffered_read_stream.hpp:15:
In file included from /Users/saga/Documents/cpp_projects/horiba-cpp-sdk/build/_deps/boostbeast-src/include/boost/beast/core/multi_buffer.hpp:17:
In file included from /Users/saga/Documents/cpp_projects/horiba-cpp-sdk/build/_deps/boost-src/libs/intrusive/include/boost/intrusive/list.hpp:34:
In file included from /Users/saga/Documents/cpp_projects/horiba-cpp-sdk/build/_deps/boost-src/libs/intrusive/include/boost/intrusive/detail/key_nodeptr_comp.hpp:25:
/Users/saga/Documents/cpp_projects/horiba-cpp-sdk/build/_deps/boost-src/libs/intrusive/include/boost/intrusive/detail/ebo_functor_holder.hpp:256:11: warning: use of old-style cast [-Wold-style-cast]
      : T(BOOST_MOVE_BASE(T, x))
          ^~~~~~~~~~~~~~~~~~~~~
/Users/saga/Documents/cpp_projects/horiba-cpp-sdk/build/_deps/boost-src/libs/move/include/boost/move/core.hpp:490:21: note: expanded from macro 'BOOST_MOVE_BASE'
      ::boost::move((BASE_TYPE&)(ARG))
                    ^           ~~~~~
In file included from /Users/saga/Documents/cpp_projects/horiba-cpp-sdk/src/communication/websocket_communicator.cpp:1:
In file included from /Users/saga/Documents/cpp_projects/horiba-cpp-sdk/include/horiba_cpp_sdk/communication/websocket_communicator.h:6:
In file included from /Users/saga/Documents/cpp_projects/horiba-cpp-sdk/build/_deps/boostbeast-src/include/boost/beast/core.hpp:19:
In file included from /Users/saga/Documents/cpp_projects/horiba-cpp-sdk/build/_deps/boostbeast-src/include/boost/beast/core/buffered_read_stream.hpp:15:
In file included from /Users/saga/Documents/cpp_projects/horiba-cpp-sdk/build/_deps/boostbeast-src/include/boost/beast/core/multi_buffer.hpp:17:
/Users/saga/Documents/cpp_projects/horiba-cpp-sdk/build/_deps/boost-src/libs/intrusive/include/boost/intrusive/list.hpp:127:26: warning: use of old-style cast [-Wold-style-cast]
                        ((int)value_traits::link_mode == (int)auto_unlink)
                         ^    ~~~~~~~~~~~~~~~~~~~~~~~
/Users/saga/Documents/cpp_projects/horiba-cpp-sdk/build/_deps/boost-src/libs/static_assert/include/boost/static_assert.hpp:71:55: note: expanded from macro 'BOOST_STATIC_ASSERT'
#     define BOOST_STATIC_ASSERT( ... ) static_assert(__VA_ARGS__, #__VA_ARGS__)
                                                      ^~~~~~~~~~~
In file included from /Users/saga/Documents/cpp_projects/horiba-cpp-sdk/src/communication/websocket_communicator.cpp:1:
In file included from /Users/saga/Documents/cpp_projects/horiba-cpp-sdk/include/horiba_cpp_sdk/communication/websocket_communicator.h:6:
In file included from /Users/saga/Documents/cpp_projects/horiba-cpp-sdk/build/_deps/boostbeast-src/include/boost/beast/core.hpp:19:
In file included from /Users/saga/Documents/cpp_projects/horiba-cpp-sdk/build/_deps/boostbeast-src/include/boost/beast/core/buffered_read_stream.hpp:15:
In file included from /Users/saga/Documents/cpp_projects/horiba-cpp-sdk/build/_deps/boostbeast-src/include/boost/beast/core/multi_buffer.hpp:17:
/Users/saga/Documents/cpp_projects/horiba-cpp-sdk/build/_deps/boost-src/libs/intrusive/include/boost/intrusive/list.hpp:127:58: warning: use of old-style cast [-Wold-style-cast]
                        ((int)value_traits::link_mode == (int)auto_unlink)
                                                         ^    ~~~~~~~~~~~
/Users/saga/Documents/cpp_projects/horiba-cpp-sdk/build/_deps/boost-src/libs/static_assert/include/boost/static_assert.hpp:71:55: note: expanded from macro 'BOOST_STATIC_ASSERT'
#     define BOOST_STATIC_ASSERT( ... ) static_assert(__VA_ARGS__, #__VA_ARGS__)
                                                      ^~~~~~~~~~~
In file included from /Users/saga/Documents/cpp_projects/horiba-cpp-sdk/src/communication/websocket_communicator.cpp:1:
In file included from /Users/saga/Documents/cpp_projects/horiba-cpp-sdk/include/horiba_cpp_sdk/communication/websocket_communicator.h:6:
In file included from /Users/saga/Documents/cpp_projects/horiba-cpp-sdk/build/_deps/boostbeast-src/include/boost/beast/core.hpp:19:
In file included from /Users/saga/Documents/cpp_projects/horiba-cpp-sdk/build/_deps/boostbeast-src/include/boost/beast/core/buffered_read_stream.hpp:15:
In file included from /Users/saga/Documents/cpp_projects/horiba-cpp-sdk/build/_deps/boostbeast-src/include/boost/beast/core/multi_buffer.hpp:17:
/Users/saga/Documents/cpp_projects/horiba-cpp-sdk/build/_deps/boost-src/libs/intrusive/include/boost/intrusive/list.hpp:1491:15: warning: use of old-style cast [-Wold-style-cast]
      :  Base(BOOST_MOVE_BASE(Base, x))
              ^~~~~~~~~~~~~~~~~~~~~~~~
/Users/saga/Documents/cpp_projects/horiba-cpp-sdk/build/_deps/boost-src/libs/move/include/boost/move/core.hpp:490:21: note: expanded from macro 'BOOST_MOVE_BASE'
      ::boost::move((BASE_TYPE&)(ARG))
                    ^           ~~~~~
In file included from /Users/saga/Documents/cpp_projects/horiba-cpp-sdk/src/communication/websocket_communicator.cpp:1:
In file included from /Users/saga/Documents/cpp_projects/horiba-cpp-sdk/include/horiba_cpp_sdk/communication/websocket_communicator.h:6:
In file included from /Users/saga/Documents/cpp_projects/horiba-cpp-sdk/build/_deps/boostbeast-src/include/boost/beast/core.hpp:19:
In file included from /Users/saga/Documents/cpp_projects/horiba-cpp-sdk/build/_deps/boostbeast-src/include/boost/beast/core/buffered_read_stream.hpp:15:
In file included from /Users/saga/Documents/cpp_projects/horiba-cpp-sdk/build/_deps/boostbeast-src/include/boost/beast/core/multi_buffer.hpp:17:
/Users/saga/Documents/cpp_projects/horiba-cpp-sdk/build/_deps/boost-src/libs/intrusive/include/boost/intrusive/list.hpp:1495:56: warning: use of old-style cast [-Wold-style-cast]
   {  return static_cast<list &>(this->Base::operator=(BOOST_MOVE_BASE(Base, x)));  }
                                                       ^~~~~~~~~~~~~~~~~~~~~~~~
/Users/saga/Documents/cpp_projects/horiba-cpp-sdk/build/_deps/boost-src/libs/move/include/boost/move/core.hpp:490:21: note: expanded from macro 'BOOST_MOVE_BASE'
      ::boost::move((BASE_TYPE&)(ARG))
                    ^           ~~~~~
In file included from /Users/saga/Documents/cpp_projects/horiba-cpp-sdk/src/communication/websocket_communicator.cpp:1:
In file included from /Users/saga/Documents/cpp_projects/horiba-cpp-sdk/include/horiba_cpp_sdk/communication/websocket_communicator.h:6:
In file included from /Users/saga/Documents/cpp_projects/horiba-cpp-sdk/build/_deps/boostbeast-src/include/boost/beast/core.hpp:19:
In file included from /Users/saga/Documents/cpp_projects/horiba-cpp-sdk/build/_deps/boostbeast-src/include/boost/beast/core/buffered_read_stream.hpp:15:
In file included from /Users/saga/Documents/cpp_projects/horiba-cpp-sdk/build/_deps/boostbeast-src/include/boost/beast/core/multi_buffer.hpp:17:
/Users/saga/Documents/cpp_projects/horiba-cpp-sdk/build/_deps/boost-src/libs/intrusive/include/boost/intrusive/list.hpp:1503:24: warning: use of old-style cast [-Wold-style-cast]
   {  Base::clone_from(BOOST_MOVE_BASE(Base, src), cloner, disposer);  }
                       ^~~~~~~~~~~~~~~~~~~~~~~~~~
/Users/saga/Documents/cpp_projects/horiba-cpp-sdk/build/_deps/boost-src/libs/move/include/boost/move/core.hpp:490:21: note: expanded from macro 'BOOST_MOVE_BASE'
      ::boost::move((BASE_TYPE&)(ARG))
                    ^           ~~~~~
In file included from /Users/saga/Documents/cpp_projects/horiba-cpp-sdk/src/communication/websocket_communicator.cpp:1:
In file included from /Users/saga/Documents/cpp_projects/horiba-cpp-sdk/include/horiba_cpp_sdk/communication/websocket_communicator.h:6:
In file included from /Users/saga/Documents/cpp_projects/horiba-cpp-sdk/build/_deps/boostbeast-src/include/boost/beast/core.hpp:27:
/Users/saga/Documents/cpp_projects/horiba-cpp-sdk/build/_deps/boostbeast-src/include/boost/beast/core/detect_ssl.hpp:140:48: warning: implicit conversion changes signedness: 'int' to 'const std::uint32_t' (aka 'const unsigned int') [-Wsign-conversion]
    std::uint32_t const length = (buf[3] << 8) + buf[4];
                        ~~~~~~   ~~~~~~~~~~~~~~^~~~~~~~
/Users/saga/Documents/cpp_projects/horiba-cpp-sdk/build/_deps/boostbeast-src/include/boost/beast/core/detect_ssl.hpp:161:40: warning: implicit conversion changes signedness: 'int' to 'const std::uint32_t' (aka 'const unsigned int') [-Wsign-conversion]
        (buf[6] << 16) + (buf[7] << 8) + buf[8];
        ~~~~~~~~~~~~~~~~~~~~~~~~~~~~~~~^~~~~~~~
In file included from /Users/saga/Documents/cpp_projects/horiba-cpp-sdk/src/communication/websocket_communicator.cpp:1:
In file included from /Users/saga/Documents/cpp_projects/horiba-cpp-sdk/include/horiba_cpp_sdk/communication/websocket_communicator.h:6:
In file included from /Users/saga/Documents/cpp_projects/horiba-cpp-sdk/build/_deps/boostbeast-src/include/boost/beast/core.hpp:29:
In file included from /Users/saga/Documents/cpp_projects/horiba-cpp-sdk/build/_deps/boostbeast-src/include/boost/beast/core/file.hpp:15:
In file included from /Users/saga/Documents/cpp_projects/horiba-cpp-sdk/build/_deps/boostbeast-src/include/boost/beast/core/file_posix.hpp:188:
/Users/saga/Documents/cpp_projects/horiba-cpp-sdk/build/_deps/boostbeast-src/include/boost/beast/core/impl/file_posix.ipp:186:20: warning: declaration shadows a local variable [-Wshadow]
        auto const ev = errno;
                   ^
/Users/saga/Documents/cpp_projects/horiba-cpp-sdk/build/_deps/boostbeast-src/include/boost/beast/core/impl/file_posix.ipp:120:16: note: previous declaration is here
    auto const ev = native_close(fd_);
               ^
/Users/saga/Documents/cpp_projects/horiba-cpp-sdk/build/_deps/boostbeast-src/include/boost/beast/core/impl/file_posix.ipp:221:15: warning: implicit conversion changes signedness: 'off_t' (aka 'long long') to 'std::uint64_t' (aka 'unsigned long long') [-Wsign-conversion]
    return st.st_size;
    ~~~~~~ ~~~^~~~~~~
/Users/saga/Documents/cpp_projects/horiba-cpp-sdk/build/_deps/boostbeast-src/include/boost/beast/core/impl/file_posix.ipp:234:18: warning: use of old-style cast [-Wold-style-cast]
    if(result == (off_t)-1)
                 ^      ~~
/Users/saga/Documents/cpp_projects/horiba-cpp-sdk/build/_deps/boostbeast-src/include/boost/beast/core/impl/file_posix.ipp:240:12: warning: implicit conversion changes signedness: 'const off_t' (aka 'const long long') to 'std::uint64_t' (aka 'unsigned long long') [-Wsign-conversion]
    return result;
    ~~~~~~ ^~~~~~
/Users/saga/Documents/cpp_projects/horiba-cpp-sdk/build/_deps/boostbeast-src/include/boost/beast/core/impl/file_posix.ipp:252:38: warning: implicit conversion changes signedness: 'std::uint64_t' (aka 'unsigned long long') to 'off_t' (aka 'long long') [-Wsign-conversion]
    auto const result = ::lseek(fd_, offset, SEEK_SET);
                        ~~           ^~~~~~
/Users/saga/Documents/cpp_projects/horiba-cpp-sdk/build/_deps/boostbeast-src/include/boost/beast/core/impl/file_posix.ipp:293:14: warning: implicit conversion changes signedness: 'const ssize_t' (aka 'const long') to 'std::size_t' (aka 'unsigned long') [-Wsign-conversion]
        n -= result;
          ~~ ^~~~~~
/Users/saga/Documents/cpp_projects/horiba-cpp-sdk/build/_deps/boostbeast-src/include/boost/beast/core/impl/file_posix.ipp:294:18: warning: implicit conversion changes signedness: 'const ssize_t' (aka 'const long') to 'std::size_t' (aka 'unsigned long') [-Wsign-conversion]
        nread += result;
              ~~ ^~~~~~
/Users/saga/Documents/cpp_projects/horiba-cpp-sdk/build/_deps/boostbeast-src/include/boost/beast/core/impl/file_posix.ipp:327:14: warning: implicit conversion changes signedness: 'const ssize_t' (aka 'const long') to 'std::size_t' (aka 'unsigned long') [-Wsign-conversion]
        n -= result;
          ~~ ^~~~~~
/Users/saga/Documents/cpp_projects/horiba-cpp-sdk/build/_deps/boostbeast-src/include/boost/beast/core/impl/file_posix.ipp:328:21: warning: implicit conversion changes signedness: 'const ssize_t' (aka 'const long') to 'std::size_t' (aka 'unsigned long') [-Wsign-conversion]
        nwritten += result;
                 ~~ ^~~~~~
In file included from /Users/saga/Documents/cpp_projects/horiba-cpp-sdk/src/communication/websocket_communicator.cpp:1:
In file included from /Users/saga/Documents/cpp_projects/horiba-cpp-sdk/include/horiba_cpp_sdk/communication/websocket_communicator.h:6:
In file included from /Users/saga/Documents/cpp_projects/horiba-cpp-sdk/build/_deps/boostbeast-src/include/boost/beast/core.hpp:29:
In file included from /Users/saga/Documents/cpp_projects/horiba-cpp-sdk/build/_deps/boostbeast-src/include/boost/beast/core/file.hpp:16:
In file included from /Users/saga/Documents/cpp_projects/horiba-cpp-sdk/build/_deps/boostbeast-src/include/boost/beast/core/file_stdio.hpp:168:
/Users/saga/Documents/cpp_projects/horiba-cpp-sdk/build/_deps/boostbeast-src/include/boost/beast/core/impl/file_stdio.ipp:244:12: warning: implicit conversion changes signedness: 'long' to 'std::uint64_t' (aka 'unsigned long long') [-Wsign-conversion]
    return size;
    ~~~~~~ ^~~~
/Users/saga/Documents/cpp_projects/horiba-cpp-sdk/build/_deps/boostbeast-src/include/boost/beast/core/impl/file_stdio.ipp:263:12: warning: implicit conversion changes signedness: 'long' to 'std::uint64_t' (aka 'unsigned long long') [-Wsign-conversion]
    return pos;
    ~~~~~~ ^~~
In file included from /Users/saga/Documents/cpp_projects/horiba-cpp-sdk/src/communication/websocket_communicator.cpp:1:
In file included from /Users/saga/Documents/cpp_projects/horiba-cpp-sdk/include/horiba_cpp_sdk/communication/websocket_communicator.h:6:
In file included from /Users/saga/Documents/cpp_projects/horiba-cpp-sdk/build/_deps/boostbeast-src/include/boost/beast/core.hpp:35:
/Users/saga/Documents/cpp_projects/horiba-cpp-sdk/build/_deps/boostbeast-src/include/boost/beast/core/flat_static_buffer.hpp:107:21: warning: implicit conversion changes signedness: 'long' to 'std::size_t' (aka 'unsigned long') [-Wsign-conversion]
        return out_ - in_;
        ~~~~~~ ~~~~~^~~~~
/Users/saga/Documents/cpp_projects/horiba-cpp-sdk/build/_deps/boostbeast-src/include/boost/beast/core/flat_static_buffer.hpp:187:50: warning: implicit conversion changes signedness: 'long' to 'const unsigned long' [-Wsign-conversion]
        out_ += (std::min<std::size_t>)(n, last_ - out_);
                ~                          ~~~~~~^~~~~~
In file included from /Users/saga/Documents/cpp_projects/horiba-cpp-sdk/src/communication/websocket_communicator.cpp:1:
In file included from /Users/saga/Documents/cpp_projects/horiba-cpp-sdk/include/horiba_cpp_sdk/communication/websocket_communicator.h:6:
In file included from /Users/saga/Documents/cpp_projects/horiba-cpp-sdk/build/_deps/boostbeast-src/include/boost/beast/core.hpp:37:
/Users/saga/Documents/cpp_projects/horiba-cpp-sdk/build/_deps/boostbeast-src/include/boost/beast/core/make_printable.hpp:55:28: warning: implicit conversion changes signedness: 'std::size_t' (aka 'unsigned long') to 'streamsize' (aka 'long') [-Wsign-conversion]
            cb.data()), cb.size());
                        ~~~^~~~~~
In file included from /Users/saga/Documents/cpp_projects/horiba-cpp-sdk/src/communication/websocket_communicator.cpp:1:
In file included from /Users/saga/Documents/cpp_projects/horiba-cpp-sdk/include/horiba_cpp_sdk/communication/websocket_communicator.h:6:
In file included from /Users/saga/Documents/cpp_projects/horiba-cpp-sdk/build/_deps/boostbeast-src/include/boost/beast/core.hpp:46:
In file included from /Users/saga/Documents/cpp_projects/horiba-cpp-sdk/build/_deps/boostbeast-src/include/boost/beast/core/static_string.hpp:14:
In file included from /Users/saga/Documents/cpp_projects/horiba-cpp-sdk/build/_deps/boost-src/libs/static_string/include/boost/static_string/static_string.hpp:30:
In file included from /Users/saga/Documents/cpp_projects/horiba-cpp-sdk/build/_deps/boost-src/libs/static_string/include/boost/static_string/config.hpp:152:
/Users/saga/Documents/cpp_projects/horiba-cpp-sdk/build/_deps/boost-src/libs/container_hash/include/boost/container_hash/hash.hpp:333:37: warning: use of old-style cast [-Wold-style-cast]
            boost::hash_combine( r, (B const&)v );
                                    ^         ~
In file included from /Users/saga/Documents/cpp_projects/horiba-cpp-sdk/src/communication/websocket_communicator.cpp:1:
In file included from /Users/saga/Documents/cpp_projects/horiba-cpp-sdk/include/horiba_cpp_sdk/communication/websocket_communicator.h:6:
In file included from /Users/saga/Documents/cpp_projects/horiba-cpp-sdk/build/_deps/boostbeast-src/include/boost/beast/core.hpp:46:
In file included from /Users/saga/Documents/cpp_projects/horiba-cpp-sdk/build/_deps/boostbeast-src/include/boost/beast/core/static_string.hpp:14:
/Users/saga/Documents/cpp_projects/horiba-cpp-sdk/build/_deps/boost-src/libs/static_string/include/boost/static_string/static_string.hpp:6184:51: warning: implicit conversion increases floating-point precision: 'float' to 'double' [-Wdouble-promotion]
    std::numeric_limits<float>::max_digits10 + 4>(value);
                                                  ^~~~~
/Users/saga/Documents/cpp_projects/horiba-cpp-sdk/build/_deps/boost-src/libs/static_string/include/boost/static_string/static_string.hpp:6265:51: warning: implicit conversion increases floating-point precision: 'float' to 'double' [-Wdouble-promotion]
    std::numeric_limits<float>::max_digits10 + 4>(value);
                                                  ^~~~~
In file included from /Users/saga/Documents/cpp_projects/horiba-cpp-sdk/src/communication/websocket_communicator.cpp:1:
In file included from /Users/saga/Documents/cpp_projects/horiba-cpp-sdk/include/horiba_cpp_sdk/communication/websocket_communicator.h:7:
In file included from /Users/saga/Documents/cpp_projects/horiba-cpp-sdk/build/_deps/boostbeast-src/include/boost/beast/websocket.hpp:15:
In file included from /Users/saga/Documents/cpp_projects/horiba-cpp-sdk/build/_deps/boostbeast-src/include/boost/beast/websocket/error.hpp:253:
/Users/saga/Documents/cpp_projects/horiba-cpp-sdk/build/_deps/boostbeast-src/include/boost/beast/websocket/impl/error.ipp:20:7: warning: 'boost::beast::websocket::detail::error_codes' has virtual functions but non-virtual destructor [-Wnon-virtual-dtor]
class error_codes : public error_category
      ^
/Users/saga/Documents/cpp_projects/horiba-cpp-sdk/build/_deps/boostbeast-src/include/boost/beast/websocket/impl/error.ipp:120:7: warning: 'boost::beast::websocket::detail::error_conditions' has virtual functions but non-virtual destructor [-Wnon-virtual-dtor]
class error_conditions : public error_category
      ^
In file included from /Users/saga/Documents/cpp_projects/horiba-cpp-sdk/src/communication/websocket_communicator.cpp:1:
In file included from /Users/saga/Documents/cpp_projects/horiba-cpp-sdk/include/horiba_cpp_sdk/communication/websocket_communicator.h:7:
In file included from /Users/saga/Documents/cpp_projects/horiba-cpp-sdk/build/_deps/boostbeast-src/include/boost/beast/websocket.hpp:17:
In file included from /Users/saga/Documents/cpp_projects/horiba-cpp-sdk/build/_deps/boostbeast-src/include/boost/beast/websocket/rfc6455.hpp:16:
In file included from /Users/saga/Documents/cpp_projects/horiba-cpp-sdk/build/_deps/boostbeast-src/include/boost/beast/http/empty_body.hpp:14:
In file included from /Users/saga/Documents/cpp_projects/horiba-cpp-sdk/build/_deps/boostbeast-src/include/boost/beast/http/error.hpp:176:
/Users/saga/Documents/cpp_projects/horiba-cpp-sdk/build/_deps/boostbeast-src/include/boost/beast/http/impl/error.ipp:21:7: warning: 'boost::beast::http::detail::http_error_category' has virtual functions but non-virtual destructor [-Wnon-virtual-dtor]
class http_error_category : public error_category
      ^
In file included from /Users/saga/Documents/cpp_projects/horiba-cpp-sdk/src/communication/websocket_communicator.cpp:1:
In file included from /Users/saga/Documents/cpp_projects/horiba-cpp-sdk/include/horiba_cpp_sdk/communication/websocket_communicator.h:7:
In file included from /Users/saga/Documents/cpp_projects/horiba-cpp-sdk/build/_deps/boostbeast-src/include/boost/beast/websocket.hpp:17:
In file included from /Users/saga/Documents/cpp_projects/horiba-cpp-sdk/build/_deps/boostbeast-src/include/boost/beast/websocket/rfc6455.hpp:16:
In file included from /Users/saga/Documents/cpp_projects/horiba-cpp-sdk/build/_deps/boostbeast-src/include/boost/beast/http/empty_body.hpp:15:
In file included from /Users/saga/Documents/cpp_projects/horiba-cpp-sdk/build/_deps/boostbeast-src/include/boost/beast/http/message.hpp:14:
In file included from /Users/saga/Documents/cpp_projects/horiba-cpp-sdk/build/_deps/boostbeast-src/include/boost/beast/http/fields.hpp:16:
In file included from /Users/saga/Documents/cpp_projects/horiba-cpp-sdk/build/_deps/boostbeast-src/include/boost/beast/http/field.hpp:411:
/Users/saga/Documents/cpp_projects/horiba-cpp-sdk/build/_deps/boostbeast-src/include/boost/beast/http/impl/field.ipp:42:26: warning: implicit conversion changes signedness: 'int' to 'std::uint32_t' (aka 'unsigned int') [-Wsign-conversion]
            (p[2] << 16) |
            ~~~~~~~~~~~~~^
/Users/saga/Documents/cpp_projects/horiba-cpp-sdk/build/_deps/boostbeast-src/include/boost/beast/http/impl/field.ipp:505:35: warning: implicit conversion changes signedness: 'int' to 'size_type' (aka 'unsigned long') [-Wsign-conversion]
        string_view s2 = by_name_[i];
                         ~~~~~~~~ ^
/Users/saga/Documents/cpp_projects/horiba-cpp-sdk/build/_deps/boostbeast-src/include/boost/beast/http/impl/field.ipp:512:23: warning: implicit conversion changes signedness: 'int' to 'size_type' (aka 'unsigned long') [-Wsign-conversion]
        s2 = by_name_[i];
             ~~~~~~~~ ^
In file included from /Users/saga/Documents/cpp_projects/horiba-cpp-sdk/src/communication/websocket_communicator.cpp:1:
In file included from /Users/saga/Documents/cpp_projects/horiba-cpp-sdk/include/horiba_cpp_sdk/communication/websocket_communicator.h:7:
In file included from /Users/saga/Documents/cpp_projects/horiba-cpp-sdk/build/_deps/boostbeast-src/include/boost/beast/websocket.hpp:17:
In file included from /Users/saga/Documents/cpp_projects/horiba-cpp-sdk/build/_deps/boostbeast-src/include/boost/beast/websocket/rfc6455.hpp:16:
In file included from /Users/saga/Documents/cpp_projects/horiba-cpp-sdk/build/_deps/boostbeast-src/include/boost/beast/http/empty_body.hpp:15:
In file included from /Users/saga/Documents/cpp_projects/horiba-cpp-sdk/build/_deps/boostbeast-src/include/boost/beast/http/message.hpp:14:
In file included from /Users/saga/Documents/cpp_projects/horiba-cpp-sdk/build/_deps/boostbeast-src/include/boost/beast/http/fields.hpp:20:
In file included from /Users/saga/Documents/cpp_projects/horiba-cpp-sdk/build/_deps/boost-src/libs/intrusive/include/boost/intrusive/set.hpp:20:
In file included from /Users/saga/Documents/cpp_projects/horiba-cpp-sdk/build/_deps/boost-src/libs/intrusive/include/boost/intrusive/rbtree.hpp:21:
In file included from /Users/saga/Documents/cpp_projects/horiba-cpp-sdk/build/_deps/boost-src/libs/intrusive/include/boost/intrusive/set_hook.hpp:20:
In file included from /Users/saga/Documents/cpp_projects/horiba-cpp-sdk/build/_deps/boost-src/libs/intrusive/include/boost/intrusive/detail/rbtree_node.hpp:28:
In file included from /Users/saga/Documents/cpp_projects/horiba-cpp-sdk/build/_deps/boost-src/libs/intrusive/include/boost/intrusive/rbtree_algorithms.hpp:33:
In file included from /Users/saga/Documents/cpp_projects/horiba-cpp-sdk/build/_deps/boost-src/libs/intrusive/include/boost/intrusive/bstree_algorithms.hpp:23:
/Users/saga/Documents/cpp_projects/horiba-cpp-sdk/build/_deps/boost-src/libs/intrusive/include/boost/intrusive/detail/math.hpp:96:17: warning: use of old-style cast [-Wold-style-cast]
      {  return (::boost::ulong_long_type)__builtin_clzll(n); }
                ^                         ~~~~~~~~~~~~~~~~~~
/Users/saga/Documents/cpp_projects/horiba-cpp-sdk/build/_deps/boost-src/libs/intrusive/include/boost/intrusive/detail/math.hpp:104:17: warning: use of old-style cast [-Wold-style-cast]
      {  return (unsigned long)__builtin_clzl(n); }
                ^              ~~~~~~~~~~~~~~~~~
/Users/saga/Documents/cpp_projects/horiba-cpp-sdk/build/_deps/boost-src/libs/intrusive/include/boost/intrusive/detail/math.hpp:111:17: warning: use of old-style cast [-Wold-style-cast]
      {  return (unsigned int)__builtin_clz(n); }
                ^             ~~~~~~~~~~~~~~~~
/Users/saga/Documents/cpp_projects/horiba-cpp-sdk/build/_deps/boost-src/libs/intrusive/include/boost/intrusive/detail/math.hpp:233:30: warning: use of old-style cast [-Wold-style-cast]
   const std::size_t value = (std::size_t)sqrt2_pow_max<std::size_t>::value;
                             ^            ~~~~~~~~~~~~~~~~~~~~~~~~~~~~~~~~~
/Users/saga/Documents/cpp_projects/horiba-cpp-sdk/build/_deps/boost-src/libs/intrusive/include/boost/intrusive/detail/math.hpp:234:30: warning: use of old-style cast [-Wold-style-cast]
   const std::size_t pow   = (std::size_t)sqrt2_pow_max<std::size_t>::pow;
                             ^            ~~~~~~~~~~~~~~~~~~~~~~~~~~~~~~~
In file included from /Users/saga/Documents/cpp_projects/horiba-cpp-sdk/src/communication/websocket_communicator.cpp:1:
In file included from /Users/saga/Documents/cpp_projects/horiba-cpp-sdk/include/horiba_cpp_sdk/communication/websocket_communicator.h:7:
In file included from /Users/saga/Documents/cpp_projects/horiba-cpp-sdk/build/_deps/boostbeast-src/include/boost/beast/websocket.hpp:17:
In file included from /Users/saga/Documents/cpp_projects/horiba-cpp-sdk/build/_deps/boostbeast-src/include/boost/beast/websocket/rfc6455.hpp:16:
In file included from /Users/saga/Documents/cpp_projects/horiba-cpp-sdk/build/_deps/boostbeast-src/include/boost/beast/http/empty_body.hpp:15:
In file included from /Users/saga/Documents/cpp_projects/horiba-cpp-sdk/build/_deps/boostbeast-src/include/boost/beast/http/message.hpp:14:
In file included from /Users/saga/Documents/cpp_projects/horiba-cpp-sdk/build/_deps/boostbeast-src/include/boost/beast/http/fields.hpp:20:
In file included from /Users/saga/Documents/cpp_projects/horiba-cpp-sdk/build/_deps/boost-src/libs/intrusive/include/boost/intrusive/set.hpp:20:
In file included from /Users/saga/Documents/cpp_projects/horiba-cpp-sdk/build/_deps/boost-src/libs/intrusive/include/boost/intrusive/rbtree.hpp:21:
In file included from /Users/saga/Documents/cpp_projects/horiba-cpp-sdk/build/_deps/boost-src/libs/intrusive/include/boost/intrusive/set_hook.hpp:20:
/Users/saga/Documents/cpp_projects/horiba-cpp-sdk/build/_deps/boost-src/libs/intrusive/include/boost/intrusive/detail/rbtree_node.hpp:161:14: warning: use of old-style cast [-Wold-style-cast]
   {  return (color)ptr_bit::get_bits(n->parent_);  }
             ^      ~~~~~~~~~~~~~~~~~~~~~~~~~~~~~
/Users/saga/Documents/cpp_projects/horiba-cpp-sdk/build/_deps/boost-src/libs/intrusive/include/boost/intrusive/detail/rbtree_node.hpp:164:14: warning: use of old-style cast [-Wold-style-cast]
   {  return (color)ptr_bit::get_bits(n->parent_);  }
             ^      ~~~~~~~~~~~~~~~~~~~~~~~~~~~~~
In file included from /Users/saga/Documents/cpp_projects/horiba-cpp-sdk/src/communication/websocket_communicator.cpp:1:
In file included from /Users/saga/Documents/cpp_projects/horiba-cpp-sdk/include/horiba_cpp_sdk/communication/websocket_communicator.h:7:
In file included from /Users/saga/Documents/cpp_projects/horiba-cpp-sdk/build/_deps/boostbeast-src/include/boost/beast/websocket.hpp:17:
In file included from /Users/saga/Documents/cpp_projects/horiba-cpp-sdk/build/_deps/boostbeast-src/include/boost/beast/websocket/rfc6455.hpp:16:
In file included from /Users/saga/Documents/cpp_projects/horiba-cpp-sdk/build/_deps/boostbeast-src/include/boost/beast/http/empty_body.hpp:15:
In file included from /Users/saga/Documents/cpp_projects/horiba-cpp-sdk/build/_deps/boostbeast-src/include/boost/beast/http/message.hpp:14:
In file included from /Users/saga/Documents/cpp_projects/horiba-cpp-sdk/build/_deps/boostbeast-src/include/boost/beast/http/fields.hpp:20:
In file included from /Users/saga/Documents/cpp_projects/horiba-cpp-sdk/build/_deps/boost-src/libs/intrusive/include/boost/intrusive/set.hpp:20:
In file included from /Users/saga/Documents/cpp_projects/horiba-cpp-sdk/build/_deps/boost-src/libs/intrusive/include/boost/intrusive/rbtree.hpp:23:
/Users/saga/Documents/cpp_projects/horiba-cpp-sdk/build/_deps/boost-src/libs/intrusive/include/boost/intrusive/bstree.hpp:669:49: warning: use of old-style cast [-Wold-style-cast]
   BOOST_STATIC_ASSERT(!(constant_time_size && ((int)value_traits::link_mode == (int)auto_unlink)));
                                                ^    ~~~~~~~~~~~~~~~~~~~~~~~
/Users/saga/Documents/cpp_projects/horiba-cpp-sdk/build/_deps/boost-src/libs/static_assert/include/boost/static_assert.hpp:71:55: note: expanded from macro 'BOOST_STATIC_ASSERT'
#     define BOOST_STATIC_ASSERT( ... ) static_assert(__VA_ARGS__, #__VA_ARGS__)
                                                      ^~~~~~~~~~~
In file included from /Users/saga/Documents/cpp_projects/horiba-cpp-sdk/src/communication/websocket_communicator.cpp:1:
In file included from /Users/saga/Documents/cpp_projects/horiba-cpp-sdk/include/horiba_cpp_sdk/communication/websocket_communicator.h:7:
In file included from /Users/saga/Documents/cpp_projects/horiba-cpp-sdk/build/_deps/boostbeast-src/include/boost/beast/websocket.hpp:17:
In file included from /Users/saga/Documents/cpp_projects/horiba-cpp-sdk/build/_deps/boostbeast-src/include/boost/beast/websocket/rfc6455.hpp:16:
In file included from /Users/saga/Documents/cpp_projects/horiba-cpp-sdk/build/_deps/boostbeast-src/include/boost/beast/http/empty_body.hpp:15:
In file included from /Users/saga/Documents/cpp_projects/horiba-cpp-sdk/build/_deps/boostbeast-src/include/boost/beast/http/message.hpp:14:
In file included from /Users/saga/Documents/cpp_projects/horiba-cpp-sdk/build/_deps/boostbeast-src/include/boost/beast/http/fields.hpp:20:
In file included from /Users/saga/Documents/cpp_projects/horiba-cpp-sdk/build/_deps/boost-src/libs/intrusive/include/boost/intrusive/set.hpp:20:
In file included from /Users/saga/Documents/cpp_projects/horiba-cpp-sdk/build/_deps/boost-src/libs/intrusive/include/boost/intrusive/rbtree.hpp:23:
/Users/saga/Documents/cpp_projects/horiba-cpp-sdk/build/_deps/boost-src/libs/intrusive/include/boost/intrusive/bstree.hpp:669:81: warning: use of old-style cast [-Wold-style-cast]
   BOOST_STATIC_ASSERT(!(constant_time_size && ((int)value_traits::link_mode == (int)auto_unlink)));
                                                                                ^    ~~~~~~~~~~~
/Users/saga/Documents/cpp_projects/horiba-cpp-sdk/build/_deps/boost-src/libs/static_assert/include/boost/static_assert.hpp:71:55: note: expanded from macro 'BOOST_STATIC_ASSERT'
#     define BOOST_STATIC_ASSERT( ... ) static_assert(__VA_ARGS__, #__VA_ARGS__)
                                                      ^~~~~~~~~~~
In file included from /Users/saga/Documents/cpp_projects/horiba-cpp-sdk/src/communication/websocket_communicator.cpp:1:
In file included from /Users/saga/Documents/cpp_projects/horiba-cpp-sdk/include/horiba_cpp_sdk/communication/websocket_communicator.h:7:
In file included from /Users/saga/Documents/cpp_projects/horiba-cpp-sdk/build/_deps/boostbeast-src/include/boost/beast/websocket.hpp:17:
In file included from /Users/saga/Documents/cpp_projects/horiba-cpp-sdk/build/_deps/boostbeast-src/include/boost/beast/websocket/rfc6455.hpp:16:
In file included from /Users/saga/Documents/cpp_projects/horiba-cpp-sdk/build/_deps/boostbeast-src/include/boost/beast/http/empty_body.hpp:15:
In file included from /Users/saga/Documents/cpp_projects/horiba-cpp-sdk/build/_deps/boostbeast-src/include/boost/beast/http/message.hpp:14:
In file included from /Users/saga/Documents/cpp_projects/horiba-cpp-sdk/build/_deps/boostbeast-src/include/boost/beast/http/fields.hpp:20:
In file included from /Users/saga/Documents/cpp_projects/horiba-cpp-sdk/build/_deps/boost-src/libs/intrusive/include/boost/intrusive/set.hpp:20:
In file included from /Users/saga/Documents/cpp_projects/horiba-cpp-sdk/build/_deps/boost-src/libs/intrusive/include/boost/intrusive/rbtree.hpp:23:
/Users/saga/Documents/cpp_projects/horiba-cpp-sdk/build/_deps/boost-src/libs/intrusive/include/boost/intrusive/bstree.hpp:966:17: warning: use of old-style cast [-Wold-style-cast]
         return (size_type)node_algorithms::size(this->header_ptr());
                ^          ~~~~~~~~~~~~~~~~~~~~~~~~~~~~~~~~~~~~~~~~~
/Users/saga/Documents/cpp_projects/horiba-cpp-sdk/build/_deps/boost-src/libs/intrusive/include/boost/intrusive/bstree.hpp:2205:15: warning: use of old-style cast [-Wold-style-cast]
      :  Base(BOOST_MOVE_BASE(Base, x))
              ^~~~~~~~~~~~~~~~~~~~~~~~
/Users/saga/Documents/cpp_projects/horiba-cpp-sdk/build/_deps/boost-src/libs/move/include/boost/move/core.hpp:490:21: note: expanded from macro 'BOOST_MOVE_BASE'
      ::boost::move((BASE_TYPE&)(ARG))
                    ^           ~~~~~
In file included from /Users/saga/Documents/cpp_projects/horiba-cpp-sdk/src/communication/websocket_communicator.cpp:1:
In file included from /Users/saga/Documents/cpp_projects/horiba-cpp-sdk/include/horiba_cpp_sdk/communication/websocket_communicator.h:7:
In file included from /Users/saga/Documents/cpp_projects/horiba-cpp-sdk/build/_deps/boostbeast-src/include/boost/beast/websocket.hpp:17:
In file included from /Users/saga/Documents/cpp_projects/horiba-cpp-sdk/build/_deps/boostbeast-src/include/boost/beast/websocket/rfc6455.hpp:16:
In file included from /Users/saga/Documents/cpp_projects/horiba-cpp-sdk/build/_deps/boostbeast-src/include/boost/beast/http/empty_body.hpp:15:
In file included from /Users/saga/Documents/cpp_projects/horiba-cpp-sdk/build/_deps/boostbeast-src/include/boost/beast/http/message.hpp:14:
In file included from /Users/saga/Documents/cpp_projects/horiba-cpp-sdk/build/_deps/boostbeast-src/include/boost/beast/http/fields.hpp:20:
In file included from /Users/saga/Documents/cpp_projects/horiba-cpp-sdk/build/_deps/boost-src/libs/intrusive/include/boost/intrusive/set.hpp:20:
In file included from /Users/saga/Documents/cpp_projects/horiba-cpp-sdk/build/_deps/boost-src/libs/intrusive/include/boost/intrusive/rbtree.hpp:23:
/Users/saga/Documents/cpp_projects/horiba-cpp-sdk/build/_deps/boost-src/libs/intrusive/include/boost/intrusive/bstree.hpp:2209:58: warning: use of old-style cast [-Wold-style-cast]
   {  return static_cast<bstree &>(this->Base::operator=(BOOST_MOVE_BASE(Base, x)));  }
                                                         ^~~~~~~~~~~~~~~~~~~~~~~~
/Users/saga/Documents/cpp_projects/horiba-cpp-sdk/build/_deps/boost-src/libs/move/include/boost/move/core.hpp:490:21: note: expanded from macro 'BOOST_MOVE_BASE'
      ::boost::move((BASE_TYPE&)(ARG))
                    ^           ~~~~~
In file included from /Users/saga/Documents/cpp_projects/horiba-cpp-sdk/src/communication/websocket_communicator.cpp:1:
In file included from /Users/saga/Documents/cpp_projects/horiba-cpp-sdk/include/horiba_cpp_sdk/communication/websocket_communicator.h:7:
In file included from /Users/saga/Documents/cpp_projects/horiba-cpp-sdk/build/_deps/boostbeast-src/include/boost/beast/websocket.hpp:17:
In file included from /Users/saga/Documents/cpp_projects/horiba-cpp-sdk/build/_deps/boostbeast-src/include/boost/beast/websocket/rfc6455.hpp:16:
In file included from /Users/saga/Documents/cpp_projects/horiba-cpp-sdk/build/_deps/boostbeast-src/include/boost/beast/http/empty_body.hpp:15:
In file included from /Users/saga/Documents/cpp_projects/horiba-cpp-sdk/build/_deps/boostbeast-src/include/boost/beast/http/message.hpp:14:
In file included from /Users/saga/Documents/cpp_projects/horiba-cpp-sdk/build/_deps/boostbeast-src/include/boost/beast/http/fields.hpp:20:
In file included from /Users/saga/Documents/cpp_projects/horiba-cpp-sdk/build/_deps/boost-src/libs/intrusive/include/boost/intrusive/set.hpp:20:
In file included from /Users/saga/Documents/cpp_projects/horiba-cpp-sdk/build/_deps/boost-src/libs/intrusive/include/boost/intrusive/rbtree.hpp:23:
/Users/saga/Documents/cpp_projects/horiba-cpp-sdk/build/_deps/boost-src/libs/intrusive/include/boost/intrusive/bstree.hpp:2217:24: warning: use of old-style cast [-Wold-style-cast]
   {  Base::clone_from(BOOST_MOVE_BASE(Base, src), cloner, disposer);  }
                       ^~~~~~~~~~~~~~~~~~~~~~~~~~
/Users/saga/Documents/cpp_projects/horiba-cpp-sdk/build/_deps/boost-src/libs/move/include/boost/move/core.hpp:490:21: note: expanded from macro 'BOOST_MOVE_BASE'
      ::boost::move((BASE_TYPE&)(ARG))
                    ^           ~~~~~
In file included from /Users/saga/Documents/cpp_projects/horiba-cpp-sdk/src/communication/websocket_communicator.cpp:1:
In file included from /Users/saga/Documents/cpp_projects/horiba-cpp-sdk/include/horiba_cpp_sdk/communication/websocket_communicator.h:7:
In file included from /Users/saga/Documents/cpp_projects/horiba-cpp-sdk/build/_deps/boostbeast-src/include/boost/beast/websocket.hpp:17:
In file included from /Users/saga/Documents/cpp_projects/horiba-cpp-sdk/build/_deps/boostbeast-src/include/boost/beast/websocket/rfc6455.hpp:16:
In file included from /Users/saga/Documents/cpp_projects/horiba-cpp-sdk/build/_deps/boostbeast-src/include/boost/beast/http/empty_body.hpp:15:
In file included from /Users/saga/Documents/cpp_projects/horiba-cpp-sdk/build/_deps/boostbeast-src/include/boost/beast/http/message.hpp:14:
In file included from /Users/saga/Documents/cpp_projects/horiba-cpp-sdk/build/_deps/boostbeast-src/include/boost/beast/http/fields.hpp:20:
In file included from /Users/saga/Documents/cpp_projects/horiba-cpp-sdk/build/_deps/boost-src/libs/intrusive/include/boost/intrusive/set.hpp:20:
/Users/saga/Documents/cpp_projects/horiba-cpp-sdk/build/_deps/boost-src/libs/intrusive/include/boost/intrusive/rbtree.hpp:144:20: warning: use of old-style cast [-Wold-style-cast]
      :  tree_type(BOOST_MOVE_BASE(tree_type, x))
                   ^~~~~~~~~~~~~~~~~~~~~~~~~~~~~
/Users/saga/Documents/cpp_projects/horiba-cpp-sdk/build/_deps/boost-src/libs/move/include/boost/move/core.hpp:490:21: note: expanded from macro 'BOOST_MOVE_BASE'
      ::boost::move((BASE_TYPE&)(ARG))
                    ^           ~~~~~
In file included from /Users/saga/Documents/cpp_projects/horiba-cpp-sdk/src/communication/websocket_communicator.cpp:1:
In file included from /Users/saga/Documents/cpp_projects/horiba-cpp-sdk/include/horiba_cpp_sdk/communication/websocket_communicator.h:7:
In file included from /Users/saga/Documents/cpp_projects/horiba-cpp-sdk/build/_deps/boostbeast-src/include/boost/beast/websocket.hpp:17:
In file included from /Users/saga/Documents/cpp_projects/horiba-cpp-sdk/build/_deps/boostbeast-src/include/boost/beast/websocket/rfc6455.hpp:16:
In file included from /Users/saga/Documents/cpp_projects/horiba-cpp-sdk/build/_deps/boostbeast-src/include/boost/beast/http/empty_body.hpp:15:
In file included from /Users/saga/Documents/cpp_projects/horiba-cpp-sdk/build/_deps/boostbeast-src/include/boost/beast/http/message.hpp:14:
In file included from /Users/saga/Documents/cpp_projects/horiba-cpp-sdk/build/_deps/boostbeast-src/include/boost/beast/http/fields.hpp:20:
In file included from /Users/saga/Documents/cpp_projects/horiba-cpp-sdk/build/_deps/boost-src/libs/intrusive/include/boost/intrusive/set.hpp:20:
/Users/saga/Documents/cpp_projects/horiba-cpp-sdk/build/_deps/boost-src/libs/intrusive/include/boost/intrusive/rbtree.hpp:149:61: warning: use of old-style cast [-Wold-style-cast]
   {  return static_cast<rbtree_impl&>(tree_type::operator=(BOOST_MOVE_BASE(tree_type, x))); }
                                                            ^~~~~~~~~~~~~~~~~~~~~~~~~~~~~
/Users/saga/Documents/cpp_projects/horiba-cpp-sdk/build/_deps/boost-src/libs/move/include/boost/move/core.hpp:490:21: note: expanded from macro 'BOOST_MOVE_BASE'
      ::boost::move((BASE_TYPE&)(ARG))
                    ^           ~~~~~
In file included from /Users/saga/Documents/cpp_projects/horiba-cpp-sdk/src/communication/websocket_communicator.cpp:1:
In file included from /Users/saga/Documents/cpp_projects/horiba-cpp-sdk/include/horiba_cpp_sdk/communication/websocket_communicator.h:7:
In file included from /Users/saga/Documents/cpp_projects/horiba-cpp-sdk/build/_deps/boostbeast-src/include/boost/beast/websocket.hpp:17:
In file included from /Users/saga/Documents/cpp_projects/horiba-cpp-sdk/build/_deps/boostbeast-src/include/boost/beast/websocket/rfc6455.hpp:16:
In file included from /Users/saga/Documents/cpp_projects/horiba-cpp-sdk/build/_deps/boostbeast-src/include/boost/beast/http/empty_body.hpp:15:
In file included from /Users/saga/Documents/cpp_projects/horiba-cpp-sdk/build/_deps/boostbeast-src/include/boost/beast/http/message.hpp:14:
In file included from /Users/saga/Documents/cpp_projects/horiba-cpp-sdk/build/_deps/boostbeast-src/include/boost/beast/http/fields.hpp:20:
In file included from /Users/saga/Documents/cpp_projects/horiba-cpp-sdk/build/_deps/boost-src/libs/intrusive/include/boost/intrusive/set.hpp:20:
/Users/saga/Documents/cpp_projects/horiba-cpp-sdk/build/_deps/boost-src/libs/intrusive/include/boost/intrusive/rbtree.hpp:240:29: warning: use of old-style cast [-Wold-style-cast]
   {  tree_type::clone_from(BOOST_MOVE_BASE(tree_type, src), cloner, disposer);  }
                            ^~~~~~~~~~~~~~~~~~~~~~~~~~~~~~~
/Users/saga/Documents/cpp_projects/horiba-cpp-sdk/build/_deps/boost-src/libs/move/include/boost/move/core.hpp:490:21: note: expanded from macro 'BOOST_MOVE_BASE'
      ::boost::move((BASE_TYPE&)(ARG))
                    ^           ~~~~~
In file included from /Users/saga/Documents/cpp_projects/horiba-cpp-sdk/src/communication/websocket_communicator.cpp:1:
In file included from /Users/saga/Documents/cpp_projects/horiba-cpp-sdk/include/horiba_cpp_sdk/communication/websocket_communicator.h:7:
In file included from /Users/saga/Documents/cpp_projects/horiba-cpp-sdk/build/_deps/boostbeast-src/include/boost/beast/websocket.hpp:17:
In file included from /Users/saga/Documents/cpp_projects/horiba-cpp-sdk/build/_deps/boostbeast-src/include/boost/beast/websocket/rfc6455.hpp:16:
In file included from /Users/saga/Documents/cpp_projects/horiba-cpp-sdk/build/_deps/boostbeast-src/include/boost/beast/http/empty_body.hpp:15:
In file included from /Users/saga/Documents/cpp_projects/horiba-cpp-sdk/build/_deps/boostbeast-src/include/boost/beast/http/message.hpp:14:
In file included from /Users/saga/Documents/cpp_projects/horiba-cpp-sdk/build/_deps/boostbeast-src/include/boost/beast/http/fields.hpp:20:
In file included from /Users/saga/Documents/cpp_projects/horiba-cpp-sdk/build/_deps/boost-src/libs/intrusive/include/boost/intrusive/set.hpp:20:
/Users/saga/Documents/cpp_projects/horiba-cpp-sdk/build/_deps/boost-src/libs/intrusive/include/boost/intrusive/rbtree.hpp:557:15: warning: use of old-style cast [-Wold-style-cast]
      :  Base(BOOST_MOVE_BASE(Base, x))
              ^~~~~~~~~~~~~~~~~~~~~~~~
/Users/saga/Documents/cpp_projects/horiba-cpp-sdk/build/_deps/boost-src/libs/move/include/boost/move/core.hpp:490:21: note: expanded from macro 'BOOST_MOVE_BASE'
      ::boost::move((BASE_TYPE&)(ARG))
                    ^           ~~~~~
In file included from /Users/saga/Documents/cpp_projects/horiba-cpp-sdk/src/communication/websocket_communicator.cpp:1:
In file included from /Users/saga/Documents/cpp_projects/horiba-cpp-sdk/include/horiba_cpp_sdk/communication/websocket_communicator.h:7:
In file included from /Users/saga/Documents/cpp_projects/horiba-cpp-sdk/build/_deps/boostbeast-src/include/boost/beast/websocket.hpp:17:
In file included from /Users/saga/Documents/cpp_projects/horiba-cpp-sdk/build/_deps/boostbeast-src/include/boost/beast/websocket/rfc6455.hpp:16:
In file included from /Users/saga/Documents/cpp_projects/horiba-cpp-sdk/build/_deps/boostbeast-src/include/boost/beast/http/empty_body.hpp:15:
In file included from /Users/saga/Documents/cpp_projects/horiba-cpp-sdk/build/_deps/boostbeast-src/include/boost/beast/http/message.hpp:14:
In file included from /Users/saga/Documents/cpp_projects/horiba-cpp-sdk/build/_deps/boostbeast-src/include/boost/beast/http/fields.hpp:20:
In file included from /Users/saga/Documents/cpp_projects/horiba-cpp-sdk/build/_deps/boost-src/libs/intrusive/include/boost/intrusive/set.hpp:20:
/Users/saga/Documents/cpp_projects/horiba-cpp-sdk/build/_deps/boost-src/libs/intrusive/include/boost/intrusive/rbtree.hpp:561:58: warning: use of old-style cast [-Wold-style-cast]
   {  return static_cast<rbtree &>(this->Base::operator=(BOOST_MOVE_BASE(Base, x)));  }
                                                         ^~~~~~~~~~~~~~~~~~~~~~~~
/Users/saga/Documents/cpp_projects/horiba-cpp-sdk/build/_deps/boost-src/libs/move/include/boost/move/core.hpp:490:21: note: expanded from macro 'BOOST_MOVE_BASE'
      ::boost::move((BASE_TYPE&)(ARG))
                    ^           ~~~~~
In file included from /Users/saga/Documents/cpp_projects/horiba-cpp-sdk/src/communication/websocket_communicator.cpp:1:
In file included from /Users/saga/Documents/cpp_projects/horiba-cpp-sdk/include/horiba_cpp_sdk/communication/websocket_communicator.h:7:
In file included from /Users/saga/Documents/cpp_projects/horiba-cpp-sdk/build/_deps/boostbeast-src/include/boost/beast/websocket.hpp:17:
In file included from /Users/saga/Documents/cpp_projects/horiba-cpp-sdk/build/_deps/boostbeast-src/include/boost/beast/websocket/rfc6455.hpp:16:
In file included from /Users/saga/Documents/cpp_projects/horiba-cpp-sdk/build/_deps/boostbeast-src/include/boost/beast/http/empty_body.hpp:15:
In file included from /Users/saga/Documents/cpp_projects/horiba-cpp-sdk/build/_deps/boostbeast-src/include/boost/beast/http/message.hpp:14:
In file included from /Users/saga/Documents/cpp_projects/horiba-cpp-sdk/build/_deps/boostbeast-src/include/boost/beast/http/fields.hpp:20:
In file included from /Users/saga/Documents/cpp_projects/horiba-cpp-sdk/build/_deps/boost-src/libs/intrusive/include/boost/intrusive/set.hpp:20:
/Users/saga/Documents/cpp_projects/horiba-cpp-sdk/build/_deps/boost-src/libs/intrusive/include/boost/intrusive/rbtree.hpp:569:24: warning: use of old-style cast [-Wold-style-cast]
   {  Base::clone_from(BOOST_MOVE_BASE(Base, src), cloner, disposer);  }
                       ^~~~~~~~~~~~~~~~~~~~~~~~~~
/Users/saga/Documents/cpp_projects/horiba-cpp-sdk/build/_deps/boost-src/libs/move/include/boost/move/core.hpp:490:21: note: expanded from macro 'BOOST_MOVE_BASE'
      ::boost::move((BASE_TYPE&)(ARG))
                    ^           ~~~~~
In file included from /Users/saga/Documents/cpp_projects/horiba-cpp-sdk/src/communication/websocket_communicator.cpp:1:
In file included from /Users/saga/Documents/cpp_projects/horiba-cpp-sdk/include/horiba_cpp_sdk/communication/websocket_communicator.h:7:
In file included from /Users/saga/Documents/cpp_projects/horiba-cpp-sdk/build/_deps/boostbeast-src/include/boost/beast/websocket.hpp:17:
In file included from /Users/saga/Documents/cpp_projects/horiba-cpp-sdk/build/_deps/boostbeast-src/include/boost/beast/websocket/rfc6455.hpp:16:
In file included from /Users/saga/Documents/cpp_projects/horiba-cpp-sdk/build/_deps/boostbeast-src/include/boost/beast/http/empty_body.hpp:15:
In file included from /Users/saga/Documents/cpp_projects/horiba-cpp-sdk/build/_deps/boostbeast-src/include/boost/beast/http/message.hpp:14:
In file included from /Users/saga/Documents/cpp_projects/horiba-cpp-sdk/build/_deps/boostbeast-src/include/boost/beast/http/fields.hpp:20:
/Users/saga/Documents/cpp_projects/horiba-cpp-sdk/build/_deps/boost-src/libs/intrusive/include/boost/intrusive/set.hpp:111:20: warning: use of old-style cast [-Wold-style-cast]
      :  tree_type(BOOST_MOVE_BASE(tree_type, x))
                   ^~~~~~~~~~~~~~~~~~~~~~~~~~~~~
/Users/saga/Documents/cpp_projects/horiba-cpp-sdk/build/_deps/boost-src/libs/move/include/boost/move/core.hpp:490:21: note: expanded from macro 'BOOST_MOVE_BASE'
      ::boost::move((BASE_TYPE&)(ARG))
                    ^           ~~~~~
In file included from /Users/saga/Documents/cpp_projects/horiba-cpp-sdk/src/communication/websocket_communicator.cpp:1:
In file included from /Users/saga/Documents/cpp_projects/horiba-cpp-sdk/include/horiba_cpp_sdk/communication/websocket_communicator.h:7:
In file included from /Users/saga/Documents/cpp_projects/horiba-cpp-sdk/build/_deps/boostbeast-src/include/boost/beast/websocket.hpp:17:
In file included from /Users/saga/Documents/cpp_projects/horiba-cpp-sdk/build/_deps/boostbeast-src/include/boost/beast/websocket/rfc6455.hpp:16:
In file included from /Users/saga/Documents/cpp_projects/horiba-cpp-sdk/build/_deps/boostbeast-src/include/boost/beast/http/empty_body.hpp:15:
In file included from /Users/saga/Documents/cpp_projects/horiba-cpp-sdk/build/_deps/boostbeast-src/include/boost/beast/http/message.hpp:14:
In file included from /Users/saga/Documents/cpp_projects/horiba-cpp-sdk/build/_deps/boostbeast-src/include/boost/beast/http/fields.hpp:20:
/Users/saga/Documents/cpp_projects/horiba-cpp-sdk/build/_deps/boost-src/libs/intrusive/include/boost/intrusive/set.hpp:116:58: warning: use of old-style cast [-Wold-style-cast]
   {  return static_cast<set_impl&>(tree_type::operator=(BOOST_MOVE_BASE(tree_type, x))); }
                                                         ^~~~~~~~~~~~~~~~~~~~~~~~~~~~~
/Users/saga/Documents/cpp_projects/horiba-cpp-sdk/build/_deps/boost-src/libs/move/include/boost/move/core.hpp:490:21: note: expanded from macro 'BOOST_MOVE_BASE'
      ::boost::move((BASE_TYPE&)(ARG))
                    ^           ~~~~~
In file included from /Users/saga/Documents/cpp_projects/horiba-cpp-sdk/src/communication/websocket_communicator.cpp:1:
In file included from /Users/saga/Documents/cpp_projects/horiba-cpp-sdk/include/horiba_cpp_sdk/communication/websocket_communicator.h:7:
In file included from /Users/saga/Documents/cpp_projects/horiba-cpp-sdk/build/_deps/boostbeast-src/include/boost/beast/websocket.hpp:17:
In file included from /Users/saga/Documents/cpp_projects/horiba-cpp-sdk/build/_deps/boostbeast-src/include/boost/beast/websocket/rfc6455.hpp:16:
In file included from /Users/saga/Documents/cpp_projects/horiba-cpp-sdk/build/_deps/boostbeast-src/include/boost/beast/http/empty_body.hpp:15:
In file included from /Users/saga/Documents/cpp_projects/horiba-cpp-sdk/build/_deps/boostbeast-src/include/boost/beast/http/message.hpp:14:
In file included from /Users/saga/Documents/cpp_projects/horiba-cpp-sdk/build/_deps/boostbeast-src/include/boost/beast/http/fields.hpp:20:
/Users/saga/Documents/cpp_projects/horiba-cpp-sdk/build/_deps/boost-src/libs/intrusive/include/boost/intrusive/set.hpp:207:29: warning: use of old-style cast [-Wold-style-cast]
   {  tree_type::clone_from(BOOST_MOVE_BASE(tree_type, src), cloner, disposer);  }
                            ^~~~~~~~~~~~~~~~~~~~~~~~~~~~~~~
/Users/saga/Documents/cpp_projects/horiba-cpp-sdk/build/_deps/boost-src/libs/move/include/boost/move/core.hpp:490:21: note: expanded from macro 'BOOST_MOVE_BASE'
      ::boost::move((BASE_TYPE&)(ARG))
                    ^           ~~~~~
In file included from /Users/saga/Documents/cpp_projects/horiba-cpp-sdk/src/communication/websocket_communicator.cpp:1:
In file included from /Users/saga/Documents/cpp_projects/horiba-cpp-sdk/include/horiba_cpp_sdk/communication/websocket_communicator.h:7:
In file included from /Users/saga/Documents/cpp_projects/horiba-cpp-sdk/build/_deps/boostbeast-src/include/boost/beast/websocket.hpp:17:
In file included from /Users/saga/Documents/cpp_projects/horiba-cpp-sdk/build/_deps/boostbeast-src/include/boost/beast/websocket/rfc6455.hpp:16:
In file included from /Users/saga/Documents/cpp_projects/horiba-cpp-sdk/build/_deps/boostbeast-src/include/boost/beast/http/empty_body.hpp:15:
In file included from /Users/saga/Documents/cpp_projects/horiba-cpp-sdk/build/_deps/boostbeast-src/include/boost/beast/http/message.hpp:14:
In file included from /Users/saga/Documents/cpp_projects/horiba-cpp-sdk/build/_deps/boostbeast-src/include/boost/beast/http/fields.hpp:20:
/Users/saga/Documents/cpp_projects/horiba-cpp-sdk/build/_deps/boost-src/libs/intrusive/include/boost/intrusive/set.hpp:544:15: warning: use of old-style cast [-Wold-style-cast]
      :  Base(BOOST_MOVE_BASE(Base, x))
              ^~~~~~~~~~~~~~~~~~~~~~~~
/Users/saga/Documents/cpp_projects/horiba-cpp-sdk/build/_deps/boost-src/libs/move/include/boost/move/core.hpp:490:21: note: expanded from macro 'BOOST_MOVE_BASE'
      ::boost::move((BASE_TYPE&)(ARG))
                    ^           ~~~~~
In file included from /Users/saga/Documents/cpp_projects/horiba-cpp-sdk/src/communication/websocket_communicator.cpp:1:
In file included from /Users/saga/Documents/cpp_projects/horiba-cpp-sdk/include/horiba_cpp_sdk/communication/websocket_communicator.h:7:
In file included from /Users/saga/Documents/cpp_projects/horiba-cpp-sdk/build/_deps/boostbeast-src/include/boost/beast/websocket.hpp:17:
In file included from /Users/saga/Documents/cpp_projects/horiba-cpp-sdk/build/_deps/boostbeast-src/include/boost/beast/websocket/rfc6455.hpp:16:
In file included from /Users/saga/Documents/cpp_projects/horiba-cpp-sdk/build/_deps/boostbeast-src/include/boost/beast/http/empty_body.hpp:15:
In file included from /Users/saga/Documents/cpp_projects/horiba-cpp-sdk/build/_deps/boostbeast-src/include/boost/beast/http/message.hpp:14:
In file included from /Users/saga/Documents/cpp_projects/horiba-cpp-sdk/build/_deps/boostbeast-src/include/boost/beast/http/fields.hpp:20:
/Users/saga/Documents/cpp_projects/horiba-cpp-sdk/build/_deps/boost-src/libs/intrusive/include/boost/intrusive/set.hpp:548:55: warning: use of old-style cast [-Wold-style-cast]
   {  return static_cast<set &>(this->Base::operator=(BOOST_MOVE_BASE(Base, x)));  }
                                                      ^~~~~~~~~~~~~~~~~~~~~~~~
/Users/saga/Documents/cpp_projects/horiba-cpp-sdk/build/_deps/boost-src/libs/move/include/boost/move/core.hpp:490:21: note: expanded from macro 'BOOST_MOVE_BASE'
      ::boost::move((BASE_TYPE&)(ARG))
                    ^           ~~~~~
In file included from /Users/saga/Documents/cpp_projects/horiba-cpp-sdk/src/communication/websocket_communicator.cpp:1:
In file included from /Users/saga/Documents/cpp_projects/horiba-cpp-sdk/include/horiba_cpp_sdk/communication/websocket_communicator.h:7:
In file included from /Users/saga/Documents/cpp_projects/horiba-cpp-sdk/build/_deps/boostbeast-src/include/boost/beast/websocket.hpp:17:
In file included from /Users/saga/Documents/cpp_projects/horiba-cpp-sdk/build/_deps/boostbeast-src/include/boost/beast/websocket/rfc6455.hpp:16:
In file included from /Users/saga/Documents/cpp_projects/horiba-cpp-sdk/build/_deps/boostbeast-src/include/boost/beast/http/empty_body.hpp:15:
In file included from /Users/saga/Documents/cpp_projects/horiba-cpp-sdk/build/_deps/boostbeast-src/include/boost/beast/http/message.hpp:14:
In file included from /Users/saga/Documents/cpp_projects/horiba-cpp-sdk/build/_deps/boostbeast-src/include/boost/beast/http/fields.hpp:20:
/Users/saga/Documents/cpp_projects/horiba-cpp-sdk/build/_deps/boost-src/libs/intrusive/include/boost/intrusive/set.hpp:556:24: warning: use of old-style cast [-Wold-style-cast]
   {  Base::clone_from(BOOST_MOVE_BASE(Base, src), cloner, disposer);  }
                       ^~~~~~~~~~~~~~~~~~~~~~~~~~
/Users/saga/Documents/cpp_projects/horiba-cpp-sdk/build/_deps/boost-src/libs/move/include/boost/move/core.hpp:490:21: note: expanded from macro 'BOOST_MOVE_BASE'
      ::boost::move((BASE_TYPE&)(ARG))
                    ^           ~~~~~
In file included from /Users/saga/Documents/cpp_projects/horiba-cpp-sdk/src/communication/websocket_communicator.cpp:1:
In file included from /Users/saga/Documents/cpp_projects/horiba-cpp-sdk/include/horiba_cpp_sdk/communication/websocket_communicator.h:7:
In file included from /Users/saga/Documents/cpp_projects/horiba-cpp-sdk/build/_deps/boostbeast-src/include/boost/beast/websocket.hpp:17:
In file included from /Users/saga/Documents/cpp_projects/horiba-cpp-sdk/build/_deps/boostbeast-src/include/boost/beast/websocket/rfc6455.hpp:16:
In file included from /Users/saga/Documents/cpp_projects/horiba-cpp-sdk/build/_deps/boostbeast-src/include/boost/beast/http/empty_body.hpp:15:
In file included from /Users/saga/Documents/cpp_projects/horiba-cpp-sdk/build/_deps/boostbeast-src/include/boost/beast/http/message.hpp:14:
In file included from /Users/saga/Documents/cpp_projects/horiba-cpp-sdk/build/_deps/boostbeast-src/include/boost/beast/http/fields.hpp:20:
/Users/saga/Documents/cpp_projects/horiba-cpp-sdk/build/_deps/boost-src/libs/intrusive/include/boost/intrusive/set.hpp:648:20: warning: use of old-style cast [-Wold-style-cast]
      :  tree_type(BOOST_MOVE_BASE(tree_type, x))
                   ^~~~~~~~~~~~~~~~~~~~~~~~~~~~~
/Users/saga/Documents/cpp_projects/horiba-cpp-sdk/build/_deps/boost-src/libs/move/include/boost/move/core.hpp:490:21: note: expanded from macro 'BOOST_MOVE_BASE'
      ::boost::move((BASE_TYPE&)(ARG))
                    ^           ~~~~~
In file included from /Users/saga/Documents/cpp_projects/horiba-cpp-sdk/src/communication/websocket_communicator.cpp:1:
In file included from /Users/saga/Documents/cpp_projects/horiba-cpp-sdk/include/horiba_cpp_sdk/communication/websocket_communicator.h:7:
In file included from /Users/saga/Documents/cpp_projects/horiba-cpp-sdk/build/_deps/boostbeast-src/include/boost/beast/websocket.hpp:17:
In file included from /Users/saga/Documents/cpp_projects/horiba-cpp-sdk/build/_deps/boostbeast-src/include/boost/beast/websocket/rfc6455.hpp:16:
In file included from /Users/saga/Documents/cpp_projects/horiba-cpp-sdk/build/_deps/boostbeast-src/include/boost/beast/http/empty_body.hpp:15:
In file included from /Users/saga/Documents/cpp_projects/horiba-cpp-sdk/build/_deps/boostbeast-src/include/boost/beast/http/message.hpp:14:
In file included from /Users/saga/Documents/cpp_projects/horiba-cpp-sdk/build/_deps/boostbeast-src/include/boost/beast/http/fields.hpp:20:
/Users/saga/Documents/cpp_projects/horiba-cpp-sdk/build/_deps/boost-src/libs/intrusive/include/boost/intrusive/set.hpp:653:63: warning: use of old-style cast [-Wold-style-cast]
   {  return static_cast<multiset_impl&>(tree_type::operator=(BOOST_MOVE_BASE(tree_type, x))); }
                                                              ^~~~~~~~~~~~~~~~~~~~~~~~~~~~~
/Users/saga/Documents/cpp_projects/horiba-cpp-sdk/build/_deps/boost-src/libs/move/include/boost/move/core.hpp:490:21: note: expanded from macro 'BOOST_MOVE_BASE'
      ::boost::move((BASE_TYPE&)(ARG))
                    ^           ~~~~~
In file included from /Users/saga/Documents/cpp_projects/horiba-cpp-sdk/src/communication/websocket_communicator.cpp:1:
In file included from /Users/saga/Documents/cpp_projects/horiba-cpp-sdk/include/horiba_cpp_sdk/communication/websocket_communicator.h:7:
In file included from /Users/saga/Documents/cpp_projects/horiba-cpp-sdk/build/_deps/boostbeast-src/include/boost/beast/websocket.hpp:17:
In file included from /Users/saga/Documents/cpp_projects/horiba-cpp-sdk/build/_deps/boostbeast-src/include/boost/beast/websocket/rfc6455.hpp:16:
In file included from /Users/saga/Documents/cpp_projects/horiba-cpp-sdk/build/_deps/boostbeast-src/include/boost/beast/http/empty_body.hpp:15:
In file included from /Users/saga/Documents/cpp_projects/horiba-cpp-sdk/build/_deps/boostbeast-src/include/boost/beast/http/message.hpp:14:
In file included from /Users/saga/Documents/cpp_projects/horiba-cpp-sdk/build/_deps/boostbeast-src/include/boost/beast/http/fields.hpp:20:
/Users/saga/Documents/cpp_projects/horiba-cpp-sdk/build/_deps/boost-src/libs/intrusive/include/boost/intrusive/set.hpp:744:29: warning: use of old-style cast [-Wold-style-cast]
   {  tree_type::clone_from(BOOST_MOVE_BASE(tree_type, src), cloner, disposer);  }
                            ^~~~~~~~~~~~~~~~~~~~~~~~~~~~~~~
/Users/saga/Documents/cpp_projects/horiba-cpp-sdk/build/_deps/boost-src/libs/move/include/boost/move/core.hpp:490:21: note: expanded from macro 'BOOST_MOVE_BASE'
      ::boost::move((BASE_TYPE&)(ARG))
                    ^           ~~~~~
In file included from /Users/saga/Documents/cpp_projects/horiba-cpp-sdk/src/communication/websocket_communicator.cpp:1:
In file included from /Users/saga/Documents/cpp_projects/horiba-cpp-sdk/include/horiba_cpp_sdk/communication/websocket_communicator.h:7:
In file included from /Users/saga/Documents/cpp_projects/horiba-cpp-sdk/build/_deps/boostbeast-src/include/boost/beast/websocket.hpp:17:
In file included from /Users/saga/Documents/cpp_projects/horiba-cpp-sdk/build/_deps/boostbeast-src/include/boost/beast/websocket/rfc6455.hpp:16:
In file included from /Users/saga/Documents/cpp_projects/horiba-cpp-sdk/build/_deps/boostbeast-src/include/boost/beast/http/empty_body.hpp:15:
In file included from /Users/saga/Documents/cpp_projects/horiba-cpp-sdk/build/_deps/boostbeast-src/include/boost/beast/http/message.hpp:14:
In file included from /Users/saga/Documents/cpp_projects/horiba-cpp-sdk/build/_deps/boostbeast-src/include/boost/beast/http/fields.hpp:20:
/Users/saga/Documents/cpp_projects/horiba-cpp-sdk/build/_deps/boost-src/libs/intrusive/include/boost/intrusive/set.hpp:1039:15: warning: use of old-style cast [-Wold-style-cast]
      :  Base(BOOST_MOVE_BASE(Base, x))
              ^~~~~~~~~~~~~~~~~~~~~~~~
/Users/saga/Documents/cpp_projects/horiba-cpp-sdk/build/_deps/boost-src/libs/move/include/boost/move/core.hpp:490:21: note: expanded from macro 'BOOST_MOVE_BASE'
      ::boost::move((BASE_TYPE&)(ARG))
                    ^           ~~~~~
In file included from /Users/saga/Documents/cpp_projects/horiba-cpp-sdk/src/communication/websocket_communicator.cpp:1:
In file included from /Users/saga/Documents/cpp_projects/horiba-cpp-sdk/include/horiba_cpp_sdk/communication/websocket_communicator.h:7:
In file included from /Users/saga/Documents/cpp_projects/horiba-cpp-sdk/build/_deps/boostbeast-src/include/boost/beast/websocket.hpp:17:
In file included from /Users/saga/Documents/cpp_projects/horiba-cpp-sdk/build/_deps/boostbeast-src/include/boost/beast/websocket/rfc6455.hpp:16:
In file included from /Users/saga/Documents/cpp_projects/horiba-cpp-sdk/build/_deps/boostbeast-src/include/boost/beast/http/empty_body.hpp:15:
In file included from /Users/saga/Documents/cpp_projects/horiba-cpp-sdk/build/_deps/boostbeast-src/include/boost/beast/http/message.hpp:14:
In file included from /Users/saga/Documents/cpp_projects/horiba-cpp-sdk/build/_deps/boostbeast-src/include/boost/beast/http/fields.hpp:20:
/Users/saga/Documents/cpp_projects/horiba-cpp-sdk/build/_deps/boost-src/libs/intrusive/include/boost/intrusive/set.hpp:1043:60: warning: use of old-style cast [-Wold-style-cast]
   {  return static_cast<multiset &>(this->Base::operator=(BOOST_MOVE_BASE(Base, x)));  }
                                                           ^~~~~~~~~~~~~~~~~~~~~~~~
/Users/saga/Documents/cpp_projects/horiba-cpp-sdk/build/_deps/boost-src/libs/move/include/boost/move/core.hpp:490:21: note: expanded from macro 'BOOST_MOVE_BASE'
      ::boost::move((BASE_TYPE&)(ARG))
                    ^           ~~~~~
In file included from /Users/saga/Documents/cpp_projects/horiba-cpp-sdk/src/communication/websocket_communicator.cpp:1:
In file included from /Users/saga/Documents/cpp_projects/horiba-cpp-sdk/include/horiba_cpp_sdk/communication/websocket_communicator.h:7:
In file included from /Users/saga/Documents/cpp_projects/horiba-cpp-sdk/build/_deps/boostbeast-src/include/boost/beast/websocket.hpp:17:
In file included from /Users/saga/Documents/cpp_projects/horiba-cpp-sdk/build/_deps/boostbeast-src/include/boost/beast/websocket/rfc6455.hpp:16:
In file included from /Users/saga/Documents/cpp_projects/horiba-cpp-sdk/build/_deps/boostbeast-src/include/boost/beast/http/empty_body.hpp:15:
In file included from /Users/saga/Documents/cpp_projects/horiba-cpp-sdk/build/_deps/boostbeast-src/include/boost/beast/http/message.hpp:14:
In file included from /Users/saga/Documents/cpp_projects/horiba-cpp-sdk/build/_deps/boostbeast-src/include/boost/beast/http/fields.hpp:20:
/Users/saga/Documents/cpp_projects/horiba-cpp-sdk/build/_deps/boost-src/libs/intrusive/include/boost/intrusive/set.hpp:1051:24: warning: use of old-style cast [-Wold-style-cast]
   {  Base::clone_from(BOOST_MOVE_BASE(Base, src), cloner, disposer);  }
                       ^~~~~~~~~~~~~~~~~~~~~~~~~~
/Users/saga/Documents/cpp_projects/horiba-cpp-sdk/build/_deps/boost-src/libs/move/include/boost/move/core.hpp:490:21: note: expanded from macro 'BOOST_MOVE_BASE'
      ::boost::move((BASE_TYPE&)(ARG))
                    ^           ~~~~~
In file included from /Users/saga/Documents/cpp_projects/horiba-cpp-sdk/src/communication/websocket_communicator.cpp:1:
In file included from /Users/saga/Documents/cpp_projects/horiba-cpp-sdk/include/horiba_cpp_sdk/communication/websocket_communicator.h:7:
In file included from /Users/saga/Documents/cpp_projects/horiba-cpp-sdk/build/_deps/boostbeast-src/include/boost/beast/websocket.hpp:17:
In file included from /Users/saga/Documents/cpp_projects/horiba-cpp-sdk/build/_deps/boostbeast-src/include/boost/beast/websocket/rfc6455.hpp:16:
In file included from /Users/saga/Documents/cpp_projects/horiba-cpp-sdk/build/_deps/boostbeast-src/include/boost/beast/http/empty_body.hpp:15:
In file included from /Users/saga/Documents/cpp_projects/horiba-cpp-sdk/build/_deps/boostbeast-src/include/boost/beast/http/message.hpp:14:
In file included from /Users/saga/Documents/cpp_projects/horiba-cpp-sdk/build/_deps/boostbeast-src/include/boost/beast/http/fields.hpp:796:
In file included from /Users/saga/Documents/cpp_projects/horiba-cpp-sdk/build/_deps/boostbeast-src/include/boost/beast/http/impl/fields.hpp:22:
In file included from /Users/saga/Documents/cpp_projects/horiba-cpp-sdk/build/_deps/boostbeast-src/include/boost/beast/http/status.hpp:180:
/Users/saga/Documents/cpp_projects/horiba-cpp-sdk/build/_deps/boostbeast-src/include/boost/beast/http/impl/status.ipp:127:28: warning: implicit conversion changes signedness: 'int' to 'unsigned int' [-Wsign-conversion]
    return to_status_class(static_cast<int>(v));
           ~~~~~~~~~~~~~~~ ^~~~~~~~~~~~~~~~~~~
In file included from /Users/saga/Documents/cpp_projects/horiba-cpp-sdk/src/communication/websocket_communicator.cpp:1:
In file included from /Users/saga/Documents/cpp_projects/horiba-cpp-sdk/include/horiba_cpp_sdk/communication/websocket_communicator.h:7:
In file included from /Users/saga/Documents/cpp_projects/horiba-cpp-sdk/build/_deps/boostbeast-src/include/boost/beast/websocket.hpp:17:
In file included from /Users/saga/Documents/cpp_projects/horiba-cpp-sdk/build/_deps/boostbeast-src/include/boost/beast/websocket/rfc6455.hpp:16:
In file included from /Users/saga/Documents/cpp_projects/horiba-cpp-sdk/build/_deps/boostbeast-src/include/boost/beast/http/empty_body.hpp:15:
In file included from /Users/saga/Documents/cpp_projects/horiba-cpp-sdk/build/_deps/boostbeast-src/include/boost/beast/http/message.hpp:14:
In file included from /Users/saga/Documents/cpp_projects/horiba-cpp-sdk/build/_deps/boostbeast-src/include/boost/beast/http/fields.hpp:796:
In file included from /Users/saga/Documents/cpp_projects/horiba-cpp-sdk/build/_deps/boostbeast-src/include/boost/beast/http/impl/fields.hpp:23:
In file included from /Users/saga/Documents/cpp_projects/horiba-cpp-sdk/build/_deps/boostbeast-src/include/boost/beast/http/chunk_encode.hpp:16:
In file included from /Users/saga/Documents/cpp_projects/horiba-cpp-sdk/build/_deps/boostbeast-src/include/boost/beast/http/type_traits.hpp:16:
/Users/saga/Documents/cpp_projects/horiba-cpp-sdk/build/_deps/boostbeast-src/include/boost/beast/http/detail/type_traits.hpp:40:33: warning: use of old-style cast [-Wold-style-cast]
    using type = decltype(check((T*)0));
                                ^   ~
In file included from /Users/saga/Documents/cpp_projects/horiba-cpp-sdk/src/communication/websocket_communicator.cpp:1:
In file included from /Users/saga/Documents/cpp_projects/horiba-cpp-sdk/include/horiba_cpp_sdk/communication/websocket_communicator.h:7:
In file included from /Users/saga/Documents/cpp_projects/horiba-cpp-sdk/build/_deps/boostbeast-src/include/boost/beast/websocket.hpp:18:
In file included from /Users/saga/Documents/cpp_projects/horiba-cpp-sdk/build/_deps/boostbeast-src/include/boost/beast/websocket/stream.hpp:19:
In file included from /Users/saga/Documents/cpp_projects/horiba-cpp-sdk/build/_deps/boostbeast-src/include/boost/beast/websocket/detail/hybi13.hpp:15:
In file included from /Users/saga/Documents/cpp_projects/horiba-cpp-sdk/build/_deps/boostbeast-src/include/boost/beast/core/detail/base64.hpp:85:
/Users/saga/Documents/cpp_projects/horiba-cpp-sdk/build/_deps/boostbeast-src/include/boost/beast/core/detail/base64.ipp:138:16: warning: implicit conversion changes signedness: 'long' to 'std::size_t' (aka 'unsigned long') [-Wsign-conversion]
    return out - static_cast<char*>(dest);
    ~~~~~~ ~~~~^~~~~~~~~~~~~~~~~~~~~~~~~~
/Users/saga/Documents/cpp_projects/horiba-cpp-sdk/build/_deps/boostbeast-src/include/boost/beast/core/detail/base64.ipp:169:17: warning: implicit conversion changes signedness: 'const signed char' to 'unsigned char' [-Wsign-conversion]
        c4[i] = v;
              ~ ^
/Users/saga/Documents/cpp_projects/horiba-cpp-sdk/build/_deps/boostbeast-src/include/boost/beast/core/detail/base64.ipp:172:42: warning: implicit conversion loses integer precision: 'int' to 'unsigned char' [-Wimplicit-int-conversion]
            c3[0] =  (c4[0]        << 2) + ((c4[1] & 0x30) >> 4);
                  ~  ~~~~~~~~~~~~~~~~~~~~^~~~~~~~~~~~~~~~~~~~~~~
/Users/saga/Documents/cpp_projects/horiba-cpp-sdk/build/_deps/boostbeast-src/include/boost/beast/core/detail/base64.ipp:173:42: warning: implicit conversion loses integer precision: 'int' to 'unsigned char' [-Wimplicit-int-conversion]
            c3[1] = ((c4[1] & 0xf) << 4) + ((c4[2] & 0x3c) >> 2);
                  ~ ~~~~~~~~~~~~~~~~~~~~~^~~~~~~~~~~~~~~~~~~~~~~
/Users/saga/Documents/cpp_projects/horiba-cpp-sdk/build/_deps/boostbeast-src/include/boost/beast/core/detail/base64.ipp:174:42: warning: implicit conversion loses integer precision: 'int' to 'unsigned char' [-Wimplicit-int-conversion]
            c3[2] = ((c4[2] & 0x3) << 6) +   c4[3];
                  ~ ~~~~~~~~~~~~~~~~~~~~~^~~~~~~~~
/Users/saga/Documents/cpp_projects/horiba-cpp-sdk/build/_deps/boostbeast-src/include/boost/beast/core/detail/base64.ipp:177:26: warning: implicit conversion changes signedness: 'unsigned char' to 'char' [-Wsign-conversion]
                *out++ = c3[i];
                       ~ ^~~~~
/Users/saga/Documents/cpp_projects/horiba-cpp-sdk/build/_deps/boostbeast-src/include/boost/beast/core/detail/base64.ipp:184:38: warning: implicit conversion loses integer precision: 'int' to 'unsigned char' [-Wimplicit-int-conversion]
        c3[0] = ( c4[0]        << 2) + ((c4[1] & 0x30) >> 4);
              ~ ~~~~~~~~~~~~~~~~~~~~~^~~~~~~~~~~~~~~~~~~~~~~
/Users/saga/Documents/cpp_projects/horiba-cpp-sdk/build/_deps/boostbeast-src/include/boost/beast/core/detail/base64.ipp:185:38: warning: implicit conversion loses integer precision: 'int' to 'unsigned char' [-Wimplicit-int-conversion]
        c3[1] = ((c4[1] & 0xf) << 4) + ((c4[2] & 0x3c) >> 2);
              ~ ~~~~~~~~~~~~~~~~~~~~~^~~~~~~~~~~~~~~~~~~~~~~
/Users/saga/Documents/cpp_projects/horiba-cpp-sdk/build/_deps/boostbeast-src/include/boost/beast/core/detail/base64.ipp:186:38: warning: implicit conversion loses integer precision: 'int' to 'unsigned char' [-Wimplicit-int-conversion]
        c3[2] = ((c4[2] & 0x3) << 6) +   c4[3];
              ~ ~~~~~~~~~~~~~~~~~~~~~^~~~~~~~~
/Users/saga/Documents/cpp_projects/horiba-cpp-sdk/build/_deps/boostbeast-src/include/boost/beast/core/detail/base64.ipp:189:22: warning: implicit conversion changes signedness: 'unsigned char' to 'char' [-Wsign-conversion]
            *out++ = c3[j];
                   ~ ^~~~~
In file included from /Users/saga/Documents/cpp_projects/horiba-cpp-sdk/src/communication/websocket_communicator.cpp:1:
In file included from /Users/saga/Documents/cpp_projects/horiba-cpp-sdk/include/horiba_cpp_sdk/communication/websocket_communicator.h:7:
In file included from /Users/saga/Documents/cpp_projects/horiba-cpp-sdk/build/_deps/boostbeast-src/include/boost/beast/websocket.hpp:18:
In file included from /Users/saga/Documents/cpp_projects/horiba-cpp-sdk/build/_deps/boostbeast-src/include/boost/beast/websocket/stream.hpp:20:
In file included from /Users/saga/Documents/cpp_projects/horiba-cpp-sdk/build/_deps/boostbeast-src/include/boost/beast/websocket/detail/impl_base.hpp:14:
In file included from /Users/saga/Documents/cpp_projects/horiba-cpp-sdk/build/_deps/boostbeast-src/include/boost/beast/websocket/detail/frame.hpp:16:
In file included from /Users/saga/Documents/cpp_projects/horiba-cpp-sdk/build/_deps/boostbeast-src/include/boost/beast/websocket/detail/utf8_checker.hpp:93:
/Users/saga/Documents/cpp_projects/horiba-cpp-sdk/build/_deps/boostbeast-src/include/boost/beast/websocket/detail/utf8_checker.ipp:224:35: warning: implicit conversion changes signedness: 'long' to 'std::size_t' (aka 'unsigned long') [-Wsign-conversion]
                size = size - (in - in0);
                            ~  ~~~^~~~~
/Users/saga/Documents/cpp_projects/horiba-cpp-sdk/build/_deps/boostbeast-src/include/boost/beast/websocket/detail/utf8_checker.ipp:229:27: warning: implicit conversion changes signedness: 'long' to 'std::size_t' (aka 'unsigned long') [-Wsign-conversion]
        size = size - (in - in0);
                    ~  ~~~^~~~~
/Users/saga/Documents/cpp_projects/horiba-cpp-sdk/build/_deps/boostbeast-src/include/boost/beast/websocket/detail/utf8_checker.ipp:249:35: warning: implicit conversion changes signedness: 'long' to 'std::size_t' (aka 'unsigned long') [-Wsign-conversion]
                size = size - (in - in0);
                            ~  ~~~^~~~~
/Users/saga/Documents/cpp_projects/horiba-cpp-sdk/build/_deps/boostbeast-src/include/boost/beast/websocket/detail/utf8_checker.ipp:300:26: warning: implicit conversion changes signedness: 'long' to 'std::size_t' (aka 'unsigned long') [-Wsign-conversion]
            need_ = need - n;
                  ~ ~~~~~^~~
In file included from /Users/saga/Documents/cpp_projects/horiba-cpp-sdk/src/communication/websocket_communicator.cpp:1:
In file included from /Users/saga/Documents/cpp_projects/horiba-cpp-sdk/include/horiba_cpp_sdk/communication/websocket_communicator.h:7:
In file included from /Users/saga/Documents/cpp_projects/horiba-cpp-sdk/build/_deps/boostbeast-src/include/boost/beast/websocket.hpp:18:
In file included from /Users/saga/Documents/cpp_projects/horiba-cpp-sdk/build/_deps/boostbeast-src/include/boost/beast/websocket/stream.hpp:20:
In file included from /Users/saga/Documents/cpp_projects/horiba-cpp-sdk/build/_deps/boostbeast-src/include/boost/beast/websocket/detail/impl_base.hpp:15:
In file included from /Users/saga/Documents/cpp_projects/horiba-cpp-sdk/build/_deps/boostbeast-src/include/boost/beast/websocket/detail/pmd_extension.hpp:122:
/Users/saga/Documents/cpp_projects/horiba-cpp-sdk/build/_deps/boostbeast-src/include/boost/beast/websocket/detail/pmd_extension.ipp:35:25: warning: implicit conversion changes signedness: 'int' to 'unsigned int' [-Wsign-conversion]
        i = 10 * i + (c - '0');
                   ~  ~~^~~~~
In file included from /Users/saga/Documents/cpp_projects/horiba-cpp-sdk/src/communication/websocket_communicator.cpp:1:
In file included from /Users/saga/Documents/cpp_projects/horiba-cpp-sdk/include/horiba_cpp_sdk/communication/websocket_communicator.h:7:
In file included from /Users/saga/Documents/cpp_projects/horiba-cpp-sdk/build/_deps/boostbeast-src/include/boost/beast/websocket.hpp:18:
In file included from /Users/saga/Documents/cpp_projects/horiba-cpp-sdk/build/_deps/boostbeast-src/include/boost/beast/websocket/stream.hpp:20:
In file included from /Users/saga/Documents/cpp_projects/horiba-cpp-sdk/build/_deps/boostbeast-src/include/boost/beast/websocket/detail/impl_base.hpp:21:
In file included from /Users/saga/Documents/cpp_projects/horiba-cpp-sdk/build/_deps/boostbeast-src/include/boost/beast/zlib/deflate_stream.hpp:14:
In file included from /Users/saga/Documents/cpp_projects/horiba-cpp-sdk/build/_deps/boostbeast-src/include/boost/beast/zlib/error.hpp:148:
/Users/saga/Documents/cpp_projects/horiba-cpp-sdk/build/_deps/boostbeast-src/include/boost/beast/zlib/impl/error.ipp:49:7: warning: 'boost::beast::zlib::detail::error_codes' has virtual functions but non-virtual destructor [-Wnon-virtual-dtor]
class error_codes : public error_category
      ^
In file included from /Users/saga/Documents/cpp_projects/horiba-cpp-sdk/src/communication/websocket_communicator.cpp:1:
In file included from /Users/saga/Documents/cpp_projects/horiba-cpp-sdk/include/horiba_cpp_sdk/communication/websocket_communicator.h:7:
In file included from /Users/saga/Documents/cpp_projects/horiba-cpp-sdk/build/_deps/boostbeast-src/include/boost/beast/websocket.hpp:18:
In file included from /Users/saga/Documents/cpp_projects/horiba-cpp-sdk/build/_deps/boostbeast-src/include/boost/beast/websocket/stream.hpp:20:
In file included from /Users/saga/Documents/cpp_projects/horiba-cpp-sdk/build/_deps/boostbeast-src/include/boost/beast/websocket/detail/impl_base.hpp:21:
In file included from /Users/saga/Documents/cpp_projects/horiba-cpp-sdk/build/_deps/boostbeast-src/include/boost/beast/zlib/deflate_stream.hpp:16:
/Users/saga/Documents/cpp_projects/horiba-cpp-sdk/build/_deps/boostbeast-src/include/boost/beast/zlib/detail/deflate_stream.hpp:455:24: warning: use of old-style cast [-Wold-style-cast]
        if(bi_valid_ > (int)Buf_size - length)
                       ^    ~~~~~~~~
/Users/saga/Documents/cpp_projects/horiba-cpp-sdk/build/_deps/boostbeast-src/include/boost/beast/zlib/detail/deflate_stream.hpp:457:24: warning: use of old-style cast [-Wold-style-cast]
            bi_buf_ |= (std::uint16_t)value << bi_valid_;
                       ^              ~~~~~
/Users/saga/Documents/cpp_projects/horiba-cpp-sdk/build/_deps/boostbeast-src/include/boost/beast/zlib/detail/deflate_stream.hpp:459:23: warning: use of old-style cast [-Wold-style-cast]
            bi_buf_ = (std::uint16_t)value >> (Buf_size - bi_valid_);
                      ^              ~~~~~
/Users/saga/Documents/cpp_projects/horiba-cpp-sdk/build/_deps/boostbeast-src/include/boost/beast/zlib/detail/deflate_stream.hpp:464:24: warning: use of old-style cast [-Wold-style-cast]
            bi_buf_ |= (std::uint16_t)(value) << bi_valid_;
                       ^              ~~~~~~~
/Users/saga/Documents/cpp_projects/horiba-cpp-sdk/build/_deps/boostbeast-src/include/boost/beast/zlib/detail/deflate_stream.hpp:507:21: warning: use of old-style cast [-Wold-style-cast]
        std::memset((Byte *)head_, 0,
                    ^       ~~~~~
/Users/saga/Documents/cpp_projects/horiba-cpp-sdk/build/_deps/boostbeast-src/include/boost/beast/zlib/detail/deflate_stream.hpp:508:13: warning: use of old-style cast [-Wold-style-cast]
            (unsigned)(hash_size_-1)*sizeof(*head_));
            ^         ~~~~~~~~~~~~~~
/Users/saga/Documents/cpp_projects/horiba-cpp-sdk/build/_deps/boostbeast-src/include/boost/beast/zlib/detail/deflate_stream.hpp:538:25: warning: use of old-style cast [-Wold-style-cast]
        head_[ins_h_] = (std::uint16_t)strstart_;
                        ^              ~~~~~~~~~
In file included from /Users/saga/Documents/cpp_projects/horiba-cpp-sdk/src/communication/websocket_communicator.cpp:1:
In file included from /Users/saga/Documents/cpp_projects/horiba-cpp-sdk/include/horiba_cpp_sdk/communication/websocket_communicator.h:7:
In file included from /Users/saga/Documents/cpp_projects/horiba-cpp-sdk/build/_deps/boostbeast-src/include/boost/beast/websocket.hpp:18:
In file included from /Users/saga/Documents/cpp_projects/horiba-cpp-sdk/build/_deps/boostbeast-src/include/boost/beast/websocket/stream.hpp:20:
In file included from /Users/saga/Documents/cpp_projects/horiba-cpp-sdk/build/_deps/boostbeast-src/include/boost/beast/websocket/detail/impl_base.hpp:21:
In file included from /Users/saga/Documents/cpp_projects/horiba-cpp-sdk/build/_deps/boostbeast-src/include/boost/beast/zlib/deflate_stream.hpp:16:
In file included from /Users/saga/Documents/cpp_projects/horiba-cpp-sdk/build/_deps/boostbeast-src/include/boost/beast/zlib/detail/deflate_stream.hpp:720:
/Users/saga/Documents/cpp_projects/horiba-cpp-sdk/build/_deps/boostbeast-src/include/boost/beast/zlib/detail/deflate_stream.ipp:128:42: warning: implicit conversion loses integer precision: 'int' to 'std::uint16_t' (aka 'unsigned short') [-Wimplicit-int-conversion]
        code = (code + bl_count[bits-1]) << 1;
             ~ ~~~~~~~~~~~~~~~~~~~~~~~~~~^~~~
/Users/saga/Documents/cpp_projects/horiba-cpp-sdk/build/_deps/boostbeast-src/include/boost/beast/zlib/detail/deflate_stream.ipp:139:51: warning: implicit conversion changes signedness: 'int' to 'unsigned int' [-Wsign-conversion]
        tree[n].fc = bi_reverse(next_code[len]++, len);
                     ~~~~~~~~~~                   ^~~
/Users/saga/Documents/cpp_projects/horiba-cpp-sdk/build/_deps/boostbeast-src/include/boost/beast/zlib/detail/deflate_stream.ipp:187:51: warning: implicit conversion loses integer precision: 'int' to 'std::uint16_t' (aka 'unsigned short') [-Wimplicit-int-conversion]
                    tables.base_dist[code] = dist << 7;
                                           ~ ~~~~~^~~~
/Users/saga/Documents/cpp_projects/horiba-cpp-sdk/build/_deps/boostbeast-src/include/boost/beast/zlib/detail/deflate_stream.ipp:255:15: warning: implicit conversion changes signedness: 'int' to 'uInt' (aka 'unsigned int') [-Wsign-conversion]
    w_bits_ = windowBits;
            ~ ^~~~~~~~~~
/Users/saga/Documents/cpp_projects/horiba-cpp-sdk/build/_deps/boostbeast-src/include/boost/beast/zlib/detail/deflate_stream.ipp:257:27: warning: implicit conversion changes signedness: 'int' to 'uInt' (aka 'unsigned int') [-Wsign-conversion]
    hash_bits_ = memLevel + 7;
               ~ ~~~~~~~~~^~~
/Users/saga/Documents/cpp_projects/horiba-cpp-sdk/build/_deps/boostbeast-src/include/boost/beast/zlib/detail/deflate_stream.ipp:313:19: warning: implicit conversion changes signedness: 'int' to 'uInt' (aka 'unsigned int') [-Wsign-conversion]
    good_match_ = good_length;
                ~ ^~~~~~~~~~~
/Users/saga/Documents/cpp_projects/horiba-cpp-sdk/build/_deps/boostbeast-src/include/boost/beast/zlib/detail/deflate_stream.ipp:315:23: warning: implicit conversion changes signedness: 'int' to 'uInt' (aka 'unsigned int') [-Wsign-conversion]
    max_lazy_match_ = max_lazy;
                    ~ ^~~~~~~~
/Users/saga/Documents/cpp_projects/horiba-cpp-sdk/build/_deps/boostbeast-src/include/boost/beast/zlib/detail/deflate_stream.ipp:316:25: warning: implicit conversion changes signedness: 'int' to 'uInt' (aka 'unsigned int') [-Wsign-conversion]
    max_chain_length_ = max_chain;
                      ~ ^~~~~~~~~
/Users/saga/Documents/cpp_projects/horiba-cpp-sdk/build/_deps/boostbeast-src/include/boost/beast/zlib/detail/deflate_stream.ipp:332:23: warning: implicit conversion changes signedness: 'int' to 'std::size_t' (aka 'unsigned long') [-Wsign-conversion]
    func = get_config(level_).func;
           ~~~~~~~~~~ ^~~~~~
/Users/saga/Documents/cpp_projects/horiba-cpp-sdk/build/_deps/boostbeast-src/include/boost/beast/zlib/detail/deflate_stream.ipp:334:53: warning: implicit conversion changes signedness: 'int' to 'std::size_t' (aka 'unsigned long') [-Wsign-conversion]
    if((strategy != strategy_ || func != get_config(level).func) &&
                                         ~~~~~~~~~~ ^~~~~
/Users/saga/Documents/cpp_projects/horiba-cpp-sdk/build/_deps/boostbeast-src/include/boost/beast/zlib/detail/deflate_stream.ipp:345:40: warning: implicit conversion changes signedness: 'int' to 'std::size_t' (aka 'unsigned long') [-Wsign-conversion]
        max_lazy_match_   = get_config(level).max_lazy;
                            ~~~~~~~~~~ ^~~~~
/Users/saga/Documents/cpp_projects/horiba-cpp-sdk/build/_deps/boostbeast-src/include/boost/beast/zlib/detail/deflate_stream.ipp:346:40: warning: implicit conversion changes signedness: 'int' to 'std::size_t' (aka 'unsigned long') [-Wsign-conversion]
        good_match_       = get_config(level).good_length;
                            ~~~~~~~~~~ ^~~~~
/Users/saga/Documents/cpp_projects/horiba-cpp-sdk/build/_deps/boostbeast-src/include/boost/beast/zlib/detail/deflate_stream.ipp:347:40: warning: implicit conversion changes signedness: 'int' to 'std::size_t' (aka 'unsigned long') [-Wsign-conversion]
        nice_match_       = get_config(level).nice_length;
                            ~~~~~~~~~~ ^~~~~
/Users/saga/Documents/cpp_projects/horiba-cpp-sdk/build/_deps/boostbeast-src/include/boost/beast/zlib/detail/deflate_stream.ipp:348:40: warning: implicit conversion changes signedness: 'int' to 'std::size_t' (aka 'unsigned long') [-Wsign-conversion]
        max_chain_length_ = get_config(level).max_chain;
                            ~~~~~~~~~~ ^~~~~
/Users/saga/Documents/cpp_projects/horiba-cpp-sdk/build/_deps/boostbeast-src/include/boost/beast/zlib/detail/deflate_stream.ipp:437:42: warning: implicit conversion changes signedness: 'int' to 'std::size_t' (aka 'unsigned long') [-Wsign-conversion]
            bstate = (this->*(get_config(level_).func))(zs, flush.get());
                              ~~~~~~~~~~ ^~~~~~
/Users/saga/Documents/cpp_projects/horiba-cpp-sdk/build/_deps/boostbeast-src/include/boost/beast/zlib/detail/deflate_stream.ipp:528:18: warning: use of old-style cast [-Wold-style-cast]
    zs.next_in = (const Byte *)dict;
                 ^             ~~~~
/Users/saga/Documents/cpp_projects/horiba-cpp-sdk/build/_deps/boostbeast-src/include/boost/beast/zlib/detail/deflate_stream.ipp:540:29: warning: use of old-style cast [-Wold-style-cast]
            head_[ins_h_] = (std::uint16_t)str;
                            ^              ~~~
/Users/saga/Documents/cpp_projects/horiba-cpp-sdk/build/_deps/boostbeast-src/include/boost/beast/zlib/detail/deflate_stream.ipp:549:20: warning: use of old-style cast [-Wold-style-cast]
    block_start_ = (long)strstart_;
                   ^     ~~~~~~~~~
/Users/saga/Documents/cpp_projects/horiba-cpp-sdk/build/_deps/boostbeast-src/include/boost/beast/zlib/detail/deflate_stream.ipp:562:8: warning: use of old-style cast [-Wold-style-cast]
    if((Byte *)(sym_buf_) < pending_out_ + ((Buf_size + 7) >> 3))
       ^       ~~~~~~~~~~
/Users/saga/Documents/cpp_projects/horiba-cpp-sdk/build/_deps/boostbeast-src/include/boost/beast/zlib/detail/deflate_stream.ipp:573:20: warning: use of old-style cast [-Wold-style-cast]
        bi_buf_ |= (std::uint16_t)((value & ((1 << put) - 1)) << bi_valid_);
                   ^              ~~~~~~~~~~~~~~~~~~~~~~~~~~~~~~~~~~~~~~~~~
/Users/saga/Documents/cpp_projects/horiba-cpp-sdk/build/_deps/boostbeast-src/include/boost/beast/zlib/detail/deflate_stream.ipp:699:20: warning: use of old-style cast [-Wold-style-cast]
    window_size_ = (std::uint32_t)2L*w_size_;
                   ^              ~~
/Users/saga/Documents/cpp_projects/horiba-cpp-sdk/build/_deps/boostbeast-src/include/boost/beast/zlib/detail/deflate_stream.ipp:706:36: warning: implicit conversion changes signedness: 'int' to 'std::size_t' (aka 'unsigned long') [-Wsign-conversion]
    max_lazy_match_   = get_config(level_).max_lazy;
                        ~~~~~~~~~~ ^~~~~~
/Users/saga/Documents/cpp_projects/horiba-cpp-sdk/build/_deps/boostbeast-src/include/boost/beast/zlib/detail/deflate_stream.ipp:707:36: warning: implicit conversion changes signedness: 'int' to 'std::size_t' (aka 'unsigned long') [-Wsign-conversion]
    good_match_       = get_config(level_).good_length;
                        ~~~~~~~~~~ ^~~~~~
/Users/saga/Documents/cpp_projects/horiba-cpp-sdk/build/_deps/boostbeast-src/include/boost/beast/zlib/detail/deflate_stream.ipp:708:36: warning: implicit conversion changes signedness: 'int' to 'std::size_t' (aka 'unsigned long') [-Wsign-conversion]
    nice_match_       = get_config(level_).nice_length;
                        ~~~~~~~~~~ ^~~~~~
/Users/saga/Documents/cpp_projects/horiba-cpp-sdk/build/_deps/boostbeast-src/include/boost/beast/zlib/detail/deflate_stream.ipp:709:36: warning: implicit conversion changes signedness: 'int' to 'std::size_t' (aka 'unsigned long') [-Wsign-conversion]
    max_chain_length_ = get_config(level_).max_chain;
                        ~~~~~~~~~~ ^~~~~~
/Users/saga/Documents/cpp_projects/horiba-cpp-sdk/build/_deps/boostbeast-src/include/boost/beast/zlib/detail/deflate_stream.ipp:823:22: warning: use of old-style cast [-Wold-style-cast]
        tree[n].dl = (std::uint16_t)bits;
                     ^              ~~~~
/Users/saga/Documents/cpp_projects/horiba-cpp-sdk/build/_deps/boostbeast-src/include/boost/beast/zlib/detail/deflate_stream.ipp:833:21: warning: use of old-style cast [-Wold-style-cast]
        opt_len_ += (std::uint32_t)f * (bits + xbits);
                    ^              ~
/Users/saga/Documents/cpp_projects/horiba-cpp-sdk/build/_deps/boostbeast-src/include/boost/beast/zlib/detail/deflate_stream.ipp:833:46: warning: implicit conversion changes signedness: 'int' to 'std::uint32_t' (aka 'unsigned int') [-Wsign-conversion]
        opt_len_ += (std::uint32_t)f * (bits + xbits);
                                     ~  ~~~~~^~~~~~~
/Users/saga/Documents/cpp_projects/horiba-cpp-sdk/build/_deps/boostbeast-src/include/boost/beast/zlib/detail/deflate_stream.ipp:835:28: warning: use of old-style cast [-Wold-style-cast]
            static_len_ += (std::uint32_t)f * (stree[n].dl + xbits);
                           ^              ~
/Users/saga/Documents/cpp_projects/horiba-cpp-sdk/build/_deps/boostbeast-src/include/boost/beast/zlib/detail/deflate_stream.ipp:835:60: warning: implicit conversion changes signedness: 'int' to 'std::uint32_t' (aka 'unsigned int') [-Wsign-conversion]
            static_len_ += (std::uint32_t)f * (stree[n].dl + xbits);
                                            ~  ~~~~~~~~~~~~^~~~~~~
/Users/saga/Documents/cpp_projects/horiba-cpp-sdk/build/_deps/boostbeast-src/include/boost/beast/zlib/detail/deflate_stream.ipp:869:16: warning: use of old-style cast [-Wold-style-cast]
            if((unsigned) tree[m].dl != (unsigned) bits)
               ^          ~~~~~~~~~~
/Users/saga/Documents/cpp_projects/horiba-cpp-sdk/build/_deps/boostbeast-src/include/boost/beast/zlib/detail/deflate_stream.ipp:869:41: warning: use of old-style cast [-Wold-style-cast]
            if((unsigned) tree[m].dl != (unsigned) bits)
                                        ^          ~~~~
/Users/saga/Documents/cpp_projects/horiba-cpp-sdk/build/_deps/boostbeast-src/include/boost/beast/zlib/detail/deflate_stream.ipp:871:30: warning: use of old-style cast [-Wold-style-cast]
                opt_len_ += ((long)bits - (long)tree[m].dl) *(long)tree[m].fc;
                             ^     ~~~~
/Users/saga/Documents/cpp_projects/horiba-cpp-sdk/build/_deps/boostbeast-src/include/boost/beast/zlib/detail/deflate_stream.ipp:871:43: warning: use of old-style cast [-Wold-style-cast]
                opt_len_ += ((long)bits - (long)tree[m].dl) *(long)tree[m].fc;
                                          ^     ~~~~~~~~~~
/Users/saga/Documents/cpp_projects/horiba-cpp-sdk/build/_deps/boostbeast-src/include/boost/beast/zlib/detail/deflate_stream.ipp:871:62: warning: use of old-style cast [-Wold-style-cast]
                opt_len_ += ((long)bits - (long)tree[m].dl) *(long)tree[m].fc;
                                                             ^     ~~~~~~~~~~
/Users/saga/Documents/cpp_projects/horiba-cpp-sdk/build/_deps/boostbeast-src/include/boost/beast/zlib/detail/deflate_stream.ipp:872:30: warning: use of old-style cast [-Wold-style-cast]
                tree[m].dl = (std::uint16_t)bits;
                             ^              ~~~~
/Users/saga/Documents/cpp_projects/horiba-cpp-sdk/build/_deps/boostbeast-src/include/boost/beast/zlib/detail/deflate_stream.ipp:954:24: warning: use of old-style cast [-Wold-style-cast]
        depth_[node] = (std::uint8_t)((depth_[n] >= depth_[m] ?
                       ^             ~~~~~~~~~~~~~~~~~~~~~~~~~~
/Users/saga/Documents/cpp_projects/horiba-cpp-sdk/build/_deps/boostbeast-src/include/boost/beast/zlib/detail/deflate_stream.ipp:956:35: warning: use of old-style cast [-Wold-style-cast]
        tree[n].dl = tree[m].dl = (std::uint16_t)node;
                                  ^              ~~~~
/Users/saga/Documents/cpp_projects/horiba-cpp-sdk/build/_deps/boostbeast-src/include/boost/beast/zlib/detail/deflate_stream.ipp:969:16: warning: use of old-style cast [-Wold-style-cast]
    gen_bitlen((tree_desc *)desc);
               ^            ~~~~
/Users/saga/Documents/cpp_projects/horiba-cpp-sdk/build/_deps/boostbeast-src/include/boost/beast/zlib/detail/deflate_stream.ipp:997:27: warning: use of old-style cast [-Wold-style-cast]
    tree[max_code+1].dl = (std::uint16_t)0xffff; // guard
                          ^              ~~~~~~
/Users/saga/Documents/cpp_projects/horiba-cpp-sdk/build/_deps/boostbeast-src/include/boost/beast/zlib/detail/deflate_stream.ipp:1134:15: warning: use of old-style cast [-Wold-style-cast]
    scan_tree((ct_data *)dyn_ltree_, l_desc_.max_code);
              ^          ~~~~~~~~~~
/Users/saga/Documents/cpp_projects/horiba-cpp-sdk/build/_deps/boostbeast-src/include/boost/beast/zlib/detail/deflate_stream.ipp:1135:15: warning: use of old-style cast [-Wold-style-cast]
    scan_tree((ct_data *)dyn_dtree_, d_desc_.max_code);
              ^          ~~~~~~~~~~
/Users/saga/Documents/cpp_projects/horiba-cpp-sdk/build/_deps/boostbeast-src/include/boost/beast/zlib/detail/deflate_stream.ipp:1138:16: warning: use of old-style cast [-Wold-style-cast]
    build_tree((tree_desc *)(&(bl_desc_)));
               ^            ~~~~~~~~~~~~~
/Users/saga/Documents/cpp_projects/horiba-cpp-sdk/build/_deps/boostbeast-src/include/boost/beast/zlib/detail/deflate_stream.ipp:1153:40: warning: implicit conversion changes signedness: 'int' to 'std::uint32_t' (aka 'unsigned int') [-Wsign-conversion]
    opt_len_ += 3*(max_blindex+1) + 5+5+4;
             ~~ ~~~~~~~~~~~~~~~~~~~~~~~^~
/Users/saga/Documents/cpp_projects/horiba-cpp-sdk/build/_deps/boostbeast-src/include/boost/beast/zlib/detail/deflate_stream.ipp:1178:15: warning: use of old-style cast [-Wold-style-cast]
    send_tree((ct_data *)dyn_ltree_, lcodes-1); // literal tree
              ^          ~~~~~~~~~~
/Users/saga/Documents/cpp_projects/horiba-cpp-sdk/build/_deps/boostbeast-src/include/boost/beast/zlib/detail/deflate_stream.ipp:1179:15: warning: use of old-style cast [-Wold-style-cast]
    send_tree((ct_data *)dyn_dtree_, dcodes-1); // distance tree
              ^          ~~~~~~~~~~
/Users/saga/Documents/cpp_projects/horiba-cpp-sdk/build/_deps/boostbeast-src/include/boost/beast/zlib/detail/deflate_stream.ipp:1201:21: warning: use of old-style cast [-Wold-style-cast]
            dist += (unsigned)(sym_buf_[sx++] & 0xff) << 8;
                    ^         ~~~~~~~~~~~~~~~~~~~~~~~
/Users/saga/Documents/cpp_projects/horiba-cpp-sdk/build/_deps/boostbeast-src/include/boost/beast/zlib/detail/deflate_stream.ipp:1211:40: warning: implicit conversion changes signedness: 'unsigned int' to 'int' [-Wsign-conversion]
                send_code(code+literals+1, ltree); /* send the length code */
                ~~~~~~~~~ ~~~~~~~~~~~~~^~
/Users/saga/Documents/cpp_projects/horiba-cpp-sdk/build/_deps/boostbeast-src/include/boost/beast/zlib/detail/deflate_stream.ipp:1222:27: warning: implicit conversion changes signedness: 'unsigned int' to 'int' [-Wsign-conversion]
                send_code(code, dtree);       /* send the distance code */
                ~~~~~~~~~ ^~~~
/Users/saga/Documents/cpp_projects/horiba-cpp-sdk/build/_deps/boostbeast-src/include/boost/beast/zlib/detail/deflate_stream.ipp:1227:31: warning: implicit conversion changes signedness: 'unsigned int' to 'int' [-Wsign-conversion]
                    send_bits(dist, extra);   /* send the extra distance bits */
                    ~~~~~~~~~ ^~~~
/Users/saga/Documents/cpp_projects/horiba-cpp-sdk/build/_deps/boostbeast-src/include/boost/beast/zlib/detail/deflate_stream.ipp:1291:18: warning: use of old-style cast [-Wold-style-cast]
        put_byte((Byte)bi_buf_);
                 ^     ~~~~~~~
/Users/saga/Documents/cpp_projects/horiba-cpp-sdk/build/_deps/boostbeast-src/include/boost/beast/zlib/detail/deflate_stream.ipp:1310:18: warning: use of old-style cast [-Wold-style-cast]
        put_byte((Byte)bi_buf_);
                 ^     ~~~~~~~
/Users/saga/Documents/cpp_projects/horiba-cpp-sdk/build/_deps/boostbeast-src/include/boost/beast/zlib/detail/deflate_stream.ipp:1330:19: warning: use of old-style cast [-Wold-style-cast]
        put_short((std::uint16_t)len);
                  ^              ~~~
/Users/saga/Documents/cpp_projects/horiba-cpp-sdk/build/_deps/boostbeast-src/include/boost/beast/zlib/detail/deflate_stream.ipp:1331:19: warning: use of old-style cast [-Wold-style-cast]
        put_short((std::uint16_t)~len);
                  ^              ~~~~
/Users/saga/Documents/cpp_projects/horiba-cpp-sdk/build/_deps/boostbeast-src/include/boost/beast/zlib/detail/deflate_stream.ipp:1393:21: warning: use of old-style cast [-Wold-style-cast]
    copy_block(buf, (unsigned)stored_len, 1);   // with header
                    ^         ~~~~~~~~~~
/Users/saga/Documents/cpp_projects/horiba-cpp-sdk/build/_deps/boostbeast-src/include/boost/beast/zlib/detail/deflate_stream.ipp:1445:20: warning: use of old-style cast [-Wold-style-cast]
        build_tree((tree_desc *)(&(l_desc_)));
                   ^            ~~~~~~~~~~~~
/Users/saga/Documents/cpp_projects/horiba-cpp-sdk/build/_deps/boostbeast-src/include/boost/beast/zlib/detail/deflate_stream.ipp:1447:20: warning: use of old-style cast [-Wold-style-cast]
        build_tree((tree_desc *)(&(d_desc_)));
                   ^            ~~~~~~~~~~~~
/Users/saga/Documents/cpp_projects/horiba-cpp-sdk/build/_deps/boostbeast-src/include/boost/beast/zlib/detail/deflate_stream.ipp:1479:43: warning: use of old-style cast [-Wold-style-cast]
    if(stored_len+4 <= opt_lenb && buf != (char*)0) {
                                          ^      ~
/Users/saga/Documents/cpp_projects/horiba-cpp-sdk/build/_deps/boostbeast-src/include/boost/beast/zlib/detail/deflate_stream.ipp:1508:24: warning: use of old-style cast [-Wold-style-cast]
        compress_block((const ct_data *)dyn_ltree_,
                       ^                ~~~~~~~~~~
/Users/saga/Documents/cpp_projects/horiba-cpp-sdk/build/_deps/boostbeast-src/include/boost/beast/zlib/detail/deflate_stream.ipp:1509:24: warning: use of old-style cast [-Wold-style-cast]
                       (const ct_data *)dyn_dtree_);
                       ^                ~~~~~~~~~~
/Users/saga/Documents/cpp_projects/horiba-cpp-sdk/build/_deps/boostbeast-src/include/boost/beast/zlib/detail/deflate_stream.ipp:1532:13: warning: use of old-style cast [-Wold-style-cast]
            (std::uint32_t)lookahead_ -(std::uint32_t)strstart_);
            ^              ~~~~~~~~~~
/Users/saga/Documents/cpp_projects/horiba-cpp-sdk/build/_deps/boostbeast-src/include/boost/beast/zlib/detail/deflate_stream.ipp:1532:40: warning: use of old-style cast [-Wold-style-cast]
            (std::uint32_t)lookahead_ -(std::uint32_t)strstart_);
                                       ^              ~~~~~~~~~
/Users/saga/Documents/cpp_projects/horiba-cpp-sdk/build/_deps/boostbeast-src/include/boost/beast/zlib/detail/deflate_stream.ipp:1531:16: warning: use of old-style cast [-Wold-style-cast]
        more = (unsigned)(window_size_ -
               ^         ~~~~~~~~~~~~~~~
/Users/saga/Documents/cpp_projects/horiba-cpp-sdk/build/_deps/boostbeast-src/include/boost/beast/zlib/detail/deflate_stream.ipp:1558:49: warning: use of old-style cast [-Wold-style-cast]
            std::memcpy(window_, window_+wsize, (unsigned)wsize);
                                                ^         ~~~~~
/Users/saga/Documents/cpp_projects/horiba-cpp-sdk/build/_deps/boostbeast-src/include/boost/beast/zlib/detail/deflate_stream.ipp:1561:29: warning: use of old-style cast [-Wold-style-cast]
            block_start_ -= (long) wsize;
                            ^      ~~~~~
/Users/saga/Documents/cpp_projects/horiba-cpp-sdk/build/_deps/boostbeast-src/include/boost/beast/zlib/detail/deflate_stream.ipp:1576:22: warning: use of old-style cast [-Wold-style-cast]
                *p = (std::uint16_t)(m >= wsize ? m-wsize : 0);
                     ^              ~~~~~~~~~~~~~~~~~~~~~~~~~~
/Users/saga/Documents/cpp_projects/horiba-cpp-sdk/build/_deps/boostbeast-src/include/boost/beast/zlib/detail/deflate_stream.ipp:1585:22: warning: use of old-style cast [-Wold-style-cast]
                *p = (std::uint16_t)(m >= wsize ? m-wsize : 0);
                     ^              ~~~~~~~~~~~~~~~~~~~~~~~~~~
/Users/saga/Documents/cpp_projects/horiba-cpp-sdk/build/_deps/boostbeast-src/include/boost/beast/zlib/detail/deflate_stream.ipp:1607:13: warning: implicit conversion changes signedness: 'int' to 'unsigned int' [-Wsign-conversion]
        n = read_buf(zs, window_ + strstart_ + lookahead_, more);
          ~ ^~~~~~~~~~~~~~~~~~~~~~~~~~~~~~~~~~~~~~~~~~~~~~~~~~~~
/Users/saga/Documents/cpp_projects/horiba-cpp-sdk/build/_deps/boostbeast-src/include/boost/beast/zlib/detail/deflate_stream.ipp:1620:33: warning: use of old-style cast [-Wold-style-cast]
                head_[ins_h_] = (std::uint16_t)str;
                                ^              ~~~
/Users/saga/Documents/cpp_projects/horiba-cpp-sdk/build/_deps/boostbeast-src/include/boost/beast/zlib/detail/deflate_stream.ipp:1642:42: warning: use of old-style cast [-Wold-style-cast]
        std::uint32_t curr = strstart_ + (std::uint32_t)(lookahead_);
                                         ^              ~~~~~~~~~~~~
/Users/saga/Documents/cpp_projects/horiba-cpp-sdk/build/_deps/boostbeast-src/include/boost/beast/zlib/detail/deflate_stream.ipp:1653:44: warning: use of old-style cast [-Wold-style-cast]
            std::memset(window_ + curr, 0, (unsigned)winit);
                                           ^         ~~~~~
/Users/saga/Documents/cpp_projects/horiba-cpp-sdk/build/_deps/boostbeast-src/include/boost/beast/zlib/detail/deflate_stream.ipp:1656:31: warning: use of old-style cast [-Wold-style-cast]
        else if(high_water_ < (std::uint32_t)curr + kWinInit)
                              ^              ~~~~
/Users/saga/Documents/cpp_projects/horiba-cpp-sdk/build/_deps/boostbeast-src/include/boost/beast/zlib/detail/deflate_stream.ipp:1662:21: warning: use of old-style cast [-Wold-style-cast]
            winit = (std::uint32_t)curr + kWinInit - high_water_;
                    ^              ~~~~
/Users/saga/Documents/cpp_projects/horiba-cpp-sdk/build/_deps/boostbeast-src/include/boost/beast/zlib/detail/deflate_stream.ipp:1665:51: warning: use of old-style cast [-Wold-style-cast]
            std::memset(window_ + high_water_, 0, (unsigned)winit);
                                                  ^         ~~~~~
/Users/saga/Documents/cpp_projects/horiba-cpp-sdk/build/_deps/boostbeast-src/include/boost/beast/zlib/detail/deflate_stream.ipp:1705:30: warning: use of old-style cast [-Wold-style-cast]
            (char *)&window_[(unsigned)block_start_] :
                             ^         ~~~~~~~~~~~~
/Users/saga/Documents/cpp_projects/horiba-cpp-sdk/build/_deps/boostbeast-src/include/boost/beast/zlib/detail/deflate_stream.ipp:1705:13: warning: use of old-style cast [-Wold-style-cast]
            (char *)&window_[(unsigned)block_start_] :
            ^       ~~~~~~~~~~~~~~~~~~~~~~~~~~~~~~~~
/Users/saga/Documents/cpp_projects/horiba-cpp-sdk/build/_deps/boostbeast-src/include/boost/beast/zlib/detail/deflate_stream.ipp:1706:13: warning: use of old-style cast [-Wold-style-cast]
            (char *)0),
            ^       ~
/Users/saga/Documents/cpp_projects/horiba-cpp-sdk/build/_deps/boostbeast-src/include/boost/beast/zlib/detail/deflate_stream.ipp:1707:25: warning: use of old-style cast [-Wold-style-cast]
        (std::uint32_t)((long)strstart_ - block_start_),
                        ^     ~~~~~~~~~
/Users/saga/Documents/cpp_projects/horiba-cpp-sdk/build/_deps/boostbeast-src/include/boost/beast/zlib/detail/deflate_stream.ipp:1707:9: warning: use of old-style cast [-Wold-style-cast]
        (std::uint32_t)((long)strstart_ - block_start_),
        ^              ~~~~~~~~~~~~~~~~~~~~~~~~~~~~~~~~
/Users/saga/Documents/cpp_projects/horiba-cpp-sdk/build/_deps/boostbeast-src/include/boost/beast/zlib/detail/deflate_stream.ipp:1733:12: warning: use of old-style cast [-Wold-style-cast]
    return (int)len;
           ^    ~~~
/Users/saga/Documents/cpp_projects/horiba-cpp-sdk/build/_deps/boostbeast-src/include/boost/beast/zlib/detail/deflate_stream.ipp:1755:20: warning: implicit conversion changes signedness: 'uInt' (aka 'unsigned int') to 'int' [-Wsign-conversion]
    int best_len = prev_length_;              /* best match length so far */
        ~~~~~~~~   ^~~~~~~~~~~~
/Users/saga/Documents/cpp_projects/horiba-cpp-sdk/build/_deps/boostbeast-src/include/boost/beast/zlib/detail/deflate_stream.ipp:1757:30: warning: use of old-style cast [-Wold-style-cast]
    IPos limit = strstart_ > (IPos)max_dist() ?
                             ^     ~~~~~~~~~~
/Users/saga/Documents/cpp_projects/horiba-cpp-sdk/build/_deps/boostbeast-src/include/boost/beast/zlib/detail/deflate_stream.ipp:1758:21: warning: use of old-style cast [-Wold-style-cast]
        strstart_ - (IPos)max_dist() : 0;
                    ^     ~~~~~~~~~~
/Users/saga/Documents/cpp_projects/horiba-cpp-sdk/build/_deps/boostbeast-src/include/boost/beast/zlib/detail/deflate_stream.ipp:1781:8: warning: use of old-style cast [-Wold-style-cast]
    if((uInt)nice_match > lookahead_)
       ^     ~~~~~~~~~~
/Users/saga/Documents/cpp_projects/horiba-cpp-sdk/build/_deps/boostbeast-src/include/boost/beast/zlib/detail/deflate_stream.ipp:1782:22: warning: implicit conversion changes signedness: 'uInt' (aka 'unsigned int') to 'int' [-Wsign-conversion]
        nice_match = lookahead_;
                   ~ ^~~~~~~~~~
/Users/saga/Documents/cpp_projects/horiba-cpp-sdk/build/_deps/boostbeast-src/include/boost/beast/zlib/detail/deflate_stream.ipp:1827:26: warning: use of old-style cast [-Wold-style-cast]
        len = maxMatch - (int)(strend - scan);
                         ^    ~~~~~~~~~~~~~~~
/Users/saga/Documents/cpp_projects/horiba-cpp-sdk/build/_deps/boostbeast-src/include/boost/beast/zlib/detail/deflate_stream.ipp:1841:8: warning: use of old-style cast [-Wold-style-cast]
    if((uInt)best_len <= lookahead_)
       ^     ~~~~~~~~
/Users/saga/Documents/cpp_projects/horiba-cpp-sdk/build/_deps/boostbeast-src/include/boost/beast/zlib/detail/deflate_stream.ipp:1842:16: warning: use of old-style cast [-Wold-style-cast]
        return (uInt)best_len;
               ^     ~~~~~~~~
/Users/saga/Documents/cpp_projects/horiba-cpp-sdk/build/_deps/boostbeast-src/include/boost/beast/zlib/detail/deflate_stream.ipp:1892:30: warning: use of old-style cast [-Wold-style-cast]
        if(strstart_ == 0 || (std::uint32_t)strstart_ >= max_start) {
                             ^              ~~~~~~~~~
/Users/saga/Documents/cpp_projects/horiba-cpp-sdk/build/_deps/boostbeast-src/include/boost/beast/zlib/detail/deflate_stream.ipp:1894:26: warning: use of old-style cast [-Wold-style-cast]
            lookahead_ = (uInt)(strstart_ - max_start);
                         ^     ~~~~~~~~~~~~~~~~~~~~~~~
/Users/saga/Documents/cpp_projects/horiba-cpp-sdk/build/_deps/boostbeast-src/include/boost/beast/zlib/detail/deflate_stream.ipp:1895:25: warning: use of old-style cast [-Wold-style-cast]
            strstart_ = (uInt)max_start;
                        ^     ~~~~~~~~~
/Users/saga/Documents/cpp_projects/horiba-cpp-sdk/build/_deps/boostbeast-src/include/boost/beast/zlib/detail/deflate_stream.ipp:1903:24: warning: use of old-style cast [-Wold-style-cast]
        if(strstart_ - (uInt)block_start_ >= max_dist()) {
                       ^     ~~~~~~~~~~~~
/Users/saga/Documents/cpp_projects/horiba-cpp-sdk/build/_deps/boostbeast-src/include/boost/beast/zlib/detail/deflate_stream.ipp:1917:8: warning: use of old-style cast [-Wold-style-cast]
    if((long)strstart_ > block_start_)
       ^     ~~~~~~~~~
/Users/saga/Documents/cpp_projects/horiba-cpp-sdk/build/_deps/boostbeast-src/include/boost/beast/zlib/detail/deflate_stream.ipp:1891:34: warning: implicit conversion loses integer precision: 'long' to 'std::uint32_t' (aka 'unsigned int') [-Wshorten-64-to-32]
        max_start = block_start_ + max_block_size;
                  ~ ~~~~~~~~~~~~~^~~~~~~~~~~~~~~~
/Users/saga/Documents/cpp_projects/horiba-cpp-sdk/build/_deps/boostbeast-src/include/boost/beast/zlib/detail/deflate_stream.ipp:2226:44: warning: use of old-style cast [-Wold-style-cast]
                match_length_ = maxMatch - (int)(strend - scan);
                                           ^    ~~~~~~~~~~~~~~~
/Users/saga/Documents/cpp_projects/horiba-cpp-sdk/build/_deps/boostbeast-src/include/boost/beast/zlib/detail/deflate_stream.ipp:2226:42: warning: implicit conversion changes signedness: 'int' to 'uInt' (aka 'unsigned int') [-Wsign-conversion]
                match_length_ = maxMatch - (int)(strend - scan);
                              ~ ~~~~~~~~~^~~~~~~~~~~~~~~~~~~~~~
In file included from /Users/saga/Documents/cpp_projects/horiba-cpp-sdk/src/communication/websocket_communicator.cpp:1:
In file included from /Users/saga/Documents/cpp_projects/horiba-cpp-sdk/include/horiba_cpp_sdk/communication/websocket_communicator.h:7:
In file included from /Users/saga/Documents/cpp_projects/horiba-cpp-sdk/build/_deps/boostbeast-src/include/boost/beast/websocket.hpp:18:
In file included from /Users/saga/Documents/cpp_projects/horiba-cpp-sdk/build/_deps/boostbeast-src/include/boost/beast/websocket/stream.hpp:20:
In file included from /Users/saga/Documents/cpp_projects/horiba-cpp-sdk/build/_deps/boostbeast-src/include/boost/beast/websocket/detail/impl_base.hpp:22:
In file included from /Users/saga/Documents/cpp_projects/horiba-cpp-sdk/build/_deps/boostbeast-src/include/boost/beast/zlib/inflate_stream.hpp:41:
In file included from /Users/saga/Documents/cpp_projects/horiba-cpp-sdk/build/_deps/boostbeast-src/include/boost/beast/zlib/detail/inflate_stream.hpp:44:
/Users/saga/Documents/cpp_projects/horiba-cpp-sdk/build/_deps/boostbeast-src/include/boost/beast/zlib/detail/window.hpp:85:28: warning: implicit conversion loses integer precision: 'unsigned int' to 'std::uint16_t' (aka 'unsigned short') [-Wimplicit-int-conversion]
            capacity_ = 1U << bits_;
                      ~ ~~~^~~~~~~~
/Users/saga/Documents/cpp_projects/horiba-cpp-sdk/build/_deps/boostbeast-src/include/boost/beast/zlib/detail/window.hpp:138:34: warning: implicit conversion changes signedness: 'int' to 'size_t' (aka 'unsigned long') [-Wsign-conversion]
        std::memcpy(&p_[i_], in, m);
        ~~~                      ^
/Users/saga/Documents/cpp_projects/horiba-cpp-sdk/build/_deps/boostbeast-src/include/boost/beast/zlib/detail/window.hpp:140:45: warning: implicit conversion changes signedness: 'int' to 'std::size_t' (aka 'unsigned long') [-Wsign-conversion]
        i_ = static_cast<std::uint16_t>(n - m);
                                          ~ ^
In file included from /Users/saga/Documents/cpp_projects/horiba-cpp-sdk/src/communication/websocket_communicator.cpp:1:
In file included from /Users/saga/Documents/cpp_projects/horiba-cpp-sdk/include/horiba_cpp_sdk/communication/websocket_communicator.h:7:
In file included from /Users/saga/Documents/cpp_projects/horiba-cpp-sdk/build/_deps/boostbeast-src/include/boost/beast/websocket.hpp:18:
In file included from /Users/saga/Documents/cpp_projects/horiba-cpp-sdk/build/_deps/boostbeast-src/include/boost/beast/websocket/stream.hpp:20:
In file included from /Users/saga/Documents/cpp_projects/horiba-cpp-sdk/build/_deps/boostbeast-src/include/boost/beast/websocket/detail/impl_base.hpp:22:
In file included from /Users/saga/Documents/cpp_projects/horiba-cpp-sdk/build/_deps/boostbeast-src/include/boost/beast/zlib/inflate_stream.hpp:41:
In file included from /Users/saga/Documents/cpp_projects/horiba-cpp-sdk/build/_deps/boostbeast-src/include/boost/beast/zlib/detail/inflate_stream.hpp:248:
/Users/saga/Documents/cpp_projects/horiba-cpp-sdk/build/_deps/boostbeast-src/include/boost/beast/zlib/detail/inflate_stream.ipp:111:43: warning: implicit conversion changes signedness: 'unsigned int' to 'int' [-Wsign-conversion]
                (mode_ == TYPE ? 128 : 0) +
                ~~~~~~~~~~~~~~~~~~~~~~~~~~^
/Users/saga/Documents/cpp_projects/horiba-cpp-sdk/build/_deps/boostbeast-src/include/boost/beast/zlib/detail/inflate_stream.ipp:143:9: warning: unannotated fall-through between switch labels [-Wimplicit-fallthrough]
        case TYPEDO:
        ^
/Users/saga/Documents/cpp_projects/horiba-cpp-sdk/build/_deps/boostbeast-src/include/boost/beast/zlib/detail/inflate_stream.ipp:143:9: note: insert 'BOOST_FALLTHROUGH;' to silence this warning
        case TYPEDO:
        ^
        BOOST_FALLTHROUGH; 
/Users/saga/Documents/cpp_projects/horiba-cpp-sdk/build/_deps/boostbeast-src/include/boost/beast/zlib/detail/inflate_stream.ipp:143:9: note: insert 'break;' to avoid fall-through
        case TYPEDO:
        ^
        break; 
/Users/saga/Documents/cpp_projects/horiba-cpp-sdk/build/_deps/boostbeast-src/include/boost/beast/zlib/detail/inflate_stream.ipp:651:19: warning: use of old-style cast [-Wold-style-cast]
        here.op = (std::uint8_t)64;    /* invalid code marker */
                  ^             ~~
/Users/saga/Documents/cpp_projects/horiba-cpp-sdk/build/_deps/boostbeast-src/include/boost/beast/zlib/detail/inflate_stream.ipp:652:21: warning: use of old-style cast [-Wold-style-cast]
        here.bits = (std::uint8_t)1;
                    ^             ~
/Users/saga/Documents/cpp_projects/horiba-cpp-sdk/build/_deps/boostbeast-src/include/boost/beast/zlib/detail/inflate_stream.ipp:653:20: warning: use of old-style cast [-Wold-style-cast]
        here.val = (std::uint16_t)0;
                   ^              ~
/Users/saga/Documents/cpp_projects/horiba-cpp-sdk/build/_deps/boostbeast-src/include/boost/beast/zlib/detail/inflate_stream.ipp:691:39: warning: use of old-style cast [-Wold-style-cast]
            work[offs[lens[sym]]++] = (std::uint16_t)sym;
                                      ^              ~~~
/Users/saga/Documents/cpp_projects/horiba-cpp-sdk/build/_deps/boostbeast-src/include/boost/beast/zlib/detail/inflate_stream.ipp:749:11: warning: use of old-style cast [-Wold-style-cast]
    low = (unsigned)(-1);       /* trigger new sub-table when len > root */
          ^         ~~~~
/Users/saga/Documents/cpp_projects/horiba-cpp-sdk/build/_deps/boostbeast-src/include/boost/beast/zlib/detail/inflate_stream.ipp:768:21: warning: use of old-style cast [-Wold-style-cast]
        here.bits = (std::uint8_t)(len - drop);
                    ^             ~~~~~~~~~~~~
/Users/saga/Documents/cpp_projects/horiba-cpp-sdk/build/_deps/boostbeast-src/include/boost/beast/zlib/detail/inflate_stream.ipp:771:23: warning: use of old-style cast [-Wold-style-cast]
            here.op = (std::uint8_t)0;
                      ^             ~
/Users/saga/Documents/cpp_projects/horiba-cpp-sdk/build/_deps/boostbeast-src/include/boost/beast/zlib/detail/inflate_stream.ipp:776:23: warning: use of old-style cast [-Wold-style-cast]
            here.op = (std::uint8_t)(extra[work[sym] - match]);
                      ^             ~~~~~~~~~~~~~~~~~~~~~~~~~~
/Users/saga/Documents/cpp_projects/horiba-cpp-sdk/build/_deps/boostbeast-src/include/boost/beast/zlib/detail/inflate_stream.ipp:781:23: warning: use of old-style cast [-Wold-style-cast]
            here.op = (std::uint8_t)(32 + 64);         /* end of block */
                      ^             ~~~~~~~~~
/Users/saga/Documents/cpp_projects/horiba-cpp-sdk/build/_deps/boostbeast-src/include/boost/beast/zlib/detail/inflate_stream.ipp:827:20: warning: use of old-style cast [-Wold-style-cast]
            left = (int)(1 << curr);
                   ^    ~~~~~~~~~~~
/Users/saga/Documents/cpp_projects/horiba-cpp-sdk/build/_deps/boostbeast-src/include/boost/beast/zlib/detail/inflate_stream.ipp:844:32: warning: use of old-style cast [-Wold-style-cast]
            (*table)[low].op = (std::uint8_t)curr;
                               ^             ~~~~
/Users/saga/Documents/cpp_projects/horiba-cpp-sdk/build/_deps/boostbeast-src/include/boost/beast/zlib/detail/inflate_stream.ipp:845:34: warning: use of old-style cast [-Wold-style-cast]
            (*table)[low].bits = (std::uint8_t)root;
                                 ^             ~~~~
/Users/saga/Documents/cpp_projects/horiba-cpp-sdk/build/_deps/boostbeast-src/include/boost/beast/zlib/detail/inflate_stream.ipp:846:33: warning: use of old-style cast [-Wold-style-cast]
            (*table)[low].val = (std::uint16_t)(next - *table);
                                ^              ~~~~~~~~~~~~~~~
/Users/saga/Documents/cpp_projects/horiba-cpp-sdk/build/_deps/boostbeast-src/include/boost/beast/zlib/detail/inflate_stream.ipp:856:21: warning: use of old-style cast [-Wold-style-cast]
        here.bits = (std::uint8_t)(len - drop);
                    ^             ~~~~~~~~~~~~
/Users/saga/Documents/cpp_projects/horiba-cpp-sdk/build/_deps/boostbeast-src/include/boost/beast/zlib/detail/inflate_stream.ipp:1005:14: warning: use of old-style cast [-Wold-style-cast]
        op = (unsigned)(cp->op);
             ^         ~~~~~~~~
/Users/saga/Documents/cpp_projects/horiba-cpp-sdk/build/_deps/boostbeast-src/include/boost/beast/zlib/detail/inflate_stream.ipp:1009:29: warning: use of old-style cast [-Wold-style-cast]
            *r.out.next++ = (unsigned char)(cp->val);
                            ^              ~~~~~~~~~
/Users/saga/Documents/cpp_projects/horiba-cpp-sdk/build/_deps/boostbeast-src/include/boost/beast/zlib/detail/inflate_stream.ipp:1014:19: warning: use of old-style cast [-Wold-style-cast]
            len = (unsigned)(cp->val);
                  ^         ~~~~~~~~~
/Users/saga/Documents/cpp_projects/horiba-cpp-sdk/build/_deps/boostbeast-src/include/boost/beast/zlib/detail/inflate_stream.ipp:1020:24: warning: use of old-style cast [-Wold-style-cast]
                len += (unsigned)bi_.peek_fast() & ((1U << op) - 1);
                       ^         ~~~~~~~~~~~~~~~
/Users/saga/Documents/cpp_projects/horiba-cpp-sdk/build/_deps/boostbeast-src/include/boost/beast/zlib/detail/inflate_stream.ipp:1028:18: warning: use of old-style cast [-Wold-style-cast]
            op = (unsigned)(cp->op);
                 ^         ~~~~~~~~
/Users/saga/Documents/cpp_projects/horiba-cpp-sdk/build/_deps/boostbeast-src/include/boost/beast/zlib/detail/inflate_stream.ipp:1032:24: warning: use of old-style cast [-Wold-style-cast]
                dist = (unsigned)(cp->val);
                       ^         ~~~~~~~~~
/Users/saga/Documents/cpp_projects/horiba-cpp-sdk/build/_deps/boostbeast-src/include/boost/beast/zlib/detail/inflate_stream.ipp:1040:25: warning: use of old-style cast [-Wold-style-cast]
                dist += (unsigned)bi_.peek_fast() & ((1U << op) - 1);
                        ^         ~~~~~~~~~~~~~~~
In file included from /Users/saga/Documents/cpp_projects/horiba-cpp-sdk/src/communication/websocket_communicator.cpp:1:
In file included from /Users/saga/Documents/cpp_projects/horiba-cpp-sdk/include/horiba_cpp_sdk/communication/websocket_communicator.h:7:
In file included from /Users/saga/Documents/cpp_projects/horiba-cpp-sdk/build/_deps/boostbeast-src/include/boost/beast/websocket.hpp:18:
In file included from /Users/saga/Documents/cpp_projects/horiba-cpp-sdk/build/_deps/boostbeast-src/include/boost/beast/websocket/stream.hpp:2886:
In file included from /Users/saga/Documents/cpp_projects/horiba-cpp-sdk/build/_deps/boostbeast-src/include/boost/beast/websocket/impl/stream_impl.hpp:16:
In file included from /Users/saga/Documents/cpp_projects/horiba-cpp-sdk/build/_deps/boostbeast-src/include/boost/beast/websocket/detail/mask.hpp:59:
/Users/saga/Documents/cpp_projects/horiba-cpp-sdk/build/_deps/boostbeast-src/include/boost/beast/websocket/detail/mask.ipp:49:26: warning: implicit conversion changes signedness: 'int' to 'size_type' (aka 'unsigned long') [-Wsign-conversion]
            p[i] ^= mask[i];
                    ~~~~ ^
In file included from /Users/saga/Documents/cpp_projects/horiba-cpp-sdk/src/communication/websocket_communicator.cpp:1:
In file included from /Users/saga/Documents/cpp_projects/horiba-cpp-sdk/include/horiba_cpp_sdk/communication/websocket_communicator.h:7:
In file included from /Users/saga/Documents/cpp_projects/horiba-cpp-sdk/build/_deps/boostbeast-src/include/boost/beast/websocket.hpp:18:
In file included from /Users/saga/Documents/cpp_projects/horiba-cpp-sdk/build/_deps/boostbeast-src/include/boost/beast/websocket/stream.hpp:2886:
In file included from /Users/saga/Documents/cpp_projects/horiba-cpp-sdk/build/_deps/boostbeast-src/include/boost/beast/websocket/impl/stream_impl.hpp:22:
In file included from /Users/saga/Documents/cpp_projects/horiba-cpp-sdk/build/_deps/boostbeast-src/include/boost/beast/http/read.hpp:16:
In file included from /Users/saga/Documents/cpp_projects/horiba-cpp-sdk/build/_deps/boostbeast-src/include/boost/beast/http/basic_parser.hpp:18:
In file included from /Users/saga/Documents/cpp_projects/horiba-cpp-sdk/build/_deps/boostbeast-src/include/boost/beast/http/detail/basic_parser.hpp:14:
/Users/saga/Documents/cpp_projects/horiba-cpp-sdk/build/_deps/boostbeast-src/include/boost/beast/core/detail/char_buffer.hpp:36:36: warning: implicit conversion changes signedness: 'long' to 'const std::size_t' (aka 'const unsigned long') [-Wsign-conversion]
        std::size_t const n = last - first;
                          ~   ~~~~~^~~~~~~
In file included from /Users/saga/Documents/cpp_projects/horiba-cpp-sdk/src/communication/websocket_communicator.cpp:1:
In file included from /Users/saga/Documents/cpp_projects/horiba-cpp-sdk/include/horiba_cpp_sdk/communication/websocket_communicator.h:7:
In file included from /Users/saga/Documents/cpp_projects/horiba-cpp-sdk/build/_deps/boostbeast-src/include/boost/beast/websocket.hpp:18:
In file included from /Users/saga/Documents/cpp_projects/horiba-cpp-sdk/build/_deps/boostbeast-src/include/boost/beast/websocket/stream.hpp:2886:
In file included from /Users/saga/Documents/cpp_projects/horiba-cpp-sdk/build/_deps/boostbeast-src/include/boost/beast/websocket/impl/stream_impl.hpp:22:
In file included from /Users/saga/Documents/cpp_projects/horiba-cpp-sdk/build/_deps/boostbeast-src/include/boost/beast/http/read.hpp:16:
In file included from /Users/saga/Documents/cpp_projects/horiba-cpp-sdk/build/_deps/boostbeast-src/include/boost/beast/http/basic_parser.hpp:18:
In file included from /Users/saga/Documents/cpp_projects/horiba-cpp-sdk/build/_deps/boostbeast-src/include/boost/beast/http/detail/basic_parser.hpp:203:
/Users/saga/Documents/cpp_projects/horiba-cpp-sdk/build/_deps/boostbeast-src/include/boost/beast/http/detail/basic_parser.ipp:172:37: warning: implicit conversion changes signedness: 'int' to 'const std::uint64_t' (aka 'const unsigned long long') [-Wsign-conversion]
        std::uint64_t const d = *it - '0';
                            ~   ~~~~^~~~~
/Users/saga/Documents/cpp_projects/horiba-cpp-sdk/build/_deps/boostbeast-src/include/boost/beast/http/detail/basic_parser.ipp:450:18: warning: implicit conversion changes signedness: 'int' to 'unsigned short' [-Wsign-conversion]
    result = 100 * (*it++ - '0');
           ~ ~~~~^~~~~~~~~~~~~~~
In file included from /Users/saga/Documents/cpp_projects/horiba-cpp-sdk/src/communication/websocket_communicator.cpp:1:
In file included from /Users/saga/Documents/cpp_projects/horiba-cpp-sdk/include/horiba_cpp_sdk/communication/websocket_communicator.h:7:
In file included from /Users/saga/Documents/cpp_projects/horiba-cpp-sdk/build/_deps/boostbeast-src/include/boost/beast/websocket.hpp:18:
In file included from /Users/saga/Documents/cpp_projects/horiba-cpp-sdk/build/_deps/boostbeast-src/include/boost/beast/websocket/stream.hpp:2886:
/Users/saga/Documents/cpp_projects/horiba-cpp-sdk/build/_deps/boostbeast-src/include/boost/beast/websocket/impl/stream_impl.hpp:943:52: warning: declaration shadows a field of 'boost::beast::websocket::stream::impl_type' [-Wshadow]
write_close(DynamicBuffer& db, close_reason const& cr)
                                                   ^
/Users/saga/Documents/cpp_projects/horiba-cpp-sdk/build/_deps/boostbeast-src/include/boost/beast/websocket/impl/stream_impl.hpp:74:29: note: previous declaration is here
    close_reason            cr;             // set from received close frame
                            ^
/Users/saga/Documents/cpp_projects/horiba-cpp-sdk/src/communication/websocket_communicator.cpp:49:63: warning: unused parameter 'command' [-Wunused-parameter]
Response WebSocketCommunicator::request_with_response(Command command) {
                                                              ^
In file included from /Users/saga/Documents/cpp_projects/horiba-cpp-sdk/src/communication/websocket_communicator.cpp:1:
In file included from /Users/saga/Documents/cpp_projects/horiba-cpp-sdk/include/horiba_cpp_sdk/communication/websocket_communicator.h:5:
In file included from /Users/saga/Documents/cpp_projects/horiba-cpp-sdk/build/_deps/boost-src/libs/asio/include/boost/asio/ip/tcp.hpp:20:
In file included from /Users/saga/Documents/cpp_projects/horiba-cpp-sdk/build/_deps/boost-src/libs/asio/include/boost/asio/basic_socket_iostream.hpp:24:
In file included from /Users/saga/Documents/cpp_projects/horiba-cpp-sdk/build/_deps/boost-src/libs/asio/include/boost/asio/basic_socket_streambuf.hpp:36:
In file included from /Users/saga/Documents/cpp_projects/horiba-cpp-sdk/build/_deps/boost-src/libs/asio/include/boost/asio/steady_timer.hpp:19:
In file included from /Users/saga/Documents/cpp_projects/horiba-cpp-sdk/build/_deps/boost-src/libs/asio/include/boost/asio/basic_waitable_timer.hpp:23:
In file included from /Users/saga/Documents/cpp_projects/horiba-cpp-sdk/build/_deps/boost-src/libs/asio/include/boost/asio/detail/deadline_timer_service.hpp:31:
In file included from /Users/saga/Documents/cpp_projects/horiba-cpp-sdk/build/_deps/boost-src/libs/asio/include/boost/asio/detail/timer_queue_ptime.hpp:22:
In file included from /Users/saga/Documents/cpp_projects/horiba-cpp-sdk/build/_deps/boost-src/libs/asio/include/boost/asio/time_traits.hpp:23:
In file included from /Users/saga/Documents/cpp_projects/horiba-cpp-sdk/build/_deps/boost-src/libs/date_time/include/boost/date_time/posix_time/posix_time_types.hpp:12:
In file included from /Users/saga/Documents/cpp_projects/horiba-cpp-sdk/build/_deps/boost-src/libs/date_time/include/boost/date_time/posix_time/ptime.hpp:12:
In file included from /Users/saga/Documents/cpp_projects/horiba-cpp-sdk/build/_deps/boost-src/libs/date_time/include/boost/date_time/posix_time/posix_time_system.hpp:13:
In file included from /Users/saga/Documents/cpp_projects/horiba-cpp-sdk/build/_deps/boost-src/libs/date_time/include/boost/date_time/posix_time/posix_time_config.hpp:18:
In file included from /Users/saga/Documents/cpp_projects/horiba-cpp-sdk/build/_deps/boost-src/libs/date_time/include/boost/date_time/gregorian/gregorian_types.hpp:22:
In file included from /Users/saga/Documents/cpp_projects/horiba-cpp-sdk/build/_deps/boost-src/libs/date_time/include/boost/date_time/gregorian/greg_duration_types.hpp:15:
/Users/saga/Documents/cpp_projects/horiba-cpp-sdk/build/_deps/boost-src/libs/date_time/include/boost/date_time/adjust_functors.hpp:62:27: warning: implicit conversion changes signedness: 'value_type' (aka 'unsigned short') to 'short' [-Wsign-conversion]
        origDayOfMonth_ = ymd.day;
                        ~ ^~~~~~~
/Users/saga/Documents/cpp_projects/horiba-cpp-sdk/build/_deps/boost-src/libs/date_time/include/boost/date_time/date_duration_types.hpp:67:36: note: in instantiation of member function 'boost::date_time::month_functor<boost::gregorian::date>::get_offset' requested here
        return duration_type(m_adj.get_offset(d));
                                   ^
In file included from /Users/saga/Documents/cpp_projects/horiba-cpp-sdk/src/communication/websocket_communicator.cpp:1:
In file included from /Users/saga/Documents/cpp_projects/horiba-cpp-sdk/include/horiba_cpp_sdk/communication/websocket_communicator.h:5:
In file included from /Users/saga/Documents/cpp_projects/horiba-cpp-sdk/build/_deps/boost-src/libs/asio/include/boost/asio/ip/tcp.hpp:20:
In file included from /Users/saga/Documents/cpp_projects/horiba-cpp-sdk/build/_deps/boost-src/libs/asio/include/boost/asio/basic_socket_iostream.hpp:24:
In file included from /Users/saga/Documents/cpp_projects/horiba-cpp-sdk/build/_deps/boost-src/libs/asio/include/boost/asio/basic_socket_streambuf.hpp:36:
In file included from /Users/saga/Documents/cpp_projects/horiba-cpp-sdk/build/_deps/boost-src/libs/asio/include/boost/asio/steady_timer.hpp:19:
In file included from /Users/saga/Documents/cpp_projects/horiba-cpp-sdk/build/_deps/boost-src/libs/asio/include/boost/asio/basic_waitable_timer.hpp:23:
In file included from /Users/saga/Documents/cpp_projects/horiba-cpp-sdk/build/_deps/boost-src/libs/asio/include/boost/asio/detail/deadline_timer_service.hpp:31:
In file included from /Users/saga/Documents/cpp_projects/horiba-cpp-sdk/build/_deps/boost-src/libs/asio/include/boost/asio/detail/timer_queue_ptime.hpp:22:
In file included from /Users/saga/Documents/cpp_projects/horiba-cpp-sdk/build/_deps/boost-src/libs/asio/include/boost/asio/time_traits.hpp:23:
In file included from /Users/saga/Documents/cpp_projects/horiba-cpp-sdk/build/_deps/boost-src/libs/date_time/include/boost/date_time/posix_time/posix_time_types.hpp:12:
In file included from /Users/saga/Documents/cpp_projects/horiba-cpp-sdk/build/_deps/boost-src/libs/date_time/include/boost/date_time/posix_time/ptime.hpp:12:
In file included from /Users/saga/Documents/cpp_projects/horiba-cpp-sdk/build/_deps/boost-src/libs/date_time/include/boost/date_time/posix_time/posix_time_system.hpp:13:
In file included from /Users/saga/Documents/cpp_projects/horiba-cpp-sdk/build/_deps/boost-src/libs/date_time/include/boost/date_time/posix_time/posix_time_config.hpp:18:
In file included from /Users/saga/Documents/cpp_projects/horiba-cpp-sdk/build/_deps/boost-src/libs/date_time/include/boost/date_time/gregorian/gregorian_types.hpp:22:
In file included from /Users/saga/Documents/cpp_projects/horiba-cpp-sdk/build/_deps/boost-src/libs/date_time/include/boost/date_time/gregorian/greg_duration_types.hpp:15:
/Users/saga/Documents/cpp_projects/horiba-cpp-sdk/build/_deps/boost-src/libs/date_time/include/boost/date_time/adjust_functors.hpp:69:20: warning: implicit conversion changes signedness: 'value_type' (aka 'unsigned short') to 'int_type' (aka 'short') [-Wsign-conversion]
      wrap_int2 wi(ymd.month);
                ~~ ^~~~~~~~~
/Users/saga/Documents/cpp_projects/horiba-cpp-sdk/build/_deps/boost-src/libs/date_time/include/boost/date_time/adjust_functors.hpp:75:75: warning: implicit conversion changes signedness: 'int_type' (aka 'short') to 'value_type' (aka 'unsigned short') [-Wsign-conversion]
      day_type resultingEndOfMonthDay(cal_type::end_of_month_day(year, wi.as_int()));
                                                                       ~~~^~~~~~~~
/Users/saga/Documents/cpp_projects/horiba-cpp-sdk/build/_deps/boost-src/libs/date_time/include/boost/date_time/adjust_functors.hpp:78:35: warning: implicit conversion changes signedness: 'int_type' (aka 'short') to 'value_type' (aka 'unsigned short') [-Wsign-conversion]
        return date_type(year, wi.as_int(), resultingEndOfMonthDay) - d;
                               ~~~^~~~~~~~
/Users/saga/Documents/cpp_projects/horiba-cpp-sdk/build/_deps/boost-src/libs/date_time/include/boost/date_time/adjust_functors.hpp:80:29: warning: implicit conversion changes signedness: 'short' to 'value_type' (aka 'unsigned short') [-Wsign-conversion]
      day_type dayOfMonth = origDayOfMonth_;
                            ^~~~~~~~~~~~~~~
/Users/saga/Documents/cpp_projects/horiba-cpp-sdk/build/_deps/boost-src/libs/date_time/include/boost/date_time/adjust_functors.hpp:84:33: warning: implicit conversion changes signedness: 'int_type' (aka 'short') to 'value_type' (aka 'unsigned short') [-Wsign-conversion]
      return date_type(year, wi.as_int(), dayOfMonth) - d;
                             ~~~^~~~~~~~
/Users/saga/Documents/cpp_projects/horiba-cpp-sdk/build/_deps/boost-src/libs/date_time/include/boost/date_time/adjust_functors.hpp:91:27: warning: implicit conversion changes signedness: 'value_type' (aka 'unsigned short') to 'short' [-Wsign-conversion]
        origDayOfMonth_ = ymd.day;
                        ~ ^~~~~~~
/Users/saga/Documents/cpp_projects/horiba-cpp-sdk/build/_deps/boost-src/libs/date_time/include/boost/date_time/date_duration_types.hpp:62:36: note: in instantiation of member function 'boost::date_time::month_functor<boost::gregorian::date>::get_neg_offset' requested here
        return duration_type(m_adj.get_neg_offset(d));
                                   ^
In file included from /Users/saga/Documents/cpp_projects/horiba-cpp-sdk/src/communication/websocket_communicator.cpp:1:
In file included from /Users/saga/Documents/cpp_projects/horiba-cpp-sdk/include/horiba_cpp_sdk/communication/websocket_communicator.h:5:
In file included from /Users/saga/Documents/cpp_projects/horiba-cpp-sdk/build/_deps/boost-src/libs/asio/include/boost/asio/ip/tcp.hpp:20:
In file included from /Users/saga/Documents/cpp_projects/horiba-cpp-sdk/build/_deps/boost-src/libs/asio/include/boost/asio/basic_socket_iostream.hpp:24:
In file included from /Users/saga/Documents/cpp_projects/horiba-cpp-sdk/build/_deps/boost-src/libs/asio/include/boost/asio/basic_socket_streambuf.hpp:36:
In file included from /Users/saga/Documents/cpp_projects/horiba-cpp-sdk/build/_deps/boost-src/libs/asio/include/boost/asio/steady_timer.hpp:19:
In file included from /Users/saga/Documents/cpp_projects/horiba-cpp-sdk/build/_deps/boost-src/libs/asio/include/boost/asio/basic_waitable_timer.hpp:23:
In file included from /Users/saga/Documents/cpp_projects/horiba-cpp-sdk/build/_deps/boost-src/libs/asio/include/boost/asio/detail/deadline_timer_service.hpp:31:
In file included from /Users/saga/Documents/cpp_projects/horiba-cpp-sdk/build/_deps/boost-src/libs/asio/include/boost/asio/detail/timer_queue_ptime.hpp:22:
In file included from /Users/saga/Documents/cpp_projects/horiba-cpp-sdk/build/_deps/boost-src/libs/asio/include/boost/asio/time_traits.hpp:23:
In file included from /Users/saga/Documents/cpp_projects/horiba-cpp-sdk/build/_deps/boost-src/libs/date_time/include/boost/date_time/posix_time/posix_time_types.hpp:12:
In file included from /Users/saga/Documents/cpp_projects/horiba-cpp-sdk/build/_deps/boost-src/libs/date_time/include/boost/date_time/posix_time/ptime.hpp:12:
In file included from /Users/saga/Documents/cpp_projects/horiba-cpp-sdk/build/_deps/boost-src/libs/date_time/include/boost/date_time/posix_time/posix_time_system.hpp:13:
In file included from /Users/saga/Documents/cpp_projects/horiba-cpp-sdk/build/_deps/boost-src/libs/date_time/include/boost/date_time/posix_time/posix_time_config.hpp:18:
In file included from /Users/saga/Documents/cpp_projects/horiba-cpp-sdk/build/_deps/boost-src/libs/date_time/include/boost/date_time/gregorian/gregorian_types.hpp:22:
In file included from /Users/saga/Documents/cpp_projects/horiba-cpp-sdk/build/_deps/boost-src/libs/date_time/include/boost/date_time/gregorian/greg_duration_types.hpp:15:
/Users/saga/Documents/cpp_projects/horiba-cpp-sdk/build/_deps/boost-src/libs/date_time/include/boost/date_time/adjust_functors.hpp:98:20: warning: implicit conversion changes signedness: 'value_type' (aka 'unsigned short') to 'int_type' (aka 'short') [-Wsign-conversion]
      wrap_int2 wi(ymd.month);
                ~~ ^~~~~~~~~
/Users/saga/Documents/cpp_projects/horiba-cpp-sdk/build/_deps/boost-src/libs/date_time/include/boost/date_time/adjust_functors.hpp:102:75: warning: implicit conversion changes signedness: 'int_type' (aka 'short') to 'value_type' (aka 'unsigned short') [-Wsign-conversion]
      day_type resultingEndOfMonthDay(cal_type::end_of_month_day(year, wi.as_int()));
                                                                       ~~~^~~~~~~~
/Users/saga/Documents/cpp_projects/horiba-cpp-sdk/build/_deps/boost-src/libs/date_time/include/boost/date_time/adjust_functors.hpp:105:35: warning: implicit conversion changes signedness: 'int_type' (aka 'short') to 'value_type' (aka 'unsigned short') [-Wsign-conversion]
        return date_type(year, wi.as_int(), resultingEndOfMonthDay) - d;
                               ~~~^~~~~~~~
/Users/saga/Documents/cpp_projects/horiba-cpp-sdk/build/_deps/boost-src/libs/date_time/include/boost/date_time/adjust_functors.hpp:107:29: warning: implicit conversion changes signedness: 'short' to 'value_type' (aka 'unsigned short') [-Wsign-conversion]
      day_type dayOfMonth = origDayOfMonth_;
                            ^~~~~~~~~~~~~~~
/Users/saga/Documents/cpp_projects/horiba-cpp-sdk/build/_deps/boost-src/libs/date_time/include/boost/date_time/adjust_functors.hpp:111:33: warning: implicit conversion changes signedness: 'int_type' (aka 'short') to 'value_type' (aka 'unsigned short') [-Wsign-conversion]
      return date_type(year, wi.as_int(), dayOfMonth) - d;
                             ~~~^~~~~~~~
In file included from /Users/saga/Documents/cpp_projects/horiba-cpp-sdk/src/communication/websocket_communicator.cpp:1:
In file included from /Users/saga/Documents/cpp_projects/horiba-cpp-sdk/include/horiba_cpp_sdk/communication/websocket_communicator.h:5:
In file included from /Users/saga/Documents/cpp_projects/horiba-cpp-sdk/build/_deps/boost-src/libs/asio/include/boost/asio/ip/tcp.hpp:20:
In file included from /Users/saga/Documents/cpp_projects/horiba-cpp-sdk/build/_deps/boost-src/libs/asio/include/boost/asio/basic_socket_iostream.hpp:24:
In file included from /Users/saga/Documents/cpp_projects/horiba-cpp-sdk/build/_deps/boost-src/libs/asio/include/boost/asio/basic_socket_streambuf.hpp:36:
In file included from /Users/saga/Documents/cpp_projects/horiba-cpp-sdk/build/_deps/boost-src/libs/asio/include/boost/asio/steady_timer.hpp:19:
In file included from /Users/saga/Documents/cpp_projects/horiba-cpp-sdk/build/_deps/boost-src/libs/asio/include/boost/asio/basic_waitable_timer.hpp:23:
In file included from /Users/saga/Documents/cpp_projects/horiba-cpp-sdk/build/_deps/boost-src/libs/asio/include/boost/asio/detail/deadline_timer_service.hpp:31:
In file included from /Users/saga/Documents/cpp_projects/horiba-cpp-sdk/build/_deps/boost-src/libs/asio/include/boost/asio/detail/timer_queue_ptime.hpp:22:
In file included from /Users/saga/Documents/cpp_projects/horiba-cpp-sdk/build/_deps/boost-src/libs/asio/include/boost/asio/time_traits.hpp:23:
In file included from /Users/saga/Documents/cpp_projects/horiba-cpp-sdk/build/_deps/boost-src/libs/date_time/include/boost/date_time/posix_time/posix_time_types.hpp:11:
/Users/saga/Documents/cpp_projects/horiba-cpp-sdk/build/_deps/boost-src/libs/date_time/include/boost/date_time/microsec_time_clock.hpp:88:36: warning: implicit conversion changes signedness: '__darwin_suseconds_t' (aka 'int') to 'boost::uint32_t' (aka 'unsigned int') [-Wsign-conversion]
      boost::uint32_t sub_sec = tv.tv_usec;
                      ~~~~~~~   ~~~^~~~~~~
/Users/saga/Documents/cpp_projects/horiba-cpp-sdk/build/_deps/boost-src/libs/date_time/include/boost/date_time/microsec_time_clock.hpp:78:14: note: in instantiation of member function 'boost::date_time::microsec_clock<boost::posix_time::ptime>::create_time' requested here
      return create_time(&c_time::gmtime);
             ^
/Users/saga/Documents/cpp_projects/horiba-cpp-sdk/build/_deps/boost-src/libs/asio/include/boost/asio/time_traits.hpp:48:47: note: in instantiation of member function 'boost::date_time::microsec_clock<boost::posix_time::ptime>::universal_time' requested here
    return boost::posix_time::microsec_clock::universal_time();
                                              ^
In file included from /Users/saga/Documents/cpp_projects/horiba-cpp-sdk/src/communication/websocket_communicator.cpp:1:
In file included from /Users/saga/Documents/cpp_projects/horiba-cpp-sdk/include/horiba_cpp_sdk/communication/websocket_communicator.h:5:
In file included from /Users/saga/Documents/cpp_projects/horiba-cpp-sdk/build/_deps/boost-src/libs/asio/include/boost/asio/ip/tcp.hpp:20:
In file included from /Users/saga/Documents/cpp_projects/horiba-cpp-sdk/build/_deps/boost-src/libs/asio/include/boost/asio/basic_socket_iostream.hpp:24:
In file included from /Users/saga/Documents/cpp_projects/horiba-cpp-sdk/build/_deps/boost-src/libs/asio/include/boost/asio/basic_socket_streambuf.hpp:36:
In file included from /Users/saga/Documents/cpp_projects/horiba-cpp-sdk/build/_deps/boost-src/libs/asio/include/boost/asio/steady_timer.hpp:19:
In file included from /Users/saga/Documents/cpp_projects/horiba-cpp-sdk/build/_deps/boost-src/libs/asio/include/boost/asio/basic_waitable_timer.hpp:23:
In file included from /Users/saga/Documents/cpp_projects/horiba-cpp-sdk/build/_deps/boost-src/libs/asio/include/boost/asio/detail/deadline_timer_service.hpp:31:
In file included from /Users/saga/Documents/cpp_projects/horiba-cpp-sdk/build/_deps/boost-src/libs/asio/include/boost/asio/detail/timer_queue_ptime.hpp:22:
In file included from /Users/saga/Documents/cpp_projects/horiba-cpp-sdk/build/_deps/boost-src/libs/asio/include/boost/asio/time_traits.hpp:23:
In file included from /Users/saga/Documents/cpp_projects/horiba-cpp-sdk/build/_deps/boost-src/libs/date_time/include/boost/date_time/posix_time/posix_time_types.hpp:11:
/Users/saga/Documents/cpp_projects/horiba-cpp-sdk/build/_deps/boost-src/libs/date_time/include/boost/date_time/microsec_time_clock.hpp:125:39: warning: implicit conversion changes signedness: 'int' to 'boost::uint32_t' (aka 'unsigned int') [-Wsign-conversion]
                            sub_sec * adjust);
                                    ~ ^~~~~~
In file included from /Users/saga/Documents/cpp_projects/horiba-cpp-sdk/src/communication/websocket_communicator.cpp:1:
In file included from /Users/saga/Documents/cpp_projects/horiba-cpp-sdk/include/horiba_cpp_sdk/communication/websocket_communicator.h:6:
In file included from /Users/saga/Documents/cpp_projects/horiba-cpp-sdk/build/_deps/boostbeast-src/include/boost/beast/core.hpp:46:
In file included from /Users/saga/Documents/cpp_projects/horiba-cpp-sdk/build/_deps/boostbeast-src/include/boost/beast/core/static_string.hpp:14:
/Users/saga/Documents/cpp_projects/horiba-cpp-sdk/build/_deps/boost-src/libs/static_string/include/boost/static_string/static_string.hpp:550:41: warning: implicit conversion changes signedness: 'typename iterator_traits<char *>::difference_type' (aka 'long') to 'size_type' (aka 'unsigned long') [-Wsign-conversion]
  return static_string<N>(digits_begin, std::distance(digits_begin, digits_end));
         ~~~~~~~~~~~~~                  ^~~~~~~~~~~~~~~~~~~~~~~~~~~~~~~~~~~~~~~
/Users/saga/Documents/cpp_projects/horiba-cpp-sdk/build/_deps/boost-src/libs/static_string/include/boost/static_string/static_string.hpp:6129:18: note: in instantiation of function template specialization 'boost::static_strings::detail::to_static_string_int_impl<11UL, int>' requested here
  return detail::to_static_string_int_impl<
                 ^
/Users/saga/Documents/cpp_projects/horiba-cpp-sdk/build/_deps/boost-src/libs/static_string/include/boost/static_string/static_string.hpp:550:41: warning: implicit conversion changes signedness: 'typename iterator_traits<char *>::difference_type' (aka 'long') to 'size_type' (aka 'unsigned long') [-Wsign-conversion]
  return static_string<N>(digits_begin, std::distance(digits_begin, digits_end));
         ~~~~~~~~~~~~~                  ^~~~~~~~~~~~~~~~~~~~~~~~~~~~~~~~~~~~~~~
/Users/saga/Documents/cpp_projects/horiba-cpp-sdk/build/_deps/boost-src/libs/static_string/include/boost/static_string/static_string.hpp:6138:18: note: in instantiation of function template specialization 'boost::static_strings::detail::to_static_string_int_impl<20UL, long>' requested here
  return detail::to_static_string_int_impl<
                 ^
/Users/saga/Documents/cpp_projects/horiba-cpp-sdk/build/_deps/boost-src/libs/static_string/include/boost/static_string/static_string.hpp:550:41: warning: implicit conversion changes signedness: 'typename iterator_traits<char *>::difference_type' (aka 'long') to 'size_type' (aka 'unsigned long') [-Wsign-conversion]
  return static_string<N>(digits_begin, std::distance(digits_begin, digits_end));
         ~~~~~~~~~~~~~                  ^~~~~~~~~~~~~~~~~~~~~~~~~~~~~~~~~~~~~~~
/Users/saga/Documents/cpp_projects/horiba-cpp-sdk/build/_deps/boost-src/libs/static_string/include/boost/static_string/static_string.hpp:6147:18: note: in instantiation of function template specialization 'boost::static_strings::detail::to_static_string_int_impl<20UL, long long>' requested here
  return detail::to_static_string_int_impl<
                 ^
/Users/saga/Documents/cpp_projects/horiba-cpp-sdk/build/_deps/boost-src/libs/static_string/include/boost/static_string/static_string.hpp:550:41: warning: implicit conversion changes signedness: 'typename iterator_traits<char *>::difference_type' (aka 'long') to 'size_type' (aka 'unsigned long') [-Wsign-conversion]
  return static_string<N>(digits_begin, std::distance(digits_begin, digits_end));
         ~~~~~~~~~~~~~                  ^~~~~~~~~~~~~~~~~~~~~~~~~~~~~~~~~~~~~~~
/Users/saga/Documents/cpp_projects/horiba-cpp-sdk/build/_deps/boost-src/libs/static_string/include/boost/static_string/static_string.hpp:6156:18: note: in instantiation of function template specialization 'boost::static_strings::detail::to_static_string_int_impl<10UL, unsigned int>' requested here
  return detail::to_static_string_int_impl<
                 ^
/Users/saga/Documents/cpp_projects/horiba-cpp-sdk/build/_deps/boost-src/libs/static_string/include/boost/static_string/static_string.hpp:550:41: warning: implicit conversion changes signedness: 'typename iterator_traits<char *>::difference_type' (aka 'long') to 'size_type' (aka 'unsigned long') [-Wsign-conversion]
  return static_string<N>(digits_begin, std::distance(digits_begin, digits_end));
         ~~~~~~~~~~~~~                  ^~~~~~~~~~~~~~~~~~~~~~~~~~~~~~~~~~~~~~~
/Users/saga/Documents/cpp_projects/horiba-cpp-sdk/build/_deps/boost-src/libs/static_string/include/boost/static_string/static_string.hpp:6165:18: note: in instantiation of function template specialization 'boost::static_strings::detail::to_static_string_int_impl<20UL, unsigned long>' requested here
  return detail::to_static_string_int_impl<
                 ^
/Users/saga/Documents/cpp_projects/horiba-cpp-sdk/build/_deps/boost-src/libs/static_string/include/boost/static_string/static_string.hpp:550:41: warning: implicit conversion changes signedness: 'typename iterator_traits<char *>::difference_type' (aka 'long') to 'size_type' (aka 'unsigned long') [-Wsign-conversion]
  return static_string<N>(digits_begin, std::distance(digits_begin, digits_end));
         ~~~~~~~~~~~~~                  ^~~~~~~~~~~~~~~~~~~~~~~~~~~~~~~~~~~~~~~
/Users/saga/Documents/cpp_projects/horiba-cpp-sdk/build/_deps/boost-src/libs/static_string/include/boost/static_string/static_string.hpp:6174:18: note: in instantiation of function template specialization 'boost::static_strings::detail::to_static_string_int_impl<20UL, unsigned long long>' requested here
  return detail::to_static_string_int_impl<
                 ^
/Users/saga/Documents/cpp_projects/horiba-cpp-sdk/build/_deps/boost-src/libs/static_string/include/boost/static_string/static_string.hpp:562:42: warning: implicit conversion changes signedness: 'typename iterator_traits<wchar_t *>::difference_type' (aka 'long') to 'size_type' (aka 'unsigned long') [-Wsign-conversion]
  return static_wstring<N>(digits_begin, std::distance(digits_begin, digits_end));
         ~~~~~~~~~~~~~~                  ^~~~~~~~~~~~~~~~~~~~~~~~~~~~~~~~~~~~~~~
/Users/saga/Documents/cpp_projects/horiba-cpp-sdk/build/_deps/boost-src/libs/static_string/include/boost/static_string/static_string.hpp:6210:18: note: in instantiation of function template specialization 'boost::static_strings::detail::to_static_wstring_int_impl<11UL, int>' requested here
  return detail::to_static_wstring_int_impl<
                 ^
/Users/saga/Documents/cpp_projects/horiba-cpp-sdk/build/_deps/boost-src/libs/static_string/include/boost/static_string/static_string.hpp:562:42: warning: implicit conversion changes signedness: 'typename iterator_traits<wchar_t *>::difference_type' (aka 'long') to 'size_type' (aka 'unsigned long') [-Wsign-conversion]
  return static_wstring<N>(digits_begin, std::distance(digits_begin, digits_end));
         ~~~~~~~~~~~~~~                  ^~~~~~~~~~~~~~~~~~~~~~~~~~~~~~~~~~~~~~~
/Users/saga/Documents/cpp_projects/horiba-cpp-sdk/build/_deps/boost-src/libs/static_string/include/boost/static_string/static_string.hpp:6219:18: note: in instantiation of function template specialization 'boost::static_strings::detail::to_static_wstring_int_impl<20UL, long>' requested here
  return detail::to_static_wstring_int_impl<
                 ^
/Users/saga/Documents/cpp_projects/horiba-cpp-sdk/build/_deps/boost-src/libs/static_string/include/boost/static_string/static_string.hpp:562:42: warning: implicit conversion changes signedness: 'typename iterator_traits<wchar_t *>::difference_type' (aka 'long') to 'size_type' (aka 'unsigned long') [-Wsign-conversion]
  return static_wstring<N>(digits_begin, std::distance(digits_begin, digits_end));
         ~~~~~~~~~~~~~~                  ^~~~~~~~~~~~~~~~~~~~~~~~~~~~~~~~~~~~~~~
/Users/saga/Documents/cpp_projects/horiba-cpp-sdk/build/_deps/boost-src/libs/static_string/include/boost/static_string/static_string.hpp:6228:18: note: in instantiation of function template specialization 'boost::static_strings::detail::to_static_wstring_int_impl<20UL, long long>' requested here
  return detail::to_static_wstring_int_impl<
                 ^
/Users/saga/Documents/cpp_projects/horiba-cpp-sdk/build/_deps/boost-src/libs/static_string/include/boost/static_string/static_string.hpp:562:42: warning: implicit conversion changes signedness: 'typename iterator_traits<wchar_t *>::difference_type' (aka 'long') to 'size_type' (aka 'unsigned long') [-Wsign-conversion]
  return static_wstring<N>(digits_begin, std::distance(digits_begin, digits_end));
         ~~~~~~~~~~~~~~                  ^~~~~~~~~~~~~~~~~~~~~~~~~~~~~~~~~~~~~~~
/Users/saga/Documents/cpp_projects/horiba-cpp-sdk/build/_deps/boost-src/libs/static_string/include/boost/static_string/static_string.hpp:6237:18: note: in instantiation of function template specialization 'boost::static_strings::detail::to_static_wstring_int_impl<10UL, unsigned int>' requested here
  return detail::to_static_wstring_int_impl<
                 ^
/Users/saga/Documents/cpp_projects/horiba-cpp-sdk/build/_deps/boost-src/libs/static_string/include/boost/static_string/static_string.hpp:562:42: warning: implicit conversion changes signedness: 'typename iterator_traits<wchar_t *>::difference_type' (aka 'long') to 'size_type' (aka 'unsigned long') [-Wsign-conversion]
  return static_wstring<N>(digits_begin, std::distance(digits_begin, digits_end));
         ~~~~~~~~~~~~~~                  ^~~~~~~~~~~~~~~~~~~~~~~~~~~~~~~~~~~~~~~
/Users/saga/Documents/cpp_projects/horiba-cpp-sdk/build/_deps/boost-src/libs/static_string/include/boost/static_string/static_string.hpp:6246:18: note: in instantiation of function template specialization 'boost::static_strings::detail::to_static_wstring_int_impl<20UL, unsigned long>' requested here
  return detail::to_static_wstring_int_impl<
                 ^
/Users/saga/Documents/cpp_projects/horiba-cpp-sdk/build/_deps/boost-src/libs/static_string/include/boost/static_string/static_string.hpp:562:42: warning: implicit conversion changes signedness: 'typename iterator_traits<wchar_t *>::difference_type' (aka 'long') to 'size_type' (aka 'unsigned long') [-Wsign-conversion]
  return static_wstring<N>(digits_begin, std::distance(digits_begin, digits_end));
         ~~~~~~~~~~~~~~                  ^~~~~~~~~~~~~~~~~~~~~~~~~~~~~~~~~~~~~~~
/Users/saga/Documents/cpp_projects/horiba-cpp-sdk/build/_deps/boost-src/libs/static_string/include/boost/static_string/static_string.hpp:6255:18: note: in instantiation of function template specialization 'boost::static_strings::detail::to_static_wstring_int_impl<20UL, unsigned long long>' requested here
  return detail::to_static_wstring_int_impl<
                 ^
In file included from /Users/saga/Documents/cpp_projects/horiba-cpp-sdk/src/communication/websocket_communicator.cpp:1:
In file included from /Users/saga/Documents/cpp_projects/horiba-cpp-sdk/include/horiba_cpp_sdk/communication/websocket_communicator.h:6:
In file included from /Users/saga/Documents/cpp_projects/horiba-cpp-sdk/build/_deps/boostbeast-src/include/boost/beast/core.hpp:46:
In file included from /Users/saga/Documents/cpp_projects/horiba-cpp-sdk/build/_deps/boostbeast-src/include/boost/beast/core/static_string.hpp:14:
In file included from /Users/saga/Documents/cpp_projects/horiba-cpp-sdk/build/_deps/boost-src/libs/static_string/include/boost/static_string/static_string.hpp:30:
In file included from /Users/saga/Documents/cpp_projects/horiba-cpp-sdk/build/_deps/boost-src/libs/static_string/include/boost/static_string/config.hpp:155:
/Users/saga/Documents/cpp_projects/horiba-cpp-sdk/build/_deps/boost-src/libs/core/include/boost/core/detail/string_view.hpp:1196:29: warning: implicit conversion changes signedness: 'size_type' (aka 'unsigned long') to 'std::streamsize' (aka 'long') [-Wsign-conversion]
    std::streamsize n = str.size();
                    ~   ~~~~^~~~~~
/Users/saga/Documents/cpp_projects/horiba-cpp-sdk/build/_deps/boostbeast-src/include/boost/beast/http/impl/field.ipp:579:15: note: in instantiation of function template specialization 'boost::core::operator<<<char>' requested here
    return os << to_string(f);
              ^
In file included from /Users/saga/Documents/cpp_projects/horiba-cpp-sdk/src/communication/websocket_communicator.cpp:1:
In file included from /Users/saga/Documents/cpp_projects/horiba-cpp-sdk/include/horiba_cpp_sdk/communication/websocket_communicator.h:7:
In file included from /Users/saga/Documents/cpp_projects/horiba-cpp-sdk/build/_deps/boostbeast-src/include/boost/beast/websocket.hpp:18:
In file included from /Users/saga/Documents/cpp_projects/horiba-cpp-sdk/build/_deps/boostbeast-src/include/boost/beast/websocket/stream.hpp:20:
In file included from /Users/saga/Documents/cpp_projects/horiba-cpp-sdk/build/_deps/boostbeast-src/include/boost/beast/websocket/detail/impl_base.hpp:21:
In file included from /Users/saga/Documents/cpp_projects/horiba-cpp-sdk/build/_deps/boostbeast-src/include/boost/beast/zlib/deflate_stream.hpp:16:
In file included from /Users/saga/Documents/cpp_projects/horiba-cpp-sdk/build/_deps/boostbeast-src/include/boost/beast/zlib/detail/deflate_stream.hpp:42:
/Users/saga/Documents/cpp_projects/horiba-cpp-sdk/build/_deps/boostbeast-src/include/boost/beast/zlib/detail/ranges.hpp:73:25: warning: implicit conversion changes signedness: 'long' to 'std::size_t' (aka 'unsigned long') [-Wsign-conversion]
            return next - first;
            ~~~~~~ ~~~~~^~~~~~~
/Users/saga/Documents/cpp_projects/horiba-cpp-sdk/build/_deps/boostbeast-src/include/boost/beast/zlib/detail/inflate_stream.ipp:100:37: note: in instantiation of member function 'boost::beast::zlib::detail::ranges::range<false>::used' requested here
            if(/*wsize_ ||*/ (r.out.used() && mode_ < BAD &&
                                    ^
In file included from /Users/saga/Documents/cpp_projects/horiba-cpp-sdk/src/communication/websocket_communicator.cpp:1:
In file included from /Users/saga/Documents/cpp_projects/horiba-cpp-sdk/include/horiba_cpp_sdk/communication/websocket_communicator.h:7:
In file included from /Users/saga/Documents/cpp_projects/horiba-cpp-sdk/build/_deps/boostbeast-src/include/boost/beast/websocket.hpp:18:
In file included from /Users/saga/Documents/cpp_projects/horiba-cpp-sdk/build/_deps/boostbeast-src/include/boost/beast/websocket/stream.hpp:20:
In file included from /Users/saga/Documents/cpp_projects/horiba-cpp-sdk/build/_deps/boostbeast-src/include/boost/beast/websocket/detail/impl_base.hpp:21:
In file included from /Users/saga/Documents/cpp_projects/horiba-cpp-sdk/build/_deps/boostbeast-src/include/boost/beast/zlib/deflate_stream.hpp:16:
In file included from /Users/saga/Documents/cpp_projects/horiba-cpp-sdk/build/_deps/boostbeast-src/include/boost/beast/zlib/detail/deflate_stream.hpp:42:
/Users/saga/Documents/cpp_projects/horiba-cpp-sdk/build/_deps/boostbeast-src/include/boost/beast/zlib/detail/ranges.hpp:80:25: warning: implicit conversion changes signedness: 'long' to 'std::size_t' (aka 'unsigned long') [-Wsign-conversion]
            return last - next;
            ~~~~~~ ~~~~~^~~~~~
/Users/saga/Documents/cpp_projects/horiba-cpp-sdk/build/_deps/boostbeast-src/include/boost/beast/zlib/detail/inflate_stream.ipp:105:32: note: in instantiation of member function 'boost::beast::zlib::detail::ranges::range<true>::avail' requested here
            zs.avail_in = r.in.avail();
                               ^
In file included from /Users/saga/Documents/cpp_projects/horiba-cpp-sdk/src/communication/websocket_communicator.cpp:1:
In file included from /Users/saga/Documents/cpp_projects/horiba-cpp-sdk/include/horiba_cpp_sdk/communication/websocket_communicator.h:7:
In file included from /Users/saga/Documents/cpp_projects/horiba-cpp-sdk/build/_deps/boostbeast-src/include/boost/beast/websocket.hpp:18:
In file included from /Users/saga/Documents/cpp_projects/horiba-cpp-sdk/build/_deps/boostbeast-src/include/boost/beast/websocket/stream.hpp:20:
In file included from /Users/saga/Documents/cpp_projects/horiba-cpp-sdk/build/_deps/boostbeast-src/include/boost/beast/websocket/detail/impl_base.hpp:21:
In file included from /Users/saga/Documents/cpp_projects/horiba-cpp-sdk/build/_deps/boostbeast-src/include/boost/beast/zlib/deflate_stream.hpp:16:
In file included from /Users/saga/Documents/cpp_projects/horiba-cpp-sdk/build/_deps/boostbeast-src/include/boost/beast/zlib/detail/deflate_stream.hpp:42:
/Users/saga/Documents/cpp_projects/horiba-cpp-sdk/build/_deps/boostbeast-src/include/boost/beast/zlib/detail/ranges.hpp:80:25: warning: implicit conversion changes signedness: 'long' to 'std::size_t' (aka 'unsigned long') [-Wsign-conversion]
            return last - next;
            ~~~~~~ ~~~~~^~~~~~
/Users/saga/Documents/cpp_projects/horiba-cpp-sdk/build/_deps/boostbeast-src/include/boost/beast/zlib/detail/inflate_stream.ipp:107:34: note: in instantiation of member function 'boost::beast::zlib::detail::ranges::range<false>::avail' requested here
            zs.avail_out = r.out.avail();
                                 ^
In file included from /Users/saga/Documents/cpp_projects/horiba-cpp-sdk/src/communication/websocket_communicator.cpp:1:
In file included from /Users/saga/Documents/cpp_projects/horiba-cpp-sdk/include/horiba_cpp_sdk/communication/websocket_communicator.h:7:
In file included from /Users/saga/Documents/cpp_projects/horiba-cpp-sdk/build/_deps/boostbeast-src/include/boost/beast/websocket.hpp:18:
In file included from /Users/saga/Documents/cpp_projects/horiba-cpp-sdk/build/_deps/boostbeast-src/include/boost/beast/websocket/stream.hpp:20:
In file included from /Users/saga/Documents/cpp_projects/horiba-cpp-sdk/build/_deps/boostbeast-src/include/boost/beast/websocket/detail/impl_base.hpp:21:
In file included from /Users/saga/Documents/cpp_projects/horiba-cpp-sdk/build/_deps/boostbeast-src/include/boost/beast/zlib/deflate_stream.hpp:16:
In file included from /Users/saga/Documents/cpp_projects/horiba-cpp-sdk/build/_deps/boostbeast-src/include/boost/beast/zlib/detail/deflate_stream.hpp:42:
/Users/saga/Documents/cpp_projects/horiba-cpp-sdk/build/_deps/boostbeast-src/include/boost/beast/zlib/detail/ranges.hpp:73:25: warning: implicit conversion changes signedness: 'long' to 'std::size_t' (aka 'unsigned long') [-Wsign-conversion]
            return next - first;
            ~~~~~~ ~~~~~^~~~~~~
/Users/saga/Documents/cpp_projects/horiba-cpp-sdk/build/_deps/boostbeast-src/include/boost/beast/zlib/detail/inflate_stream.ipp:108:33: note: in instantiation of member function 'boost::beast::zlib::detail::ranges::range<true>::used' requested here
            zs.total_in += r.in.used();
                                ^
In file included from /Users/saga/Documents/cpp_projects/horiba-cpp-sdk/src/communication/websocket_communicator.cpp:1:
In file included from /Users/saga/Documents/cpp_projects/horiba-cpp-sdk/include/horiba_cpp_sdk/communication/websocket_communicator.h:7:
In file included from /Users/saga/Documents/cpp_projects/horiba-cpp-sdk/build/_deps/boostbeast-src/include/boost/beast/websocket.hpp:18:
In file included from /Users/saga/Documents/cpp_projects/horiba-cpp-sdk/build/_deps/boostbeast-src/include/boost/beast/websocket/stream.hpp:2886:
In file included from /Users/saga/Documents/cpp_projects/horiba-cpp-sdk/build/_deps/boostbeast-src/include/boost/beast/websocket/impl/stream_impl.hpp:22:
In file included from /Users/saga/Documents/cpp_projects/horiba-cpp-sdk/build/_deps/boostbeast-src/include/boost/beast/http/read.hpp:16:
In file included from /Users/saga/Documents/cpp_projects/horiba-cpp-sdk/build/_deps/boostbeast-src/include/boost/beast/http/basic_parser.hpp:18:
In file included from /Users/saga/Documents/cpp_projects/horiba-cpp-sdk/build/_deps/boostbeast-src/include/boost/beast/http/detail/basic_parser.hpp:14:
/Users/saga/Documents/cpp_projects/horiba-cpp-sdk/build/_deps/boostbeast-src/include/boost/beast/core/detail/char_buffer.hpp:36:36: warning: implicit conversion changes signedness: 'long' to 'const std::size_t' (aka 'const unsigned long') [-Wsign-conversion]
        std::size_t const n = last - first;
                          ~   ~~~~~^~~~~~~
/Users/saga/Documents/cpp_projects/horiba-cpp-sdk/build/_deps/boostbeast-src/include/boost/beast/http/detail/basic_parser.ipp:615:14: note: in instantiation of member function 'boost::beast::detail::char_buffer<4096>::try_append' requested here
    if (!buf.try_append(first, token_last))
             ^
In file included from /Users/saga/Documents/cpp_projects/horiba-cpp-sdk/src/communication/websocket_communicator.cpp:1:
In file included from /Users/saga/Documents/cpp_projects/horiba-cpp-sdk/include/horiba_cpp_sdk/communication/websocket_communicator.h:7:
In file included from /Users/saga/Documents/cpp_projects/horiba-cpp-sdk/build/_deps/boostbeast-src/include/boost/beast/websocket.hpp:18:
In file included from /Users/saga/Documents/cpp_projects/horiba-cpp-sdk/build/_deps/boostbeast-src/include/boost/beast/websocket/stream.hpp:2886:
In file included from /Users/saga/Documents/cpp_projects/horiba-cpp-sdk/build/_deps/boostbeast-src/include/boost/beast/websocket/impl/stream_impl.hpp:23:
In file included from /Users/saga/Documents/cpp_projects/horiba-cpp-sdk/build/_deps/boostbeast-src/include/boost/beast/http/write.hpp:15:
In file included from /Users/saga/Documents/cpp_projects/horiba-cpp-sdk/build/_deps/boostbeast-src/include/boost/beast/http/serializer.hpp:368:
/Users/saga/Documents/cpp_projects/horiba-cpp-sdk/build/_deps/boostbeast-src/include/boost/beast/http/impl/serializer.hpp:418:5: warning: unannotated fall-through between switch labels [-Wimplicit-fallthrough]
    case do_complete:
    ^
/Users/saga/Documents/cpp_projects/horiba-cpp-sdk/build/_deps/boostbeast-src/include/boost/beast/http/impl/write.hpp:502:16: note: in instantiation of member function 'boost::beast::http::serializer<true, boost::beast::http::empty_body>::consume' requested here
            sr.consume(f.bytes_transferred);
               ^
/Users/saga/Documents/cpp_projects/horiba-cpp-sdk/build/_deps/boostbeast-src/include/boost/beast/http/impl/write.hpp:569:20: note: in instantiation of function template specialization 'boost::beast::http::detail::write_some_impl<boost::asio::basic_stream_socket<boost::asio::ip::tcp>, true, boost::beast::http::empty_body, boost::beast::http::basic_fields<std::allocator<char>>>' requested here
    return detail::write_some_impl(stream, sr, ec);
                   ^
/Users/saga/Documents/cpp_projects/horiba-cpp-sdk/build/_deps/boostbeast-src/include/boost/beast/http/impl/write.hpp:718:13: note: in instantiation of function template specialization 'boost::beast::http::write_some<boost::asio::basic_stream_socket<boost::asio::ip::tcp>, true, boost::beast::http::empty_body, boost::beast::http::basic_fields<std::allocator<char>>>' requested here
            write_some(stream, sr, ec);
            ^
/Users/saga/Documents/cpp_projects/horiba-cpp-sdk/build/_deps/boostbeast-src/include/boost/beast/http/impl/write.hpp:844:12: note: in instantiation of function template specialization 'boost::beast::http::write<boost::asio::basic_stream_socket<boost::asio::ip::tcp>, true, boost::beast::http::empty_body, boost::beast::http::basic_fields<std::allocator<char>>>' requested here
    return write(stream, sr, ec);
           ^
/Users/saga/Documents/cpp_projects/horiba-cpp-sdk/build/_deps/boostbeast-src/include/boost/beast/websocket/impl/handshake.hpp:239:15: note: in instantiation of function template specialization 'boost::beast::http::write<boost::asio::basic_stream_socket<boost::asio::ip::tcp>, true, boost::beast::http::empty_body, boost::beast::http::basic_fields<std::allocator<char>>>' requested here
        http::write(impl.stream(), req, ec);
              ^
/Users/saga/Documents/cpp_projects/horiba-cpp-sdk/build/_deps/boostbeast-src/include/boost/beast/websocket/impl/handshake.hpp:387:5: note: in instantiation of function template specialization 'boost::beast::websocket::stream<boost::asio::basic_stream_socket<boost::asio::ip::tcp>>::do_handshake<void (*)(boost::beast::http::message<true, boost::beast::http::empty_body> &)>' requested here
    do_handshake(nullptr,
    ^
/Users/saga/Documents/cpp_projects/horiba-cpp-sdk/build/_deps/boostbeast-src/include/boost/beast/websocket/impl/handshake.hpp:358:5: note: in instantiation of member function 'boost::beast::websocket::stream<boost::asio::basic_stream_socket<boost::asio::ip::tcp>>::handshake' requested here
    handshake(
    ^
/Users/saga/Documents/cpp_projects/horiba-cpp-sdk/src/communication/websocket_communicator.cpp:35:19: note: in instantiation of member function 'boost::beast::websocket::stream<boost::asio::basic_stream_socket<boost::asio::ip::tcp>>::handshake' requested here
  this->websocket.handshake(host, "/");
                  ^
/Users/saga/Documents/cpp_projects/horiba-cpp-sdk/build/_deps/boostbeast-src/include/boost/beast/http/impl/serializer.hpp:418:5: note: insert 'break;' to avoid fall-through
    case do_complete:
    ^
    break; 
In file included from /Users/saga/Documents/cpp_projects/horiba-cpp-sdk/src/communication/websocket_communicator.cpp:1:
In file included from /Users/saga/Documents/cpp_projects/horiba-cpp-sdk/include/horiba_cpp_sdk/communication/websocket_communicator.h:7:
In file included from /Users/saga/Documents/cpp_projects/horiba-cpp-sdk/build/_deps/boostbeast-src/include/boost/beast/websocket.hpp:17:
In file included from /Users/saga/Documents/cpp_projects/horiba-cpp-sdk/build/_deps/boostbeast-src/include/boost/beast/websocket/rfc6455.hpp:16:
In file included from /Users/saga/Documents/cpp_projects/horiba-cpp-sdk/build/_deps/boostbeast-src/include/boost/beast/http/empty_body.hpp:15:
In file included from /Users/saga/Documents/cpp_projects/horiba-cpp-sdk/build/_deps/boostbeast-src/include/boost/beast/http/message.hpp:1006:
/Users/saga/Documents/cpp_projects/horiba-cpp-sdk/build/_deps/boostbeast-src/include/boost/beast/http/impl/message.hpp:120:9: warning: implicit conversion changes signedness: 'int' to 'unsigned int' [-Wsign-conversion]
        static_cast<int>(result_));
        ^~~~~~~~~~~~~~~~~~~~~~~~~
/Users/saga/Documents/cpp_projects/horiba-cpp-sdk/build/_deps/boostbeast-src/include/boost/beast/websocket/impl/stream_impl.hpp:659:12: note: in instantiation of member function 'boost::beast::http::header<false>::result' requested here
    if(res.result() != http::status::switching_protocols)
           ^
/Users/saga/Documents/cpp_projects/horiba-cpp-sdk/build/_deps/boostbeast-src/include/boost/beast/websocket/impl/handshake.hpp:292:10: note: in instantiation of member function 'boost::beast::websocket::stream<boost::asio::basic_stream_socket<boost::asio::ip::tcp>>::impl_type::on_response' requested here
    impl.on_response(*res_p, key, ec);
         ^
/Users/saga/Documents/cpp_projects/horiba-cpp-sdk/build/_deps/boostbeast-src/include/boost/beast/websocket/impl/handshake.hpp:387:5: note: in instantiation of function template specialization 'boost::beast::websocket::stream<boost::asio::basic_stream_socket<boost::asio::ip::tcp>>::do_handshake<void (*)(boost::beast::http::message<true, boost::beast::http::empty_body> &)>' requested here
    do_handshake(nullptr,
    ^
/Users/saga/Documents/cpp_projects/horiba-cpp-sdk/build/_deps/boostbeast-src/include/boost/beast/websocket/impl/handshake.hpp:358:5: note: in instantiation of member function 'boost::beast::websocket::stream<boost::asio::basic_stream_socket<boost::asio::ip::tcp>>::handshake' requested here
    handshake(
    ^
/Users/saga/Documents/cpp_projects/horiba-cpp-sdk/src/communication/websocket_communicator.cpp:35:19: note: in instantiation of member function 'boost::beast::websocket::stream<boost::asio::basic_stream_socket<boost::asio::ip::tcp>>::handshake' requested here
  this->websocket.handshake(host, "/");
                  ^
In file included from /Users/saga/Documents/cpp_projects/horiba-cpp-sdk/src/communication/websocket_communicator.cpp:1:
In file included from /Users/saga/Documents/cpp_projects/horiba-cpp-sdk/include/horiba_cpp_sdk/communication/websocket_communicator.h:7:
In file included from /Users/saga/Documents/cpp_projects/horiba-cpp-sdk/build/_deps/boostbeast-src/include/boost/beast/websocket.hpp:18:
In file included from /Users/saga/Documents/cpp_projects/horiba-cpp-sdk/build/_deps/boostbeast-src/include/boost/beast/websocket/stream.hpp:2886:
In file included from /Users/saga/Documents/cpp_projects/horiba-cpp-sdk/build/_deps/boostbeast-src/include/boost/beast/websocket/impl/stream_impl.hpp:22:
In file included from /Users/saga/Documents/cpp_projects/horiba-cpp-sdk/build/_deps/boostbeast-src/include/boost/beast/http/read.hpp:880:
In file included from /Users/saga/Documents/cpp_projects/horiba-cpp-sdk/build/_deps/boostbeast-src/include/boost/beast/http/impl/read.hpp:16:
/Users/saga/Documents/cpp_projects/horiba-cpp-sdk/build/_deps/boostbeast-src/include/boost/beast/http/parser.hpp:404:19: warning: implicit conversion changes signedness: 'int' to 'unsigned int' [-Wsign-conversion]
        m_.result(code);
           ~~~~~~ ^~~~
/Users/saga/Documents/cpp_projects/horiba-cpp-sdk/build/_deps/boostbeast-src/include/boost/beast/http/parser.hpp:423:15: note: in instantiation of member function 'boost::beast::http::parser<false, boost::beast::http::basic_string_body<char>>::on_response_impl' requested here
        this->on_response_impl(
              ^
/Users/saga/Documents/cpp_projects/horiba-cpp-sdk/build/_deps/boostbeast-src/include/boost/beast/websocket/impl/handshake.hpp:244:44: note: in instantiation of member function 'boost::beast::http::parser<false, boost::beast::http::basic_string_body<char>>::on_response_impl' requested here
        typename response_type::body_type> p;
                                           ^
/Users/saga/Documents/cpp_projects/horiba-cpp-sdk/build/_deps/boostbeast-src/include/boost/beast/websocket/impl/handshake.hpp:387:5: note: in instantiation of function template specialization 'boost::beast::websocket::stream<boost::asio::basic_stream_socket<boost::asio::ip::tcp>>::do_handshake<void (*)(boost::beast::http::message<true, boost::beast::http::empty_body> &)>' requested here
    do_handshake(nullptr,
    ^
/Users/saga/Documents/cpp_projects/horiba-cpp-sdk/build/_deps/boostbeast-src/include/boost/beast/websocket/impl/handshake.hpp:358:5: note: in instantiation of member function 'boost::beast::websocket::stream<boost::asio::basic_stream_socket<boost::asio::ip::tcp>>::handshake' requested here
    handshake(
    ^
/Users/saga/Documents/cpp_projects/horiba-cpp-sdk/src/communication/websocket_communicator.cpp:35:19: note: in instantiation of member function 'boost::beast::websocket::stream<boost::asio::basic_stream_socket<boost::asio::ip::tcp>>::handshake' requested here
  this->websocket.handshake(host, "/");
                  ^
In file included from /Users/saga/Documents/cpp_projects/horiba-cpp-sdk/src/communication/websocket_communicator.cpp:1:
In file included from /Users/saga/Documents/cpp_projects/horiba-cpp-sdk/include/horiba_cpp_sdk/communication/websocket_communicator.h:7:
In file included from /Users/saga/Documents/cpp_projects/horiba-cpp-sdk/build/_deps/boostbeast-src/include/boost/beast/websocket.hpp:18:
In file included from /Users/saga/Documents/cpp_projects/horiba-cpp-sdk/build/_deps/boostbeast-src/include/boost/beast/websocket/stream.hpp:2886:
In file included from /Users/saga/Documents/cpp_projects/horiba-cpp-sdk/build/_deps/boostbeast-src/include/boost/beast/websocket/impl/stream_impl.hpp:22:
In file included from /Users/saga/Documents/cpp_projects/horiba-cpp-sdk/build/_deps/boostbeast-src/include/boost/beast/http/read.hpp:880:
In file included from /Users/saga/Documents/cpp_projects/horiba-cpp-sdk/build/_deps/boostbeast-src/include/boost/beast/http/impl/read.hpp:16:
/Users/saga/Documents/cpp_projects/horiba-cpp-sdk/build/_deps/boostbeast-src/include/boost/beast/http/parser.hpp:405:20: warning: implicit conversion changes signedness: 'int' to 'unsigned int' [-Wsign-conversion]
        m_.version(version);
           ~~~~~~~ ^~~~~~~
In file included from /Users/saga/Documents/cpp_projects/horiba-cpp-sdk/src/communication/websocket_communicator.cpp:1:
In file included from /Users/saga/Documents/cpp_projects/horiba-cpp-sdk/include/horiba_cpp_sdk/communication/websocket_communicator.h:6:
In file included from /Users/saga/Documents/cpp_projects/horiba-cpp-sdk/build/_deps/boostbeast-src/include/boost/beast/core.hpp:25:
In file included from /Users/saga/Documents/cpp_projects/horiba-cpp-sdk/build/_deps/boostbeast-src/include/boost/beast/core/buffers_suffix.hpp:144:
/Users/saga/Documents/cpp_projects/horiba-cpp-sdk/build/_deps/boostbeast-src/include/boost/beast/core/impl/buffers_suffix.hpp:134:9: warning: implicit conversion changes signedness: 'typename iterator_traits<const mutable_buffer *>::difference_type' (aka 'long') to 'std::size_t' (aka 'unsigned long') [-Wsign-conversion]
        std::distance<iter_type>(
        ^~~~~~~~~~~~~~~~~~~~~~~~~
/Users/saga/Documents/cpp_projects/horiba-cpp-sdk/build/_deps/boostbeast-src/include/boost/beast/core/impl/buffers_prefix.hpp:214:7: note: in instantiation of member function 'boost::beast::buffers_suffix<boost::asio::mutable_buffers_1>::buffers_suffix' requested here
    : bs_(bs)
      ^
/Users/saga/Documents/cpp_projects/horiba-cpp-sdk/build/_deps/boostbeast-src/include/boost/beast/core/buffers_prefix.hpp:172:12: note: in instantiation of member function 'boost::beast::buffers_prefix_view<boost::beast::buffers_suffix<boost::asio::mutable_buffers_1>>::buffers_prefix_view' requested here
    return buffers_prefix_view<BufferSequence>(size, buffers);
           ^
/Users/saga/Documents/cpp_projects/horiba-cpp-sdk/build/_deps/boostbeast-src/include/boost/beast/websocket/impl/write.hpp:728:32: note: in instantiation of function template specialization 'boost::beast::buffers_prefix<boost::beast::buffers_suffix<boost::asio::mutable_buffers_1>>' requested here
                        beast::buffers_prefix(n, cb)), ec);
                               ^
/Users/saga/Documents/cpp_projects/horiba-cpp-sdk/build/_deps/boostbeast-src/include/boost/beast/websocket/impl/write.hpp:875:12: note: in instantiation of function template specialization 'boost::beast::websocket::stream<boost::asio::basic_stream_socket<boost::asio::ip::tcp>>::write_some<boost::asio::mutable_buffers_1>' requested here
    return write_some(true, buffers, ec);
           ^
/Users/saga/Documents/cpp_projects/horiba-cpp-sdk/build/_deps/boostbeast-src/include/boost/beast/websocket/impl/write.hpp:858:36: note: in instantiation of function template specialization 'boost::beast::websocket::stream<boost::asio::basic_stream_socket<boost::asio::ip::tcp>>::write<boost::asio::mutable_buffers_1>' requested here
    auto const bytes_transferred = write(buffers, ec);
                                   ^
/Users/saga/Documents/cpp_projects/horiba-cpp-sdk/src/communication/websocket_communicator.cpp:52:19: note: in instantiation of function template specialization 'boost::beast::websocket::stream<boost::asio::basic_stream_socket<boost::asio::ip::tcp>>::write<boost::asio::mutable_buffers_1>' requested here
  this->websocket.write(boost::asio::buffer(json_command));
                  ^
In file included from /Users/saga/Documents/cpp_projects/horiba-cpp-sdk/src/communication/websocket_communicator.cpp:1:
In file included from /Users/saga/Documents/cpp_projects/horiba-cpp-sdk/include/horiba_cpp_sdk/communication/websocket_communicator.h:6:
In file included from /Users/saga/Documents/cpp_projects/horiba-cpp-sdk/build/_deps/boostbeast-src/include/boost/beast/core.hpp:25:
/Users/saga/Documents/cpp_projects/horiba-cpp-sdk/build/_deps/boostbeast-src/include/boost/beast/core/buffers_suffix.hpp:67:17: warning: implicit conversion changes signedness: 'std::size_t' (aka 'unsigned long') to 'typename iterator_traits<const mutable_buffer *>::difference_type' (aka 'long') [-Wsign-conversion]
                dist))
                ^~~~
/Users/saga/Documents/cpp_projects/horiba-cpp-sdk/build/_deps/boostbeast-src/include/boost/beast/core/impl/buffers_suffix.hpp:133:7: note: in instantiation of function template specialization 'boost::beast::buffers_suffix<boost::asio::mutable_buffers_1>::buffers_suffix<const boost::beast::buffers_suffix<boost::asio::mutable_buffers_1> &>' requested here
    : buffers_suffix(other,
      ^
/Users/saga/Documents/cpp_projects/horiba-cpp-sdk/build/_deps/boostbeast-src/include/boost/beast/core/impl/buffers_prefix.hpp:214:7: note: in instantiation of member function 'boost::beast::buffers_suffix<boost::asio::mutable_buffers_1>::buffers_suffix' requested here
    : bs_(bs)
      ^
/Users/saga/Documents/cpp_projects/horiba-cpp-sdk/build/_deps/boostbeast-src/include/boost/beast/core/buffers_prefix.hpp:172:12: note: in instantiation of member function 'boost::beast::buffers_prefix_view<boost::beast::buffers_suffix<boost::asio::mutable_buffers_1>>::buffers_prefix_view' requested here
    return buffers_prefix_view<BufferSequence>(size, buffers);
           ^
/Users/saga/Documents/cpp_projects/horiba-cpp-sdk/build/_deps/boostbeast-src/include/boost/beast/websocket/impl/write.hpp:728:32: note: in instantiation of function template specialization 'boost::beast::buffers_prefix<boost::beast::buffers_suffix<boost::asio::mutable_buffers_1>>' requested here
                        beast::buffers_prefix(n, cb)), ec);
                               ^
/Users/saga/Documents/cpp_projects/horiba-cpp-sdk/build/_deps/boostbeast-src/include/boost/beast/websocket/impl/write.hpp:875:12: note: in instantiation of function template specialization 'boost::beast::websocket::stream<boost::asio::basic_stream_socket<boost::asio::ip::tcp>>::write_some<boost::asio::mutable_buffers_1>' requested here
    return write_some(true, buffers, ec);
           ^
/Users/saga/Documents/cpp_projects/horiba-cpp-sdk/build/_deps/boostbeast-src/include/boost/beast/websocket/impl/write.hpp:858:36: note: in instantiation of function template specialization 'boost::beast::websocket::stream<boost::asio::basic_stream_socket<boost::asio::ip::tcp>>::write<boost::asio::mutable_buffers_1>' requested here
    auto const bytes_transferred = write(buffers, ec);
                                   ^
/Users/saga/Documents/cpp_projects/horiba-cpp-sdk/src/communication/websocket_communicator.cpp:52:19: note: in instantiation of function template specialization 'boost::beast::websocket::stream<boost::asio::basic_stream_socket<boost::asio::ip::tcp>>::write<boost::asio::mutable_buffers_1>' requested here
  this->websocket.write(boost::asio::buffer(json_command));
                  ^
In file included from /Users/saga/Documents/cpp_projects/horiba-cpp-sdk/src/communication/websocket_communicator.cpp:1:
In file included from /Users/saga/Documents/cpp_projects/horiba-cpp-sdk/include/horiba_cpp_sdk/communication/websocket_communicator.h:6:
In file included from /Users/saga/Documents/cpp_projects/horiba-cpp-sdk/build/_deps/boostbeast-src/include/boost/beast/core.hpp:16:
In file included from /Users/saga/Documents/cpp_projects/horiba-cpp-sdk/build/_deps/boostbeast-src/include/boost/beast/core/basic_stream.hpp:1566:
In file included from /Users/saga/Documents/cpp_projects/horiba-cpp-sdk/build/_deps/boostbeast-src/include/boost/beast/core/impl/basic_stream.hpp:15:
In file included from /Users/saga/Documents/cpp_projects/horiba-cpp-sdk/build/_deps/boostbeast-src/include/boost/beast/core/buffers_prefix.hpp:199:
/Users/saga/Documents/cpp_projects/horiba-cpp-sdk/build/_deps/boostbeast-src/include/boost/beast/core/impl/buffers_prefix.hpp:185:9: warning: implicit conversion changes signedness: 'typename iterator_traits<const_iterator>::difference_type' (aka 'long') to 'std::size_t' (aka 'unsigned long') [-Wsign-conversion]
        std::distance<iter_type>(
        ^~~~~~~~~~~~~~~~~~~~~~~~~
/Users/saga/Documents/cpp_projects/horiba-cpp-sdk/build/_deps/boostbeast-src/include/boost/beast/core/detail/tuple.hpp:30:11: note: in instantiation of member function 'boost::beast::buffers_prefix_view<boost::beast::buffers_suffix<boost::asio::mutable_buffers_1>>::buffers_prefix_view' requested here
        : t(t_)
          ^
/Users/saga/Documents/cpp_projects/horiba-cpp-sdk/build/_deps/boostbeast-src/include/boost/beast/core/detail/tuple.hpp:61:11: note: in instantiation of member function 'boost::beast::detail::tuple_element_impl<1, boost::beast::buffers_prefix_view<boost::beast::buffers_suffix<boost::asio::mutable_buffers_1>>>::tuple_element_impl' requested here
        : tuple_element_impl<Is, Ts>(
          ^
/Users/saga/Documents/cpp_projects/horiba-cpp-sdk/build/_deps/boostbeast-src/include/boost/beast/core/detail/tuple.hpp:73:9: note: in instantiation of function template specialization 'boost::beast::detail::tuple_impl<boost::mp11::integer_sequence<unsigned long, 0, 1>, boost::asio::mutable_buffer, boost::beast::buffers_prefix_view<boost::beast::buffers_suffix<boost::asio::mutable_buffers_1>>>::tuple_impl<const boost::asio::mutable_buffer &, const boost::beast::buffers_prefix_view<boost::beast::buffers_suffix<boost::asio::mutable_buffers_1>> &>' requested here
      : tuple_impl<
        ^
/Users/saga/Documents/cpp_projects/horiba-cpp-sdk/build/_deps/boostbeast-src/include/boost/beast/core/impl/buffers_cat.hpp:434:7: note: in instantiation of function template specialization 'boost::beast::detail::tuple<boost::asio::mutable_buffer, boost::beast::buffers_prefix_view<boost::beast::buffers_suffix<boost::asio::mutable_buffers_1>>>::tuple<const boost::asio::mutable_buffer &, const boost::beast::buffers_prefix_view<boost::beast::buffers_suffix<boost::asio::mutable_buffers_1>> &>' requested here
    : bn_(bn...)
      ^
/Users/saga/Documents/cpp_projects/horiba-cpp-sdk/build/_deps/boostbeast-src/include/boost/beast/core/buffers_cat.hpp:97:12: note: in instantiation of member function 'boost::beast::buffers_cat_view<boost::asio::mutable_buffer, boost::beast::buffers_prefix_view<boost::beast::buffers_suffix<boost::asio::mutable_buffers_1>>>::buffers_cat_view' requested here
    return buffers_cat_view<B1, Bn...>{b1, bn...};
           ^
/Users/saga/Documents/cpp_projects/horiba-cpp-sdk/build/_deps/boostbeast-src/include/boost/beast/websocket/impl/write.hpp:727:28: note: in instantiation of function template specialization 'boost::beast::buffers_cat<boost::asio::mutable_buffer, boost::beast::buffers_prefix_view<boost::beast::buffers_suffix<boost::asio::mutable_buffers_1>>>' requested here
                    beast::buffers_cat(fh_buf.data(),
                           ^
/Users/saga/Documents/cpp_projects/horiba-cpp-sdk/build/_deps/boostbeast-src/include/boost/beast/websocket/impl/write.hpp:875:12: note: in instantiation of function template specialization 'boost::beast::websocket::stream<boost::asio::basic_stream_socket<boost::asio::ip::tcp>>::write_some<boost::asio::mutable_buffers_1>' requested here
    return write_some(true, buffers, ec);
           ^
/Users/saga/Documents/cpp_projects/horiba-cpp-sdk/build/_deps/boostbeast-src/include/boost/beast/websocket/impl/write.hpp:858:36: note: in instantiation of function template specialization 'boost::beast::websocket::stream<boost::asio::basic_stream_socket<boost::asio::ip::tcp>>::write<boost::asio::mutable_buffers_1>' requested here
    auto const bytes_transferred = write(buffers, ec);
                                   ^
/Users/saga/Documents/cpp_projects/horiba-cpp-sdk/src/communication/websocket_communicator.cpp:52:19: note: in instantiation of function template specialization 'boost::beast::websocket::stream<boost::asio::basic_stream_socket<boost::asio::ip::tcp>>::write<boost::asio::mutable_buffers_1>' requested here
  this->websocket.write(boost::asio::buffer(json_command));
                  ^
In file included from /Users/saga/Documents/cpp_projects/horiba-cpp-sdk/src/communication/websocket_communicator.cpp:1:
In file included from /Users/saga/Documents/cpp_projects/horiba-cpp-sdk/include/horiba_cpp_sdk/communication/websocket_communicator.h:6:
In file included from /Users/saga/Documents/cpp_projects/horiba-cpp-sdk/build/_deps/boostbeast-src/include/boost/beast/core.hpp:16:
In file included from /Users/saga/Documents/cpp_projects/horiba-cpp-sdk/build/_deps/boostbeast-src/include/boost/beast/core/basic_stream.hpp:1566:
In file included from /Users/saga/Documents/cpp_projects/horiba-cpp-sdk/build/_deps/boostbeast-src/include/boost/beast/core/impl/basic_stream.hpp:15:
In file included from /Users/saga/Documents/cpp_projects/horiba-cpp-sdk/build/_deps/boostbeast-src/include/boost/beast/core/buffers_prefix.hpp:199:
/Users/saga/Documents/cpp_projects/horiba-cpp-sdk/build/_deps/boostbeast-src/include/boost/beast/core/impl/buffers_prefix.hpp:177:35: warning: implicit conversion changes signedness: 'std::size_t' (aka 'unsigned long') to 'typename iterator_traits<const_iterator>::difference_type' (aka 'long') [-Wsign-conversion]
    , end_(std::next(bs_.begin(), dist))
           ~~~                    ^~~~
/Users/saga/Documents/cpp_projects/horiba-cpp-sdk/build/_deps/boostbeast-src/include/boost/beast/core/impl/buffers_prefix.hpp:184:7: note: in instantiation of member function 'boost::beast::buffers_prefix_view<boost::beast::buffers_suffix<boost::asio::mutable_buffers_1>>::buffers_prefix_view' requested here
    : buffers_prefix_view(other,
      ^
/Users/saga/Documents/cpp_projects/horiba-cpp-sdk/build/_deps/boostbeast-src/include/boost/beast/core/detail/tuple.hpp:30:11: note: in instantiation of member function 'boost::beast::buffers_prefix_view<boost::beast::buffers_suffix<boost::asio::mutable_buffers_1>>::buffers_prefix_view' requested here
        : t(t_)
          ^
/Users/saga/Documents/cpp_projects/horiba-cpp-sdk/build/_deps/boostbeast-src/include/boost/beast/core/detail/tuple.hpp:61:11: note: in instantiation of member function 'boost::beast::detail::tuple_element_impl<1, boost::beast::buffers_prefix_view<boost::beast::buffers_suffix<boost::asio::mutable_buffers_1>>>::tuple_element_impl' requested here
        : tuple_element_impl<Is, Ts>(
          ^
/Users/saga/Documents/cpp_projects/horiba-cpp-sdk/build/_deps/boostbeast-src/include/boost/beast/core/detail/tuple.hpp:73:9: note: in instantiation of function template specialization 'boost::beast::detail::tuple_impl<boost::mp11::integer_sequence<unsigned long, 0, 1>, boost::asio::mutable_buffer, boost::beast::buffers_prefix_view<boost::beast::buffers_suffix<boost::asio::mutable_buffers_1>>>::tuple_impl<const boost::asio::mutable_buffer &, const boost::beast::buffers_prefix_view<boost::beast::buffers_suffix<boost::asio::mutable_buffers_1>> &>' requested here
      : tuple_impl<
        ^
/Users/saga/Documents/cpp_projects/horiba-cpp-sdk/build/_deps/boostbeast-src/include/boost/beast/core/impl/buffers_cat.hpp:434:7: note: in instantiation of function template specialization 'boost::beast::detail::tuple<boost::asio::mutable_buffer, boost::beast::buffers_prefix_view<boost::beast::buffers_suffix<boost::asio::mutable_buffers_1>>>::tuple<const boost::asio::mutable_buffer &, const boost::beast::buffers_prefix_view<boost::beast::buffers_suffix<boost::asio::mutable_buffers_1>> &>' requested here
    : bn_(bn...)
      ^
/Users/saga/Documents/cpp_projects/horiba-cpp-sdk/build/_deps/boostbeast-src/include/boost/beast/core/buffers_cat.hpp:97:12: note: in instantiation of member function 'boost::beast::buffers_cat_view<boost::asio::mutable_buffer, boost::beast::buffers_prefix_view<boost::beast::buffers_suffix<boost::asio::mutable_buffers_1>>>::buffers_cat_view' requested here
    return buffers_cat_view<B1, Bn...>{b1, bn...};
           ^
/Users/saga/Documents/cpp_projects/horiba-cpp-sdk/build/_deps/boostbeast-src/include/boost/beast/websocket/impl/write.hpp:727:28: note: in instantiation of function template specialization 'boost::beast::buffers_cat<boost::asio::mutable_buffer, boost::beast::buffers_prefix_view<boost::beast::buffers_suffix<boost::asio::mutable_buffers_1>>>' requested here
                    beast::buffers_cat(fh_buf.data(),
                           ^
/Users/saga/Documents/cpp_projects/horiba-cpp-sdk/build/_deps/boostbeast-src/include/boost/beast/websocket/impl/write.hpp:875:12: note: in instantiation of function template specialization 'boost::beast::websocket::stream<boost::asio::basic_stream_socket<boost::asio::ip::tcp>>::write_some<boost::asio::mutable_buffers_1>' requested here
    return write_some(true, buffers, ec);
           ^
/Users/saga/Documents/cpp_projects/horiba-cpp-sdk/build/_deps/boostbeast-src/include/boost/beast/websocket/impl/write.hpp:858:36: note: in instantiation of function template specialization 'boost::beast::websocket::stream<boost::asio::basic_stream_socket<boost::asio::ip::tcp>>::write<boost::asio::mutable_buffers_1>' requested here
    auto const bytes_transferred = write(buffers, ec);
                                   ^
/Users/saga/Documents/cpp_projects/horiba-cpp-sdk/src/communication/websocket_communicator.cpp:52:19: note: in instantiation of function template specialization 'boost::beast::websocket::stream<boost::asio::basic_stream_socket<boost::asio::ip::tcp>>::write<boost::asio::mutable_buffers_1>' requested here
  this->websocket.write(boost::asio::buffer(json_command));
                  ^
325 warnings generated.
[2/2] Linking CXX static library src/libhoriba_cpp_sdk.a
